207.223.244.122 - - [10/Oct/2003:21:37:52 -0400] "GET /robert/uno/1400/ HTTP/1.1" 200 7708 "-" "Mozilla/4.0 (compatible; MSIE 6.0; Windows NT 5.1; MSN 6.1; MSNbMSFT; MSNmen-us; MSNc21; v5m)"
207.223.244.122 - - [10/Oct/2003:21:37:54 -0400] "GET /robert/uno/style.css HTTP/1.1" 304 - "http://www.morpo.com/robert/uno/1400/" "Mozilla/4.0 (compatible; MSIE 6.0; Windows NT 5.1; MSN 6.1; MSNbMSFT; MSNmen-us; MSNc21; v5m)"
207.223.244.122 - - [10/Oct/2003:21:38:30 -0400] "GET /robert/uno/grades/03031400001.htm HTTP/1.1" 304 - "http://www.morpo.com/robert/uno/1400/" "Mozilla/4.0 (compatible; MSIE 6.0; Windows NT 5.1; MSN 6.1; MSNbMSFT; MSNmen-us; MSNc21; v5m)"
68.45.137.22 - - [10/Oct/2003:21:38:57 -0400] "GET /archives/tmrv2i1.txt HTTP/1.1" 200 94696 "http://web.ask.com/redir?bpg=http%3a%2f%2fweb.ask.com%2fweb%3fq%3dwhy%2bdoes%2ba%2bslinky%2bbehave%2bin%2bdifferent%2bway%2bthan%2ba%2btennis%2bball%253f%26o%3d0%26page%3d1&q=why+does+a+slinky+behave+in+different+way+than+a+tennis+ball%3f&u=http%3a%2f%2ftm.wc.ask.com%2fr%3ft%3dan%26s%3da%26uid%3d073717E2F90C578F3%26sid%3d135377E2F90C578F3%26qid%3dE8807A116C956A45A86CCB3396807FAE%26io%3d4%26sv%3dza5cb0dc0%26ask%3dwhy%2bdoes%2ba%2bslinky%2bbehave%2bin%2bdifferent%2bway%2bthan%2ba%2btennis%2bball%253f%26uip%3d442d8916%26en%3dte%26eo%3d-100%26pt%3dIssue%2b1%26ac%3d21%26qs%3d0%26pg%3d1%26u%3dhttp%3a%2f%2fwww.morpo.com%2farchives%2ftmrv2i1.txt&s=a&bu=http%3a%2f%2fwww.morpo.com%2farchives%2ftmrv2i1.txt" "Mozilla/5.0 (Windows; U; Win 9x 4.90; en-US; rv:1.4) Gecko/20030624 Netscape/7.1 (ax)"
216.39.48.65 - - [10/Oct/2003:21:51:42 -0400] "GET /robots.txt HTTP/1.0" 200 97 "-" "Scooter/3.3"
216.39.48.65 - - [10/Oct/2003:21:51:42 -0400] "GET /readersguide/mi.html HTTP/1.0" 404 10208 "-" "Scooter/3.3"
68.13.168.251 - - [10/Oct/2003:21:52:22 -0400] "GET /wedding HTTP/1.1" 301 315 "-" "Mozilla/4.0 (compatible; MSIE 6.0; Windows NT 5.1)"
68.13.168.251 - - [10/Oct/2003:21:52:22 -0400] "GET /wedding/ HTTP/1.1" 200 2342 "-" "Mozilla/4.0 (compatible; MSIE 6.0; Windows NT 5.1)"
68.13.168.251 - - [10/Oct/2003:21:52:22 -0400] "GET /robert/uno/style.css HTTP/1.1" 200 5266 "http://www.morpo.com/wedding/" "Mozilla/4.0 (compatible; MSIE 6.0; Windows NT 5.1)"
68.13.168.251 - - [10/Oct/2003:21:52:29 -0400] "GET /wedding/login.php HTTP/1.1" 200 2341 "http://www.morpo.com/wedding/" "Mozilla/4.0 (compatible; MSIE 6.0; Windows NT 5.1)"
68.13.168.251 - - [10/Oct/2003:21:52:41 -0400] "POST /wedding/verify.php HTTP/1.1" 200 1539 "http://www.morpo.com/wedding/login.php" "Mozilla/4.0 (compatible; MSIE 6.0; Windows NT 5.1)"
68.13.168.251 - - [10/Oct/2003:21:52:45 -0400] "GET /wedding/login.php HTTP/1.1" 200 2341 "http://www.morpo.com/wedding/verify.php" "Mozilla/4.0 (compatible; MSIE 6.0; Windows NT 5.1)"
68.13.168.251 - - [10/Oct/2003:21:52:55 -0400] "POST /wedding/verify.php HTTP/1.1" 200 1539 "http://www.morpo.com/wedding/login.php" "Mozilla/4.0 (compatible; MSIE 6.0; Windows NT 5.1)"
68.13.168.251 - - [10/Oct/2003:21:52:58 -0400] "GET /wedding/login.php HTTP/1.1" 200 2341 "http://www.morpo.com/wedding/verify.php" "Mozilla/4.0 (compatible; MSIE 6.0; Windows NT 5.1)"
68.13.168.251 - - [10/Oct/2003:21:53:12 -0400] "POST /wedding/verify.php HTTP/1.1" 200 1539 "http://www.morpo.com/wedding/login.php" "Mozilla/4.0 (compatible; MSIE 6.0; Windows NT 5.1)"
68.13.168.251 - - [10/Oct/2003:21:53:15 -0400] "GET /wedding/login.php HTTP/1.1" 200 2341 "http://www.morpo.com/wedding/verify.php" "Mozilla/4.0 (compatible; MSIE 6.0; Windows NT 5.1)"
68.13.168.251 - - [10/Oct/2003:21:53:23 -0400] "POST /wedding/verify.php HTTP/1.1" 200 2563 "http://www.morpo.com/wedding/login.php" "Mozilla/4.0 (compatible; MSIE 6.0; Windows NT 5.1)"
68.13.168.251 - - [10/Oct/2003:21:53:32 -0400] "GET /wedding/index.php HTTP/1.1" 200 2342 "http://www.morpo.com/wedding/verify.php" "Mozilla/4.0 (compatible; MSIE 6.0; Windows NT 5.1)"
68.13.168.251 - - [10/Oct/2003:21:53:37 -0400] "GET /wedding/login.php HTTP/1.1" 200 2341 "http://www.morpo.com/wedding/index.php" "Mozilla/4.0 (compatible; MSIE 6.0; Windows NT 5.1)"
68.13.168.251 - - [10/Oct/2003:21:53:39 -0400] "GET /wedding/new.php HTTP/1.1" 200 2786 "http://www.morpo.com/wedding/login.php" "Mozilla/4.0 (compatible; MSIE 6.0; Windows NT 5.1)"
68.13.168.251 - - [10/Oct/2003:21:53:59 -0400] "POST /wedding/addem.php HTTP/1.1" 200 1551 "http://www.morpo.com/wedding/new.php" "Mozilla/4.0 (compatible; MSIE 6.0; Windows NT 5.1)"
68.13.168.251 - - [10/Oct/2003:21:54:02 -0400] "GET /wedding/login.php HTTP/1.1" 200 2341 "http://www.morpo.com/wedding/addem.php" "Mozilla/4.0 (compatible; MSIE 6.0; Windows NT 5.1)"
68.13.168.251 - - [10/Oct/2003:21:54:21 -0400] "POST /wedding/verify.php HTTP/1.1" 200 1747 "http://www.morpo.com/wedding/login.php" "Mozilla/4.0 (compatible; MSIE 6.0; Windows NT 5.1)"
68.13.168.251 - - [10/Oct/2003:21:54:25 -0400] "GET /wedding/listing.php HTTP/1.1" 200 33428 "http://www.morpo.com/wedding/verify.php" "Mozilla/4.0 (compatible; MSIE 6.0; Windows NT 5.1)"
68.13.168.251 - - [10/Oct/2003:21:54:51 -0400] "GET /wedding/help.php?id=33 HTTP/1.1" 200 3221 "http://www.morpo.com/wedding/listing.php" "Mozilla/4.0 (compatible; MSIE 6.0; Windows NT 5.1)"
68.13.168.251 - - [10/Oct/2003:21:55:02 -0400] "POST /wedding/reserve.php HTTP/1.1" 200 2654 "http://www.morpo.com/wedding/help.php?id=33" "Mozilla/4.0 (compatible; MSIE 6.0; Windows NT 5.1)"
68.13.168.251 - - [10/Oct/2003:21:55:08 -0400] "GET /wedding/listing.php HTTP/1.1" 200 33380 "http://www.morpo.com/wedding/reserve.php" "Mozilla/4.0 (compatible; MSIE 6.0; Windows NT 5.1)"
68.13.168.251 - - [10/Oct/2003:21:56:31 -0400] "GET /wedding/logout.php HTTP/1.1" 302 5 "http://www.morpo.com/wedding/listing.php" "Mozilla/4.0 (compatible; MSIE 6.0; Windows NT 5.1)"
68.13.168.251 - - [10/Oct/2003:21:56:31 -0400] "GET /wedding/index.php HTTP/1.1" 200 2342 "http://www.morpo.com/wedding/listing.php" "Mozilla/4.0 (compatible; MSIE 6.0; Windows NT 5.1)"
68.13.155.227 - - [10/Oct/2003:21:59:46 -0400] "GET /robert/ HTTP/1.1" 200 440 "-" "Mozilla/4.0 (compatible; MSIE 6.0; Windows NT 5.1; .NET CLR 1.0.3705; .NET CLR 1.1.4322)"
68.13.155.227 - - [10/Oct/2003:21:59:46 -0400] "GET /robert/topnavbar.php HTTP/1.1" 200 1097 "http://morpo.com/robert/" "Mozilla/4.0 (compatible; MSIE 6.0; Windows NT 5.1; .NET CLR 1.0.3705; .NET CLR 1.1.4322)"
68.13.155.227 - - [10/Oct/2003:21:59:46 -0400] "GET /robert/splashpage.htm HTTP/1.1" 304 - "http://morpo.com/robert/" "Mozilla/4.0 (compatible; MSIE 6.0; Windows NT 5.1; .NET CLR 1.0.3705; .NET CLR 1.1.4322)"
68.13.155.227 - - [10/Oct/2003:21:59:46 -0400] "GET /robert/images/sun2.jpg HTTP/1.1" 304 - "http://morpo.com/robert/splashpage.htm" "Mozilla/4.0 (compatible; MSIE 6.0; Windows NT 5.1; .NET CLR 1.0.3705; .NET CLR 1.1.4322)"
68.13.155.227 - - [10/Oct/2003:21:59:46 -0400] "GET /robert/images/bobself.jpg HTTP/1.1" 304 - "http://morpo.com/robert/splashpage.htm" "Mozilla/4.0 (compatible; MSIE 6.0; Windows NT 5.1; .NET CLR 1.0.3705; .NET CLR 1.1.4322)"
68.211.48.128 - - [10/Oct/2003:22:00:17 -0400] "GET /movies/?id=665&au=4 HTTP/1.1" 200 644 "http://www.imdb.com/title/tt0309530/externalreviews" "Mozilla/4.0 (compatible; MSIE 6.0; Windows NT 5.1)"
68.211.48.128 - - [10/Oct/2003:22:00:17 -0400] "GET /movies/toc.php HTTP/1.1" 200 3707 "http://morpo.com/movies/?id=665&au=4" "Mozilla/4.0 (compatible; MSIE 6.0; Windows NT 5.1)"
68.211.48.128 - - [10/Oct/2003:22:00:17 -0400] "GET /movies/images/zzz.jpg HTTP/1.1" 200 7523 "http://morpo.com/movies/toc.php" "Mozilla/4.0 (compatible; MSIE 6.0; Windows NT 5.1)"
68.211.48.128 - - [10/Oct/2003:22:00:17 -0400] "GET /movies/review.php?id=665&au=4 HTTP/1.1" 200 5342 "http://morpo.com/movies/?id=665&au=4" "Mozilla/4.0 (compatible; MSIE 6.0; Windows NT 5.1)"
68.211.48.128 - - [10/Oct/2003:22:00:17 -0400] "GET /movies/images/bannerlogo.jpg HTTP/1.1" 200 3524 "http://morpo.com/movies/toc.php" "Mozilla/4.0 (compatible; MSIE 6.0; Windows NT 5.1)"
68.211.48.128 - - [10/Oct/2003:22:00:17 -0400] "GET /movies/amazon.php HTTP/1.1" 200 660 "http://morpo.com/movies/toc.php" "Mozilla/4.0 (compatible; MSIE 6.0; Windows NT 5.1)"
68.211.48.128 - - [10/Oct/2003:22:00:18 -0400] "GET /movies/images/order_now.gif HTTP/1.1" 200 1612 "http://morpo.com/movies/review.php?id=665&au=4" "Mozilla/4.0 (compatible; MSIE 6.0; Windows NT 5.1)"
66.196.65.34 - - [10/Oct/2003:22:14:16 -0400] "GET /robots.txt HTTP/1.0" 200 97 "-" "Mozilla/5.0 (Slurp/si; slurp@inktomi.com; http://www.inktomi.com/slurp.html)"
66.196.90.35 - - [10/Oct/2003:22:14:16 -0400] "GET /guide.php?f=R&b=T HTTP/1.0" 200 19885 "-" "Mozilla/5.0 (Slurp/cat; slurp@inktomi.com; http://www.inktomi.com/slurp.html)"
212.11.49.251 - - [10/Oct/2003:22:16:57 -0400] "GET / HTTP/1.0" 200 6129 "-" "ADB_Web/1.1"
68.13.105.54 - - [10/Oct/2003:22:28:43 -0400] "GET /robert/ HTTP/1.1" 304 - "-" "Mozilla/4.0 (compatible; MSIE 6.0; Windows NT 5.1)"
68.13.105.54 - - [10/Oct/2003:22:28:43 -0400] "GET /robert/topnavbar.php HTTP/1.1" 200 1097 "http://www.morpo.com/robert/" "Mozilla/4.0 (compatible; MSIE 6.0; Windows NT 5.1)"
68.13.105.54 - - [10/Oct/2003:22:28:43 -0400] "GET /robert/splashpage.htm HTTP/1.1" 304 - "http://www.morpo.com/robert/" "Mozilla/4.0 (compatible; MSIE 6.0; Windows NT 5.1)"
68.13.105.54 - - [10/Oct/2003:22:28:45 -0400] "GET /robert/uno/ HTTP/1.1" 200 474 "http://www.morpo.com/robert/topnavbar.php" "Mozilla/4.0 (compatible; MSIE 6.0; Windows NT 5.1)"
68.13.105.54 - - [10/Oct/2003:22:28:45 -0400] "GET /robert/uno/unosplash.htm HTTP/1.1" 304 - "http://www.morpo.com/robert/uno/" "Mozilla/4.0 (compatible; MSIE 6.0; Windows NT 5.1)"
68.13.105.54 - - [10/Oct/2003:22:28:46 -0400] "GET /robert/uno/unonavbar.htm HTTP/1.1" 304 - "http://www.morpo.com/robert/uno/" "Mozilla/4.0 (compatible; MSIE 6.0; Windows NT 5.1)"
68.13.105.54 - - [10/Oct/2003:22:28:47 -0400] "GET /robert/uno/1400/ HTTP/1.1" 200 7708 "http://www.morpo.com/robert/uno/unonavbar.htm" "Mozilla/4.0 (compatible; MSIE 6.0; Windows NT 5.1)"
68.13.105.54 - - [10/Oct/2003:22:28:47 -0400] "GET /robert/uno/style.css HTTP/1.1" 304 - "http://www.morpo.com/robert/uno/1400/" "Mozilla/4.0 (compatible; MSIE 6.0; Windows NT 5.1)"
67.31.157.139 - - [10/Oct/2003:22:28:52 -0400] "GET /robert/uno/1400/ HTTP/1.1" 200 7708 "-" "Mozilla/4.0 (compatible; MSIE 6.0; Windows NT 5.1; .NET CLR 1.0.3705)"
68.13.105.54 - - [10/Oct/2003:22:28:53 -0400] "GET /robert/uno/grades/03031400001.htm HTTP/1.1" 200 489865 "http://www.morpo.com/robert/uno/1400/" "Mozilla/4.0 (compatible; MSIE 6.0; Windows NT 5.1)"
67.31.157.139 - - [10/Oct/2003:22:30:11 -0400] "GET /robert/uno/grades/03031400001.htm HTTP/1.1" 206 244932 "http://www.morpo.com/robert/uno/1400/" "-"
67.31.157.139 - - [10/Oct/2003:22:30:12 -0400] "GET /robert/uno/grades/03031400001.htm HTTP/1.1" 200 266824 "http://www.morpo.com/robert/uno/1400/" "Mozilla/4.0 (compatible; MSIE 6.0; Windows NT 5.1; .NET CLR 1.0.3705)"
67.31.157.139 - - [10/Oct/2003:22:30:12 -0400] "GET /robert/uno/grades/03031400001.htm HTTP/1.1" 206 8792 "http://www.morpo.com/robert/uno/1400/" "-"
67.31.157.139 - - [10/Oct/2003:22:30:12 -0400] "GET /robert/uno/grades/03031400001.htm HTTP/1.1" 206 4396 "http://www.morpo.com/robert/uno/1400/" "-"
67.31.157.139 - - [10/Oct/2003:22:30:13 -0400] "GET /robert/uno/grades/03031400001.htm HTTP/1.1" 206 943 "http://www.morpo.com/robert/uno/1400/" "-"
67.31.157.139 - - [10/Oct/2003:22:30:13 -0400] "GET /robert/uno/grades/03031400001.htm HTTP/1.1" 206 471 "http://www.morpo.com/robert/uno/1400/" "-"
67.31.157.139 - - [10/Oct/2003:22:30:13 -0400] "GET /robert/uno/grades/03031400001.htm HTTP/1.1" 206 235 "http://www.morpo.com/robert/uno/1400/" "-"
67.31.157.139 - - [10/Oct/2003:22:30:13 -0400] "GET /robert/uno/grades/03031400001.htm HTTP/1.1" 206 117 "http://www.morpo.com/robert/uno/1400/" "-"
67.31.157.139 - - [10/Oct/2003:22:30:14 -0400] "GET /robert/uno/grades/03031400001.htm HTTP/1.1" 206 58 "http://www.morpo.com/robert/uno/1400/" "-"
67.31.157.139 - - [10/Oct/2003:22:30:14 -0400] "GET /robert/uno/grades/03031400001.htm HTTP/1.1" 206 29 "http://www.morpo.com/robert/uno/1400/" "-"
67.31.157.139 - - [10/Oct/2003:22:30:14 -0400] "GET /robert/uno/grades/03031400001.htm HTTP/1.1" 206 14 "http://www.morpo.com/robert/uno/1400/" "-"
67.31.157.139 - - [10/Oct/2003:22:30:15 -0400] "GET /robert/uno/grades/03031400001.htm HTTP/1.1" 206 7 "http://www.morpo.com/robert/uno/1400/" "-"
67.31.157.139 - - [10/Oct/2003:22:30:15 -0400] "GET /robert/uno/grades/03031400001.htm HTTP/1.1" 206 3 "http://www.morpo.com/robert/uno/1400/" "-"
67.31.157.139 - - [10/Oct/2003:22:30:15 -0400] "GET /robert/uno/grades/03031400001.htm HTTP/1.1" 206 1 "http://www.morpo.com/robert/uno/1400/" "-"
12.64.134.73 - - [10/Oct/2003:22:43:32 -0400] "GET /favicon.ico HTTP/1.1" 404 10236 "-" "Mozilla/5.0 (Windows; U; Win98; en-US; rv:1.0.2) Gecko/20030208 Netscape/7.02"
12.64.134.73 - - [10/Oct/2003:22:43:33 -0400] "GET /guide.php?f=K&b=O HTTP/1.1" 200 25509 "-" "Mozilla/5.0 (Windows; U; Win98; en-US; rv:1.0.2) Gecko/20030208 Netscape/7.02"
12.64.134.73 - - [10/Oct/2003:22:43:33 -0400] "GET /common/styles.css HTTP/1.1" 200 1450 "http://morpo.com/guide.php?f=K&b=O" "Mozilla/5.0 (Windows; U; Win98; en-US; rv:1.0.2) Gecko/20030208 Netscape/7.02"
12.64.134.73 - - [10/Oct/2003:22:43:34 -0400] "GET /images/m4.jpg HTTP/1.1" 200 8853 "http://morpo.com/guide.php?f=K&b=O" "Mozilla/5.0 (Windows; U; Win98; en-US; rv:1.0.2) Gecko/20030208 Netscape/7.02"
65.214.36.50 - - [10/Oct/2003:22:51:01 -0400] "GET /robots.txt HTTP/1.0" 200 97 "-" "Mozilla/2.0 (compatible; Ask Jeeves/Teoma)"
65.214.36.50 - - [10/Oct/2003:22:51:53 -0400] "GET /readersguide/mi.html HTTP/1.0" 404 10208 "-" "Mozilla/2.0 (compatible; Ask Jeeves/Teoma)"
65.214.36.50 - - [10/Oct/2003:22:54:48 -0400] "GET /robots.txt HTTP/1.0" 200 97 "-" "Mozilla/2.0 (compatible; Ask Jeeves/Teoma)"
65.214.36.50 - - [10/Oct/2003:22:55:35 -0400] "GET /nebraska/search.htm HTTP/1.0" 200 25952 "-" "Mozilla/2.0 (compatible; Ask Jeeves/Teoma)"
65.214.36.50 - - [10/Oct/2003:22:59:29 -0400] "GET /nebraska/guestbook.htm HTTP/1.0" 200 3598 "-" "Mozilla/2.0 (compatible; Ask Jeeves/Teoma)"
65.214.36.50 - - [10/Oct/2003:23:00:49 -0400] "GET /nebraska/nebregister.htm HTTP/1.0" 200 3821 "-" "Mozilla/2.0 (compatible; Ask Jeeves/Teoma)"
65.214.36.50 - - [10/Oct/2003:23:02:19 -0400] "GET /nebraska/news/nebnews.htm HTTP/1.0" 200 4311 "-" "Mozilla/2.0 (compatible; Ask Jeeves/Teoma)"
65.214.36.50 - - [10/Oct/2003:23:03:47 -0400] "GET /nebraska/other/nebcities.htm HTTP/1.0" 200 16648 "-" "Mozilla/2.0 (compatible; Ask Jeeves/Teoma)"
152.163.252.226 - - [10/Oct/2003:23:05:44 -0400] "GET / HTTP/1.0" 200 6129 "http://www.literaturebuzz.com/poetry_ezines.html" "Mozilla/4.0 (compatible; MSIE 5.5; AOL 7.0; Windows 98; Win 9x 4.90; YComp 5.0.0.0)"
152.163.252.133 - - [10/Oct/2003:23:05:45 -0400] "GET /common/styles.css HTTP/1.0" 200 1450 "http://morpo.com/" "Mozilla/4.0 (compatible; MSIE 5.5; AOL 7.0; Windows 98; Win 9x 4.90; YComp 5.0.0.0)"
152.163.253.66 - - [10/Oct/2003:23:05:46 -0400] "GET /images/m4.jpg HTTP/1.0" 200 8853 "http://morpo.com/" "Mozilla/4.0 (compatible; MSIE 5.5; AOL 7.0; Windows 98; Win 9x 4.90; YComp 5.0.0.0)"
152.163.252.72 - - [10/Oct/2003:23:05:57 -0400] "GET /submit.php HTTP/1.0" 200 8430 "http://morpo.com/" "Mozilla/4.0 (compatible; MSIE 5.5; AOL 7.0; Windows 98; Win 9x 4.90; YComp 5.0.0.0)"
65.214.36.50 - - [10/Oct/2003:23:07:03 -0400] "GET /robots.txt HTTP/1.0" 200 97 "-" "Mozilla/2.0 (compatible; Ask Jeeves/Teoma)"
152.163.252.226 - - [10/Oct/2003:23:07:10 -0400] "GET / HTTP/1.1" 200 6148 "http://www.literaturebuzz.com/poetry_ezines.html" "Mozilla/4.0 (compatible; MSIE 5.5; AOL 7.0; Windows 98; Win 9x 4.90; YComp 5.0.0.0)"
65.214.36.50 - - [10/Oct/2003:23:07:50 -0400] "GET /nebraska/other/siteinfo.htm HTTP/1.0" 200 14526 "-" "Mozilla/2.0 (compatible; Ask Jeeves/Teoma)"
65.214.36.50 - - [10/Oct/2003:23:11:31 -0400] "GET /robert/personal/letterpoem.htm HTTP/1.0" 200 5097 "-" "Mozilla/2.0 (compatible; Ask Jeeves/Teoma)"
65.214.36.50 - - [10/Oct/2003:23:12:43 -0400] "GET /robert/personal/writing.htm HTTP/1.0" 200 5184 "-" "Mozilla/2.0 (compatible; Ask Jeeves/Teoma)"
65.214.36.50 - - [10/Oct/2003:23:13:57 -0400] "GET /robert/personal/friends.htm HTTP/1.0" 200 8470 "-" "Mozilla/2.0 (compatible; Ask Jeeves/Teoma)"
68.13.152.14 - - [10/Oct/2003:23:15:34 -0400] "GET /robert/uno/ HTTP/1.1" 200 474 "-" "Mozilla/4.0 (compatible; MSIE 5.01; Windows NT 5.0)"
68.13.152.14 - - [10/Oct/2003:23:15:34 -0400] "GET /robert/uno/unosplash.htm HTTP/1.1" 304 - "http://www.morpo.com/robert/uno/" "Mozilla/4.0 (compatible; MSIE 5.01; Windows NT 5.0)"
68.13.152.14 - - [10/Oct/2003:23:15:34 -0400] "GET /robert/uno/unonavbar.htm HTTP/1.1" 304 - "http://www.morpo.com/robert/uno/" "Mozilla/4.0 (compatible; MSIE 5.01; Windows NT 5.0)"
68.13.152.14 - - [10/Oct/2003:23:15:36 -0400] "GET /robert/uno/1400/ HTTP/1.1" 200 7708 "http://www.morpo.com/robert/uno/unonavbar.htm" "Mozilla/4.0 (compatible; MSIE 5.01; Windows NT 5.0)"
68.13.152.14 - - [10/Oct/2003:23:15:36 -0400] "GET /robert/uno/style.css HTTP/1.1" 304 - "http://www.morpo.com/robert/uno/1400/" "Mozilla/4.0 (compatible; MSIE 5.01; Windows NT 5.0)"
68.13.152.14 - - [10/Oct/2003:23:15:37 -0400] "GET /robert/uno/images/xml.gif HTTP/1.1" 304 - "http://www.morpo.com/robert/uno/1400/" "Mozilla/4.0 (compatible; MSIE 5.01; Windows NT 5.0)"
65.214.36.50 - - [10/Oct/2003:23:15:37 -0400] "GET /robert/personal/concerts.htm HTTP/1.0" 200 30276 "-" "Mozilla/2.0 (compatible; Ask Jeeves/Teoma)"
68.13.152.14 - - [10/Oct/2003:23:15:41 -0400] "GET /robert/uno/grades/03031400006.htm HTTP/1.1" 304 - "http://www.morpo.com/robert/uno/1400/" "Mozilla/4.0 (compatible; MSIE 5.01; Windows NT 5.0)"
65.214.36.50 - - [10/Oct/2003:23:17:54 -0400] "GET /robert/personal/default.htm HTTP/1.0" 200 573 "-" "Mozilla/2.0 (compatible; Ask Jeeves/Teoma)"
66.196.65.34 - - [10/Oct/2003:23:17:57 -0400] "GET /robots.txt HTTP/1.0" 200 97 "-" "Mozilla/5.0 (Slurp/si; slurp@inktomi.com; http://www.inktomi.com/slurp.html)"
66.196.72.25 - - [10/Oct/2003:23:18:28 -0400] "GET /v6i1/words.htm HTTP/1.0" 404 10208 "-" "Mozilla/5.0 (Slurp/cat; slurp@inktomi.com; http://www.inktomi.com/slurp.html)"
65.214.36.50 - - [10/Oct/2003:23:18:35 -0400] "GET /robert/personal/perssplash.htm HTTP/1.0" 200 557 "-" "Mozilla/2.0 (compatible; Ask Jeeves/Teoma)"
65.214.36.50 - - [10/Oct/2003:23:19:09 -0400] "GET /robert/personal/persnavbar.htm HTTP/1.0" 200 764 "-" "Mozilla/2.0 (compatible; Ask Jeeves/Teoma)"
65.214.36.50 - - [10/Oct/2003:23:21:42 -0400] "GET /robert/projects/default.htm HTTP/1.0" 200 573 "-" "Mozilla/2.0 (compatible; Ask Jeeves/Teoma)"
65.214.36.50 - - [10/Oct/2003:23:22:22 -0400] "GET /robert/projects/projsplash.htm HTTP/1.0" 200 545 "-" "Mozilla/2.0 (compatible; Ask Jeeves/Teoma)"
65.214.36.50 - - [10/Oct/2003:23:23:04 -0400] "GET /robert/projects/projnavbar.htm HTTP/1.0" 200 765 "-" "Mozilla/2.0 (compatible; Ask Jeeves/Teoma)"
12.36.199.105 - - [10/Oct/2003:23:25:13 -0400] "GET /putty.exe HTTP/1.1" 200 356352 "-" "Mozilla/4.0 (compatible; MSIE 6.0; Windows 98)"
65.214.36.50 - - [10/Oct/2003:23:25:58 -0400] "GET /nebraska/news/nebnews0498.htm HTTP/1.0" 200 6834 "-" "Mozilla/2.0 (compatible; Ask Jeeves/Teoma)"
65.214.36.50 - - [10/Oct/2003:23:27:38 -0400] "GET /nebraska/news/nebnews0497.htm HTTP/1.0" 200 6531 "-" "Mozilla/2.0 (compatible; Ask Jeeves/Teoma)"
65.214.36.50 - - [10/Oct/2003:23:29:02 -0400] "GET /nebraska/news/nebnews0697.htm HTTP/1.0" 200 6216 "-" "Mozilla/2.0 (compatible; Ask Jeeves/Teoma)"
64.252.32.229 - - [10/Oct/2003:23:29:49 -0400] "GET /robert/personal/concerts.htm HTTP/1.1" 200 30276 "http://search.yahoo.com/search?p=pairs+hilton+naked&ei=UTF-8&fr=fp-top&n=20&fl=0&x=wrt" "Mozilla/4.0 (compatible; MSIE 6.0; Windows NT 5.1; YComp 5.0.0.0)"
64.252.32.229 - - [10/Oct/2003:23:29:49 -0400] "GET /robert/images/bruce.jpg HTTP/1.1" 200 10633 "http://morpo.com/robert/personal/concerts.htm" "Mozilla/4.0 (compatible; MSIE 6.0; Windows NT 5.1; YComp 5.0.0.0)"
65.214.36.50 - - [10/Oct/2003:23:30:31 -0400] "GET /nebraska/other/nebweather.htm HTTP/1.0" 200 6405 "-" "Mozilla/2.0 (compatible; Ask Jeeves/Teoma)"
68.13.73.87 - - [10/Oct/2003:23:33:12 -0400] "GET / HTTP/1.1" 200 6154 "-" "Mozilla/4.0 (compatible; MSIE 6.0; Windows NT 5.1)"
68.13.73.87 - - [10/Oct/2003:23:33:12 -0400] "GET /common/styles.css HTTP/1.1" 200 1450 "http://www.morpo.com/" "Mozilla/4.0 (compatible; MSIE 6.0; Windows NT 5.1)"
68.13.73.87 - - [10/Oct/2003:23:33:12 -0400] "GET /images/m4.jpg HTTP/1.1" 200 8853 "http://www.morpo.com/" "Mozilla/4.0 (compatible; MSIE 6.0; Windows NT 5.1)"
68.13.73.87 - - [10/Oct/2003:23:33:14 -0400] "GET /robert/ HTTP/1.1" 200 440 "http://www.morpo.com/" "Mozilla/4.0 (compatible; MSIE 6.0; Windows NT 5.1)"
68.13.73.87 - - [10/Oct/2003:23:33:14 -0400] "GET /robert/topnavbar.php HTTP/1.1" 200 1097 "http://morpo.com/robert/" "Mozilla/4.0 (compatible; MSIE 6.0; Windows NT 5.1)"
68.13.73.87 - - [10/Oct/2003:23:33:14 -0400] "GET /robert/splashpage.htm HTTP/1.1" 200 2783 "http://morpo.com/robert/" "Mozilla/4.0 (compatible; MSIE 6.0; Windows NT 5.1)"
68.13.73.87 - - [10/Oct/2003:23:33:14 -0400] "GET /robert/images/sun2.jpg HTTP/1.1" 200 9608 "http://morpo.com/robert/splashpage.htm" "Mozilla/4.0 (compatible; MSIE 6.0; Windows NT 5.1)"
68.13.73.87 - - [10/Oct/2003:23:33:14 -0400] "GET /robert/images/bobself.jpg HTTP/1.1" 200 11362 "http://morpo.com/robert/splashpage.htm" "Mozilla/4.0 (compatible; MSIE 6.0; Windows NT 5.1)"
68.13.73.87 - - [10/Oct/2003:23:33:23 -0400] "GET /robert/uno/ HTTP/1.1" 200 474 "http://morpo.com/robert/topnavbar.php" "Mozilla/4.0 (compatible; MSIE 6.0; Windows NT 5.1)"
68.13.73.87 - - [10/Oct/2003:23:33:23 -0400] "GET /robert/uno/unonavbar.htm HTTP/1.1" 200 793 "http://morpo.com/robert/uno/" "Mozilla/4.0 (compatible; MSIE 6.0; Windows NT 5.1)"
68.13.73.87 - - [10/Oct/2003:23:33:23 -0400] "GET /robert/uno/unosplash.htm HTTP/1.1" 200 547 "http://morpo.com/robert/uno/" "Mozilla/4.0 (compatible; MSIE 6.0; Windows NT 5.1)"
68.13.73.87 - - [10/Oct/2003:23:33:28 -0400] "GET /robert/uno/1400/ HTTP/1.1" 200 7708 "http://morpo.com/robert/uno/unonavbar.htm" "Mozilla/4.0 (compatible; MSIE 6.0; Windows NT 5.1)"
68.13.73.87 - - [10/Oct/2003:23:33:28 -0400] "GET /robert/uno/style.css HTTP/1.1" 200 5266 "http://morpo.com/robert/uno/1400/" "Mozilla/4.0 (compatible; MSIE 6.0; Windows NT 5.1)"
68.13.73.87 - - [10/Oct/2003:23:33:28 -0400] "GET /robert/uno/images/xml.gif HTTP/1.1" 200 116 "http://morpo.com/robert/uno/1400/" "Mozilla/4.0 (compatible; MSIE 6.0; Windows NT 5.1)"
68.13.73.87 - - [10/Oct/2003:23:33:33 -0400] "GET /robert/uno/1400/getslides.php HTTP/1.1" 200 13226 "http://morpo.com/robert/uno/1400/" "Mozilla/4.0 (compatible; MSIE 6.0; Windows NT 5.1)"
68.13.73.87 - - [10/Oct/2003:23:33:34 -0400] "GET /robert/uno/1400/getnews.php HTTP/1.1" 200 19013 "http://morpo.com/robert/uno/1400/getslides.php" "Mozilla/4.0 (compatible; MSIE 6.0; Windows NT 5.1)"
68.13.73.87 - - [10/Oct/2003:23:33:42 -0400] "GET /robert/uno/1400/getother.php HTTP/1.1" 200 5660 "http://morpo.com/robert/uno/1400/getnews.php" "Mozilla/4.0 (compatible; MSIE 6.0; Windows NT 5.1)"
68.13.73.87 - - [10/Oct/2003:23:33:46 -0400] "GET /robert/uno/1400/getlinks.php HTTP/1.1" 200 9754 "http://morpo.com/robert/uno/1400/getother.php" "Mozilla/4.0 (compatible; MSIE 6.0; Windows NT 5.1)"
65.214.36.50 - - [10/Oct/2003:23:38:50 -0400] "GET /robert/uno/classpictures/bobceil.htm HTTP/1.0" 200 984 "-" "Mozilla/2.0 (compatible; Ask Jeeves/Teoma)"
68.13.73.87 - - [10/Oct/2003:23:40:58 -0400] "GET /bob HTTP/1.1" 404 10236 "-" "Mozilla/5.0 (Windows; U; Windows NT 5.1; en-US; rv:1.5a) Gecko/20030728 Mozilla Firebird/0.6.1"
68.13.73.87 - - [10/Oct/2003:23:40:58 -0400] "GET /favicon.ico HTTP/1.1" 404 10236 "-" "Mozilla/5.0 (Windows; U; Windows NT 5.1; en-US; rv:1.5a) Gecko/20030728 Mozilla Firebird/0.6.1"
68.13.73.87 - - [10/Oct/2003:23:40:58 -0400] "GET /404.php?a=&b=http://www.morpo.com/bob HTTP/1.1" 200 5780 "-" "Mozilla/5.0 (Windows; U; Windows NT 5.1; en-US; rv:1.5a) Gecko/20030728 Mozilla Firebird/0.6.1"
68.13.73.87 - - [10/Oct/2003:23:40:58 -0400] "GET /common/styles.css HTTP/1.1" 200 1450 "http://www.morpo.com/404.php?a=&b=http://www.morpo.com/bob" "Mozilla/5.0 (Windows; U; Windows NT 5.1; en-US; rv:1.5a) Gecko/20030728 Mozilla Firebird/0.6.1"
68.13.73.87 - - [10/Oct/2003:23:40:58 -0400] "GET /images/m4.jpg HTTP/1.1" 200 8853 "http://www.morpo.com/404.php?a=&b=http://www.morpo.com/bob" "Mozilla/5.0 (Windows; U; Windows NT 5.1; en-US; rv:1.5a) Gecko/20030728 Mozilla Firebird/0.6.1"
68.13.73.87 - - [10/Oct/2003:23:41:01 -0400] "GET /robert/ HTTP/1.1" 200 440 "http://www.morpo.com/404.php?a=&b=http://www.morpo.com/bob" "Mozilla/5.0 (Windows; U; Windows NT 5.1; en-US; rv:1.5a) Gecko/20030728 Mozilla Firebird/0.6.1"
68.13.73.87 - - [10/Oct/2003:23:41:01 -0400] "GET /robert/topnavbar.php HTTP/1.1" 200 1097 "http://morpo.com/robert/" "Mozilla/5.0 (Windows; U; Windows NT 5.1; en-US; rv:1.5a) Gecko/20030728 Mozilla Firebird/0.6.1"
68.13.73.87 - - [10/Oct/2003:23:41:01 -0400] "GET /robert/splashpage.htm HTTP/1.1" 200 2783 "http://morpo.com/robert/" "Mozilla/5.0 (Windows; U; Windows NT 5.1; en-US; rv:1.5a) Gecko/20030728 Mozilla Firebird/0.6.1"
68.13.73.87 - - [10/Oct/2003:23:41:01 -0400] "GET /favicon.ico HTTP/1.1" 404 10236 "-" "Mozilla/5.0 (Windows; U; Windows NT 5.1; en-US; rv:1.5a) Gecko/20030728 Mozilla Firebird/0.6.1"
68.13.73.87 - - [10/Oct/2003:23:41:01 -0400] "GET /robert/images/bobself.jpg HTTP/1.1" 200 11362 "http://morpo.com/robert/splashpage.htm" "Mozilla/5.0 (Windows; U; Windows NT 5.1; en-US; rv:1.5a) Gecko/20030728 Mozilla Firebird/0.6.1"
68.13.73.87 - - [10/Oct/2003:23:41:01 -0400] "GET /robert/images/sun2.jpg HTTP/1.1" 200 9608 "http://morpo.com/robert/splashpage.htm" "Mozilla/5.0 (Windows; U; Windows NT 5.1; en-US; rv:1.5a) Gecko/20030728 Mozilla Firebird/0.6.1"
68.13.73.87 - - [10/Oct/2003:23:41:03 -0400] "GET /robert/uno/ HTTP/1.1" 200 474 "http://morpo.com/robert/topnavbar.php" "Mozilla/5.0 (Windows; U; Windows NT 5.1; en-US; rv:1.5a) Gecko/20030728 Mozilla Firebird/0.6.1"
68.13.73.87 - - [10/Oct/2003:23:41:03 -0400] "GET /robert/uno/unosplash.htm HTTP/1.1" 200 547 "http://morpo.com/robert/uno/" "Mozilla/5.0 (Windows; U; Windows NT 5.1; en-US; rv:1.5a) Gecko/20030728 Mozilla Firebird/0.6.1"
68.13.73.87 - - [10/Oct/2003:23:41:03 -0400] "GET /robert/uno/unonavbar.htm HTTP/1.1" 200 793 "http://morpo.com/robert/uno/" "Mozilla/5.0 (Windows; U; Windows NT 5.1; en-US; rv:1.5a) Gecko/20030728 Mozilla Firebird/0.6.1"
68.13.73.87 - - [10/Oct/2003:23:41:07 -0400] "GET /robert/uno/1400/ HTTP/1.1" 200 7708 "http://morpo.com/robert/uno/unonavbar.htm" "Mozilla/5.0 (Windows; U; Windows NT 5.1; en-US; rv:1.5a) Gecko/20030728 Mozilla Firebird/0.6.1"
68.13.73.87 - - [10/Oct/2003:23:41:07 -0400] "GET /robert/uno/style.css HTTP/1.1" 200 5266 "http://morpo.com/robert/uno/1400/" "Mozilla/5.0 (Windows; U; Windows NT 5.1; en-US; rv:1.5a) Gecko/20030728 Mozilla Firebird/0.6.1"
68.13.73.87 - - [10/Oct/2003:23:41:07 -0400] "GET /robert/uno/images/xml.gif HTTP/1.1" 200 116 "http://morpo.com/robert/uno/1400/" "Mozilla/5.0 (Windows; U; Windows NT 5.1; en-US; rv:1.5a) Gecko/20030728 Mozilla Firebird/0.6.1"
68.13.73.87 - - [10/Oct/2003:23:41:10 -0400] "GET /robert/uno/1400/getlinks.php HTTP/1.1" 200 9754 "http://morpo.com/robert/uno/1400/" "Mozilla/5.0 (Windows; U; Windows NT 5.1; en-US; rv:1.5a) Gecko/20030728 Mozilla Firebird/0.6.1"
66.156.12.205 - - [10/Oct/2003:23:45:40 -0400] "GET /robert/images/herrera.jpg HTTP/1.1" 304 - "-" "Mozilla/4.0 (compatible; MSIE 6.0; Windows NT 5.1; .NET CLR 1.1.4322)"
65.214.36.50 - - [10/Oct/2003:23:46:19 -0400] "GET /robert/uno/classpictures/9901-1400-004.htm HTTP/1.0" 200 4588 "-" "Mozilla/2.0 (compatible; Ask Jeeves/Teoma)"
24.98.69.251 - - [10/Oct/2003:23:47:47 -0400] "GET /robert/images/herrera.jpg HTTP/1.1" 304 - "-" "Mozilla/4.0 (compatible; MSIE 6.0; Windows NT 5.1; .NET CLR 1.0.3705; .NET CLR 1.1.4322)"
65.214.36.50 - - [10/Oct/2003:23:47:48 -0400] "GET /robert/uno/classpictures/9902-1400-201.htm HTTP/1.0" 200 1550 "-" "Mozilla/2.0 (compatible; Ask Jeeves/Teoma)"
65.214.36.50 - - [10/Oct/2003:23:49:08 -0400] "GET /robert/uno/classpictures/9901-2850-001.htm HTTP/1.0" 200 2414 "-" "Mozilla/2.0 (compatible; Ask Jeeves/Teoma)"
65.214.36.50 - - [10/Oct/2003:23:50:47 -0400] "GET /past.php HTTP/1.0" 200 9225 "-" "Mozilla/2.0 (compatible; Ask Jeeves/Teoma)"
65.214.36.50 - - [10/Oct/2003:23:52:16 -0400] "GET /mast.php HTTP/1.0" 200 5876 "-" "Mozilla/2.0 (compatible; Ask Jeeves/Teoma)"
65.214.36.50 - - [10/Oct/2003:23:53:25 -0400] "GET /subscribe.php HTTP/1.0" 200 5792 "-" "Mozilla/2.0 (compatible; Ask Jeeves/Teoma)"
65.214.36.50 - - [10/Oct/2003:23:54:35 -0400] "GET /guide.php HTTP/1.0" 200 24187 "-" "Mozilla/2.0 (compatible; Ask Jeeves/Teoma)"
65.214.36.50 - - [10/Oct/2003:23:56:41 -0400] "GET /links.php HTTP/1.0" 200 4780 "-" "Mozilla/2.0 (compatible; Ask Jeeves/Teoma)"
65.214.36.50 - - [10/Oct/2003:23:57:53 -0400] "GET /submit.php HTTP/1.0" 200 8430 "-" "Mozilla/2.0 (compatible; Ask Jeeves/Teoma)"
65.214.36.50 - - [10/Oct/2003:23:59:29 -0400] "GET /robert/ HTTP/1.0" 200 440 "-" "Mozilla/2.0 (compatible; Ask Jeeves/Teoma)"
65.214.36.50 - - [11/Oct/2003:00:00:11 -0400] "GET /robert/topnavbar.php HTTP/1.0" 200 1085 "-" "Mozilla/2.0 (compatible; Ask Jeeves/Teoma)"
65.214.36.50 - - [11/Oct/2003:00:00:52 -0400] "GET /robert/splashpage.htm HTTP/1.0" 200 2783 "-" "Mozilla/2.0 (compatible; Ask Jeeves/Teoma)"
66.196.72.68 - - [11/Oct/2003:00:01:25 -0400] "GET /v1i2/doll.html HTTP/1.0" 404 10208 "-" "Mozilla/5.0 (Slurp/cat; slurp@inktomi.com; http://www.inktomi.com/slurp.html)"
65.214.36.50 - - [11/Oct/2003:00:03:41 -0400] "GET /index.php HTTP/1.0" 200 6131 "-" "Mozilla/2.0 (compatible; Ask Jeeves/Teoma)"
65.214.36.50 - - [11/Oct/2003:00:05:11 -0400] "GET /nebraska HTTP/1.0" 301 304 "-" "Mozilla/2.0 (compatible; Ask Jeeves/Teoma)"
68.13.132.42 - - [11/Oct/2003:00:05:41 -0400] "GET /robert/uno/1400/ HTTP/1.1" 200 7708 "-" "Mozilla/4.0 (compatible; MSIE 6.0; Windows NT 5.1; YComp 5.0.0.0; FunWebProducts; .NET CLR 1.0.3705; .NET CLR 1.1.4322)"
68.13.132.42 - - [11/Oct/2003:00:05:42 -0400] "GET /robert/uno/style.css HTTP/1.1" 304 - "http://morpo.com/robert/uno/1400/" "Mozilla/4.0 (compatible; MSIE 6.0; Windows NT 5.1; YComp 5.0.0.0; FunWebProducts; .NET CLR 1.0.3705; .NET CLR 1.1.4322)"
68.13.132.42 - - [11/Oct/2003:00:05:42 -0400] "GET /robert/uno/images/xml.gif HTTP/1.1" 304 - "http://morpo.com/robert/uno/1400/" "Mozilla/4.0 (compatible; MSIE 6.0; Windows NT 5.1; YComp 5.0.0.0; FunWebProducts; .NET CLR 1.0.3705; .NET CLR 1.1.4322)"
65.214.36.50 - - [11/Oct/2003:00:05:54 -0400] "GET /nebraska/ HTTP/1.0" 200 7342 "-" "Mozilla/2.0 (compatible; Ask Jeeves/Teoma)"
68.13.132.42 - - [11/Oct/2003:00:07:35 -0400] "GET /robert/uno/1400/getslides.php HTTP/1.1" 200 13226 "http://morpo.com/robert/uno/1400/" "Mozilla/4.0 (compatible; MSIE 6.0; Windows NT 5.1; YComp 5.0.0.0; FunWebProducts; .NET CLR 1.0.3705; .NET CLR 1.1.4322)"
68.13.132.42 - - [11/Oct/2003:00:07:43 -0400] "GET /robert/uno/grades/03031400006.htm HTTP/1.1" 304 - "http://morpo.com/robert/uno/1400/getslides.php" "Mozilla/4.0 (compatible; MSIE 6.0; Windows NT 5.1; YComp 5.0.0.0; FunWebProducts; .NET CLR 1.0.3705; .NET CLR 1.1.4322)"
66.156.8.192 - - [11/Oct/2003:00:08:00 -0400] "GET /robert/images/herrera.jpg HTTP/1.1" 304 - "http://theboxofcrayons.proboards18.com/index.cgi?action=display&board=Mindlesschatterdooooit&num=1063327580&start=15" "Mozilla/4.0 (compatible; MSIE 6.0; Windows 98; Win 9x 4.90; .NET CLR 1.0.3705)"
65.214.36.50 - - [11/Oct/2003:00:08:00 -0400] "GET /movies/ HTTP/1.0" 200 625 "-" "Mozilla/2.0 (compatible; Ask Jeeves/Teoma)"
68.13.132.42 - - [11/Oct/2003:00:08:04 -0400] "GET /robert/uno/1400/getslides.php HTTP/1.1" 200 13226 "http://morpo.com/robert/uno/1400/" "Mozilla/4.0 (compatible; MSIE 6.0; Windows NT 5.1; YComp 5.0.0.0; FunWebProducts; .NET CLR 1.0.3705; .NET CLR 1.1.4322)"
68.13.132.42 - - [11/Oct/2003:00:08:26 -0400] "GET /robert/uno/1400/getlinks.php HTTP/1.1" 200 9754 "http://morpo.com/robert/uno/1400/getslides.php" "Mozilla/4.0 (compatible; MSIE 6.0; Windows NT 5.1; YComp 5.0.0.0; FunWebProducts; .NET CLR 1.0.3705; .NET CLR 1.1.4322)"
65.214.36.50 - - [11/Oct/2003:00:08:46 -0400] "GET /movies/toc.php HTTP/1.0" 200 3695 "-" "Mozilla/2.0 (compatible; Ask Jeeves/Teoma)"
68.13.132.42 - - [11/Oct/2003:00:09:24 -0400] "GET /robert/uno/1400/getslides.php HTTP/1.1" 200 13226 "http://morpo.com/robert/uno/1400/" "Mozilla/4.0 (compatible; MSIE 6.0; Windows NT 5.1; YComp 5.0.0.0; FunWebProducts; .NET CLR 1.0.3705; .NET CLR 1.1.4322)"
68.13.132.42 - - [11/Oct/2003:00:09:27 -0400] "GET /robert/uno/1400/ HTTP/1.1" 200 7708 "-" "Mozilla/4.0 (compatible; MSIE 6.0; Windows NT 5.1; YComp 5.0.0.0; FunWebProducts; .NET CLR 1.0.3705; .NET CLR 1.1.4322)"
65.214.36.50 - - [11/Oct/2003:00:09:31 -0400] "GET /movies/content.php HTTP/1.0" 200 4055 "-" "Mozilla/2.0 (compatible; Ask Jeeves/Teoma)"
65.214.36.50 - - [11/Oct/2003:00:12:23 -0400] "GET /viewer.php?vo HTTP/1.0" 302 0 "-" "Mozilla/2.0 (compatible; Ask Jeeves/Teoma)"
65.214.36.50 - - [11/Oct/2003:00:13:21 -0400] "GET /moreby.php?au=16 HTTP/1.0" 200 4546 "-" "Mozilla/2.0 (compatible; Ask Jeeves/Teoma)"
63.207.207.236 - - [11/Oct/2003:00:20:32 -0400] "GET /robert/personal/default.htm HTTP/1.1" 200 573 "-" "Mozilla/4.0 (compatible; grub-client-1.5.3; Crawl your own stuff with http://grub.org)"
216.39.48.65 - - [11/Oct/2003:00:24:39 -0400] "GET /default.htm HTTP/1.0" 404 10208 "-" "Scooter/3.3"
141.213.212.101 - - [11/Oct/2003:00:27:05 -0400] "GET /robert/uno/1400/docs/0110306.pdf HTTP/1.1" 200 33164 "http://www.google.com/search?hl=en&ie=UTF-8&oe=UTF-8&q=c%2B%2B+type+promotion+rules" "Mozilla/4.0 (compatible; MSIE 6.0; Windows NT 5.1; .NET CLR 1.1.4322)"
141.213.212.101 - - [11/Oct/2003:00:27:05 -0400] "GET /robert/uno/1400/docs/0110306.pdf HTTP/1.1" 200 37431 "-" "Mozilla/4.0 (compatible; MSIE 6.0; Windows NT 5.1; .NET CLR 1.1.4322)"
68.196.232.240 - - [11/Oct/2003:00:30:45 -0400] "GET /movies/?id=665&au=4 HTTP/1.1" 200 644 "http://us.imdb.com/title/tt0309530/externalreviews" "Mozilla/4.0 (compatible; MSIE 6.0; Windows NT 5.1)"
68.196.232.240 - - [11/Oct/2003:00:30:45 -0400] "GET /movies/toc.php HTTP/1.1" 200 3707 "http://morpo.com/movies/?id=665&au=4" "Mozilla/4.0 (compatible; MSIE 6.0; Windows NT 5.1)"
68.196.232.240 - - [11/Oct/2003:00:30:46 -0400] "GET /movies/images/zzz.jpg HTTP/1.1" 200 7523 "http://morpo.com/movies/toc.php" "Mozilla/4.0 (compatible; MSIE 6.0; Windows NT 5.1)"
68.196.232.240 - - [11/Oct/2003:00:30:46 -0400] "GET /movies/amazon.php HTTP/1.1" 200 660 "http://morpo.com/movies/toc.php" "Mozilla/4.0 (compatible; MSIE 6.0; Windows NT 5.1)"
68.196.232.240 - - [11/Oct/2003:00:30:46 -0400] "GET /movies/review.php?id=665&au=4 HTTP/1.1" 200 5342 "http://morpo.com/movies/?id=665&au=4" "Mozilla/4.0 (compatible; MSIE 6.0; Windows NT 5.1)"
68.196.232.240 - - [11/Oct/2003:00:30:46 -0400] "GET /movies/images/bannerlogo.jpg HTTP/1.1" 200 3524 "http://morpo.com/movies/toc.php" "Mozilla/4.0 (compatible; MSIE 6.0; Windows NT 5.1)"
68.196.232.240 - - [11/Oct/2003:00:30:46 -0400] "GET /movies/images/order_now.gif HTTP/1.1" 200 1612 "http://morpo.com/movies/review.php?id=665&au=4" "Mozilla/4.0 (compatible; MSIE 6.0; Windows NT 5.1)"
66.196.65.34 - - [11/Oct/2003:00:38:01 -0400] "GET /robots.txt HTTP/1.0" 200 97 "-" "Mozilla/5.0 (Slurp/si; slurp@inktomi.com; http://www.inktomi.com/slurp.html)"
66.196.90.63 - - [11/Oct/2003:00:38:01 -0400] "GET /guide.php?f=G&b=I HTTP/1.0" 200 11535 "-" "Mozilla/5.0 (Slurp/cat; slurp@inktomi.com; http://www.inktomi.com/slurp.html)"
68.110.28.85 - - [11/Oct/2003:00:46:05 -0400] "GET /putty.exe HTTP/1.1" 304 - "-" "Mozilla/4.0 (compatible; MSIE 5.5; Windows 98)"
216.88.158.142 - - [11/Oct/2003:00:49:30 -0400] "GET /viewer.php?vol=9&iss=5&disp=394 HTTP/1.1" 200 7221 "-" "Mozilla/4.0 compatible ZyBorg/1.0 Dead Link Checker (wn.zyborg@looksmart.net; http://www.WISEnutbot.com)"
66.196.90.59 - - [11/Oct/2003:00:51:36 -0400] "GET /guide.php?f=U&b=Z HTTP/1.0" 200 10893 "-" "Mozilla/5.0 (Slurp/cat; slurp@inktomi.com; http://www.inktomi.com/slurp.html)"
204.58.233.6 - - [11/Oct/2003:01:02:54 -0400] "GET /robert/topnavbar.php HTTP/1.1" 200 1097 "-" "Mozilla/3.01 (compatible;)"
66.196.72.66 - - [11/Oct/2003:01:27:48 -0400] "GET /v7i2/authors.htm HTTP/1.0" 404 10208 "-" "Mozilla/5.0 (Slurp/cat; slurp@inktomi.com; http://www.inktomi.com/slurp.html)"
66.196.72.65 - - [11/Oct/2003:01:30:06 -0400] "GET /v6i1/thedinner.htm HTTP/1.0" 404 10208 "-" "Mozilla/5.0 (Slurp/cat; slurp@inktomi.com; http://www.inktomi.com/slurp.html)"
65.214.36.50 - - [11/Oct/2003:01:36:16 -0400] "GET /movies/content.php HTTP/1.0" 200 4055 "-" "Mozilla/2.0 (compatible; Ask Jeeves/Teoma)"
65.214.36.50 - - [11/Oct/2003:01:37:43 -0400] "GET /robert/uno/1400/ HTTP/1.0" 200 7683 "-" "Mozilla/2.0 (compatible; Ask Jeeves/Teoma)"
65.214.36.50 - - [11/Oct/2003:01:39:11 -0400] "GET /robert/uno/2850/ HTTP/1.0" 200 4939 "-" "Mozilla/2.0 (compatible; Ask Jeeves/Teoma)"
65.214.36.50 - - [11/Oct/2003:01:40:42 -0400] "GET /archives/tmrv9i2.txt HTTP/1.0" 200 34917 "-" "Mozilla/2.0 (compatible; Ask Jeeves/Teoma)"
65.214.36.50 - - [11/Oct/2003:01:43:34 -0400] "GET /archives/tmrv2i1.txt HTTP/1.0" 200 94696 "-" "Mozilla/2.0 (compatible; Ask Jeeves/Teoma)"
65.214.36.50 - - [11/Oct/2003:01:49:07 -0400] "GET /archives/tmrv2i3.txt HTTP/1.0" 200 84470 "-" "Mozilla/2.0 (compatible; Ask Jeeves/Teoma)"
65.214.36.50 - - [11/Oct/2003:01:53:16 -0400] "GET /archives/tmrv3i1.txt HTTP/1.0" 200 112384 "-" "Mozilla/2.0 (compatible; Ask Jeeves/Teoma)"
65.214.36.50 - - [11/Oct/2003:01:58:01 -0400] "GET /archives/tmrv6i2.txt HTTP/1.0" 200 97690 "-" "Mozilla/2.0 (compatible; Ask Jeeves/Teoma)"
66.207.118.206 - - [11/Oct/2003:02:01:50 -0400] "GET / HTTP/1.1" 200 6156 "-" "-"
66.207.118.206 - - [11/Oct/2003:02:01:53 -0400] "GET / HTTP/1.1" 200 6150 "-" "-"
66.207.118.206 - - [11/Oct/2003:02:01:54 -0400] "GET /past.php HTTP/1.1" 200 9259 "-" "-"
66.207.118.206 - - [11/Oct/2003:02:01:54 -0400] "GET /mast.php HTTP/1.1" 200 5904 "-" "-"
66.207.118.206 - - [11/Oct/2003:02:01:55 -0400] "GET /submit.php HTTP/1.1" 200 8472 "-" "-"
66.207.118.206 - - [11/Oct/2003:02:01:55 -0400] "GET /index.php HTTP/1.1" 200 6150 "-" "-"
66.207.118.206 - - [11/Oct/2003:02:01:57 -0400] "GET /movies/ HTTP/1.1" 200 637 "-" "-"
66.207.118.206 - - [11/Oct/2003:02:01:57 -0400] "GET /robert/ HTTP/1.1" 200 440 "-" "-"
66.207.118.206 - - [11/Oct/2003:02:01:57 -0400] "GET /subscribe.php HTTP/1.1" 200 5820 "-" "-"
66.207.118.206 - - [11/Oct/2003:02:01:57 -0400] "GET /links.php HTTP/1.1" 200 4808 "-" "-"
66.207.118.206 - - [11/Oct/2003:02:01:58 -0400] "GET /viewer.php?vol=10&iss=2&disp=418 HTTP/1.1" 200 7412 "-" "-"
66.207.118.206 - - [11/Oct/2003:02:01:59 -0400] "GET /bart.php?url=http://morpo.com/forums/ HTTP/1.1" 200 630 "-" "-"
66.207.118.206 - - [11/Oct/2003:02:01:59 -0400] "GET /viewer.php?vol=10&iss=2&disp=409 HTTP/1.1" 200 9288 "-" "-"
66.207.118.206 - - [11/Oct/2003:02:02:00 -0400] "GET /guide.php HTTP/1.1" 200 24261 "-" "-"
66.207.118.206 - - [11/Oct/2003:02:02:02 -0400] "GET /viewer.php?vol=10&iss=2&disp=414 HTTP/1.1" 200 6910 "-" "-"
66.207.118.206 - - [11/Oct/2003:02:02:02 -0400] "GET /viewer.php?vol=10&iss=2&disp=415 HTTP/1.1" 200 7126 "-" "-"
66.207.118.206 - - [11/Oct/2003:02:02:02 -0400] "GET /viewer.php?vol=10&iss=2&disp=416 HTTP/1.1" 200 7960 "-" "-"
66.207.118.206 - - [11/Oct/2003:02:02:03 -0400] "GET /viewer.php?vol=10&iss=2&disp=417 HTTP/1.1" 200 6800 "-" "-"
66.207.118.206 - - [11/Oct/2003:02:02:03 -0400] "GET /viewer.php?vol=10&iss=2&disp=410 HTTP/1.1" 200 7018 "-" "-"
66.207.118.206 - - [11/Oct/2003:02:02:03 -0400] "GET /viewer.php?vol=10&iss=2&disp=411 HTTP/1.1" 200 8808 "-" "-"
66.207.118.206 - - [11/Oct/2003:02:02:04 -0400] "GET /viewer.php?vol=10&iss=2&disp=412 HTTP/1.1" 200 26781 "-" "-"
66.207.118.206 - - [11/Oct/2003:02:02:05 -0400] "GET / HTTP/1.1" 200 6150 "-" "-"
66.207.118.206 - - [11/Oct/2003:02:02:05 -0400] "GET /past.php HTTP/1.1" 200 9259 "-" "-"
65.214.36.50 - - [11/Oct/2003:02:02:29 -0400] "GET /archives/tmrv1i5.txt HTTP/1.0" 200 79112 "-" "Mozilla/2.0 (compatible; Ask Jeeves/Teoma)"
65.214.36.50 - - [11/Oct/2003:02:06:04 -0400] "GET /archives/tmrv5i1.txt HTTP/1.0" 200 93299 "-" "Mozilla/2.0 (compatible; Ask Jeeves/Teoma)"
65.214.36.50 - - [11/Oct/2003:02:10:15 -0400] "GET /archives/tmrv5i3.txt HTTP/1.0" 200 44957 "-" "Mozilla/2.0 (compatible; Ask Jeeves/Teoma)"
65.214.36.50 - - [11/Oct/2003:02:12:57 -0400] "GET /archives/tmrv6i3.txt HTTP/1.0" 200 57439 "-" "Mozilla/2.0 (compatible; Ask Jeeves/Teoma)"
65.214.36.50 - - [11/Oct/2003:02:15:58 -0400] "GET /guide.php?f=P&b=T HTTP/1.0" 200 24388 "-" "Mozilla/2.0 (compatible; Ask Jeeves/Teoma)"
65.214.36.50 - - [11/Oct/2003:02:17:39 -0400] "GET /guide.php?f=K&b=O HTTP/1.0" 200 25433 "-" "Mozilla/2.0 (compatible; Ask Jeeves/Teoma)"
65.214.36.50 - - [11/Oct/2003:02:19:37 -0400] "GET /robert/uno/1400/getnews.php HTTP/1.0" 200 18953 "-" "Mozilla/2.0 (compatible; Ask Jeeves/Teoma)"
65.214.36.50 - - [11/Oct/2003:02:21:08 -0400] "GET /robert/uno/2850/getnews.php HTTP/1.0" 200 11700 "-" "Mozilla/2.0 (compatible; Ask Jeeves/Teoma)"
209.34.20.200 - - [11/Oct/2003:02:23:00 -0400] "GET /movies/ HTTP/1.1" 200 637 "http://www.google.com/search?q=manly&hl=en&lr=&ie=UTF-8&oe=UTF-8&start=40&sa=N" "Mozilla/4.0 (compatible; MSIE 6.0; Windows NT 5.1; .NET CLR 1.0.3705; .NET CLR 1.1.4322)"
209.34.20.200 - - [11/Oct/2003:02:23:00 -0400] "GET /movies/toc.php HTTP/1.1" 200 3707 "http://morpo.com/movies/" "Mozilla/4.0 (compatible; MSIE 6.0; Windows NT 5.1; .NET CLR 1.0.3705; .NET CLR 1.1.4322)"
209.34.20.200 - - [11/Oct/2003:02:23:00 -0400] "GET /movies/content.php HTTP/1.1" 200 4074 "http://morpo.com/movies/" "Mozilla/4.0 (compatible; MSIE 6.0; Windows NT 5.1; .NET CLR 1.0.3705; .NET CLR 1.1.4322)"
209.34.20.200 - - [11/Oct/2003:02:23:00 -0400] "GET /movies/images/zzz.jpg HTTP/1.1" 200 7523 "http://morpo.com/movies/toc.php" "Mozilla/4.0 (compatible; MSIE 6.0; Windows NT 5.1; .NET CLR 1.0.3705; .NET CLR 1.1.4322)"
209.34.20.200 - - [11/Oct/2003:02:23:00 -0400] "GET /movies/images/bannerlogo.jpg HTTP/1.1" 200 3524 "http://morpo.com/movies/toc.php" "Mozilla/4.0 (compatible; MSIE 6.0; Windows NT 5.1; .NET CLR 1.0.3705; .NET CLR 1.1.4322)"
209.34.20.200 - - [11/Oct/2003:02:23:00 -0400] "GET /movies/images/camera.jpg HTTP/1.1" 200 7925 "http://morpo.com/movies/content.php" "Mozilla/4.0 (compatible; MSIE 6.0; Windows NT 5.1; .NET CLR 1.0.3705; .NET CLR 1.1.4322)"
209.34.20.200 - - [11/Oct/2003:02:23:00 -0400] "GET /movies/amazon.php HTTP/1.1" 200 660 "http://morpo.com/movies/toc.php" "Mozilla/4.0 (compatible; MSIE 6.0; Windows NT 5.1; .NET CLR 1.0.3705; .NET CLR 1.1.4322)"
209.34.20.200 - - [11/Oct/2003:02:23:00 -0400] "GET /movies/images/mirakicksass.jpg HTTP/1.1" 200 4776 "http://morpo.com/movies/content.php" "Mozilla/4.0 (compatible; MSIE 6.0; Windows NT 5.1; .NET CLR 1.0.3705; .NET CLR 1.1.4322)"
209.34.20.200 - - [11/Oct/2003:02:23:00 -0400] "GET /movies/images/badassjosey.jpg HTTP/1.1" 200 4435 "http://morpo.com/movies/content.php" "Mozilla/4.0 (compatible; MSIE 6.0; Windows NT 5.1; .NET CLR 1.0.3705; .NET CLR 1.1.4322)"
216.78.104.27 - - [11/Oct/2003:02:25:50 -0400] "GET /robert/images/herrera.jpg HTTP/1.1" 200 7571 "http://theboxofcrayons.proboards18.com/index.cgi?board=Mindlesschatterdooooit&num=1063327580&action=display&start=15" "Mozilla/4.0 (compatible; MSIE 6.0; Windows 98)"
65.214.36.50 - - [11/Oct/2003:02:28:34 -0400] "GET /index.php?vol=2&iss=5 HTTP/1.0" 200 6679 "-" "Mozilla/2.0 (compatible; Ask Jeeves/Teoma)"
65.214.36.50 - - [11/Oct/2003:02:31:43 -0400] "GET /robert/uno/1400/getslides.php HTTP/1.0" 200 13181 "-" "Mozilla/2.0 (compatible; Ask Jeeves/Teoma)"
65.214.36.50 - - [11/Oct/2003:02:33:34 -0400] "GET /robert/uno/1400/getlinks.php HTTP/1.0" 200 9715 "-" "Mozilla/2.0 (compatible; Ask Jeeves/Teoma)"
68.13.140.79 - - [11/Oct/2003:02:34:53 -0400] "GET /robert/topnavbar.php HTTP/1.1" 200 1097 "http://www.morpo.com/robert/" "Mozilla/5.0 (Windows; U; Windows NT 5.1; en-US; rv:1.5a) Gecko/20030728 Mozilla Firebird/0.6.1"
68.13.140.79 - - [11/Oct/2003:02:34:54 -0400] "GET /robert/uno/ HTTP/1.1" 200 474 "http://www.morpo.com/robert/topnavbar.php" "Mozilla/5.0 (Windows; U; Windows NT 5.1; en-US; rv:1.5a) Gecko/20030728 Mozilla Firebird/0.6.1"
68.13.140.79 - - [11/Oct/2003:02:34:56 -0400] "GET /robert/uno/2850/ HTTP/1.1" 200 4964 "http://www.morpo.com/robert/uno/unonavbar.htm" "Mozilla/5.0 (Windows; U; Windows NT 5.1; en-US; rv:1.5a) Gecko/20030728 Mozilla Firebird/0.6.1"
65.214.36.50 - - [11/Oct/2003:02:35:24 -0400] "GET /robert/uno/2850/getother.php HTTP/1.0" 200 4367 "-" "Mozilla/2.0 (compatible; Ask Jeeves/Teoma)"
66.37.237.128 - - [11/Oct/2003:02:36:13 -0400] "GET / HTTP/1.1" 200 6156 "-" "Mozilla/4.0 (compatible; MSIE 6.0; Windows NT 5.1)"
66.37.237.128 - - [11/Oct/2003:02:36:15 -0400] "GET /common/styles.css HTTP/1.1" 304 - "http://www.morpo.com/" "Mozilla/4.0 (compatible; MSIE 6.0; Windows NT 5.1)"
66.37.237.128 - - [11/Oct/2003:02:36:16 -0400] "GET /images/m4.jpg HTTP/1.1" 304 - "http://www.morpo.com/" "Mozilla/4.0 (compatible; MSIE 6.0; Windows NT 5.1)"
66.37.237.128 - - [11/Oct/2003:02:36:23 -0400] "GET /robert/ HTTP/1.1" 304 - "http://www.morpo.com/" "Mozilla/4.0 (compatible; MSIE 6.0; Windows NT 5.1)"
66.37.237.128 - - [11/Oct/2003:02:36:24 -0400] "GET /robert/topnavbar.php HTTP/1.1" 200 1097 "http://morpo.com/robert/" "Mozilla/4.0 (compatible; MSIE 6.0; Windows NT 5.1)"
66.37.237.128 - - [11/Oct/2003:02:36:24 -0400] "GET /robert/splashpage.htm HTTP/1.1" 304 - "http://morpo.com/robert/" "Mozilla/4.0 (compatible; MSIE 6.0; Windows NT 5.1)"
66.37.237.128 - - [11/Oct/2003:02:36:24 -0400] "GET /robert/images/bobself.jpg HTTP/1.1" 304 - "http://morpo.com/robert/splashpage.htm" "Mozilla/4.0 (compatible; MSIE 6.0; Windows NT 5.1)"
66.37.237.128 - - [11/Oct/2003:02:36:24 -0400] "GET /robert/images/sun2.jpg HTTP/1.1" 304 - "http://morpo.com/robert/splashpage.htm" "Mozilla/4.0 (compatible; MSIE 6.0; Windows NT 5.1)"
66.37.237.128 - - [11/Oct/2003:02:36:26 -0400] "GET /robert/uno/ HTTP/1.1" 200 474 "http://morpo.com/robert/topnavbar.php" "Mozilla/4.0 (compatible; MSIE 6.0; Windows NT 5.1)"
66.37.237.128 - - [11/Oct/2003:02:36:26 -0400] "GET /robert/uno/unosplash.htm HTTP/1.1" 304 - "http://morpo.com/robert/uno/" "Mozilla/4.0 (compatible; MSIE 6.0; Windows NT 5.1)"
66.37.237.128 - - [11/Oct/2003:02:36:26 -0400] "GET /robert/uno/unonavbar.htm HTTP/1.1" 304 - "http://morpo.com/robert/uno/" "Mozilla/4.0 (compatible; MSIE 6.0; Windows NT 5.1)"
66.37.237.128 - - [11/Oct/2003:02:36:28 -0400] "GET /robert/uno/1400/ HTTP/1.1" 200 7708 "http://morpo.com/robert/uno/unonavbar.htm" "Mozilla/4.0 (compatible; MSIE 6.0; Windows NT 5.1)"
66.37.237.128 - - [11/Oct/2003:02:36:28 -0400] "GET /robert/uno/style.css HTTP/1.1" 304 - "http://morpo.com/robert/uno/1400/" "Mozilla/4.0 (compatible; MSIE 6.0; Windows NT 5.1)"
66.37.237.128 - - [11/Oct/2003:02:36:28 -0400] "GET /robert/uno/images/xml.gif HTTP/1.1" 304 - "http://morpo.com/robert/uno/1400/" "Mozilla/4.0 (compatible; MSIE 6.0; Windows NT 5.1)"
65.214.36.50 - - [11/Oct/2003:02:36:54 -0400] "GET /robert/uno/2850/getlinks.php HTTP/1.0" 200 8141 "-" "Mozilla/2.0 (compatible; Ask Jeeves/Teoma)"
65.214.36.50 - - [11/Oct/2003:02:42:06 -0400] "GET /viewer.php?vol=5&iss=4&disp=87 HTTP/1.0" 200 18424 "-" "Mozilla/2.0 (compatible; Ask Jeeves/Teoma)"
65.214.36.50 - - [11/Oct/2003:02:44:45 -0400] "GET /viewer.php?vol=1&iss=5&disp=285 HTTP/1.0" 200 16006 "-" "Mozilla/2.0 (compatible; Ask Jeeves/Teoma)"
65.214.36.50 - - [11/Oct/2003:02:46:36 -0400] "GET /viewer.php?vol=2&iss=5&disp=193 HTTP/1.0" 200 13366 "-" "Mozilla/2.0 (compatible; Ask Jeeves/Teoma)"
68.13.161.37 - - [11/Oct/2003:02:47:55 -0400] "GET /robert/ HTTP/1.1" 304 - "-" "Mozilla/4.0 (compatible; MSIE 6.0; Windows NT 5.1; .NET CLR 1.1.4322)"
68.13.161.37 - - [11/Oct/2003:02:47:55 -0400] "GET /robert/splashpage.htm HTTP/1.1" 304 - "-" "Mozilla/4.0 (compatible; MSIE 6.0; Windows NT 5.1; .NET CLR 1.1.4322)"
68.13.161.37 - - [11/Oct/2003:02:47:55 -0400] "GET /robert/images/bobself.jpg HTTP/1.1" 304 - "-" "Mozilla/4.0 (compatible; MSIE 6.0; Windows NT 5.1; .NET CLR 1.1.4322)"
68.13.161.37 - - [11/Oct/2003:02:47:55 -0400] "GET /robert/topnavbar.php HTTP/1.1" 200 1097 "-" "Mozilla/4.0 (compatible; MSIE 6.0; Windows NT 5.1; .NET CLR 1.1.4322)"
68.13.161.37 - - [11/Oct/2003:02:47:55 -0400] "GET /robert/images/sun2.jpg HTTP/1.1" 304 - "-" "Mozilla/4.0 (compatible; MSIE 6.0; Windows NT 5.1; .NET CLR 1.1.4322)"
68.13.161.37 - - [11/Oct/2003:02:47:57 -0400] "GET /robert/uno/ HTTP/1.1" 200 474 "-" "Mozilla/4.0 (compatible; MSIE 6.0; Windows NT 5.1; .NET CLR 1.1.4322)"
68.13.161.37 - - [11/Oct/2003:02:47:57 -0400] "GET /robert/uno/unosplash.htm HTTP/1.1" 304 - "-" "Mozilla/4.0 (compatible; MSIE 6.0; Windows NT 5.1; .NET CLR 1.1.4322)"
68.13.161.37 - - [11/Oct/2003:02:47:57 -0400] "GET /robert/uno/unonavbar.htm HTTP/1.1" 304 - "-" "Mozilla/4.0 (compatible; MSIE 6.0; Windows NT 5.1; .NET CLR 1.1.4322)"
68.13.161.37 - - [11/Oct/2003:02:47:59 -0400] "GET /robert/uno/1400/ HTTP/1.1" 200 7708 "-" "Mozilla/4.0 (compatible; MSIE 6.0; Windows NT 5.1; .NET CLR 1.1.4322)"
68.13.161.37 - - [11/Oct/2003:02:47:59 -0400] "GET /robert/uno/style.css HTTP/1.1" 304 - "-" "Mozilla/4.0 (compatible; MSIE 6.0; Windows NT 5.1; .NET CLR 1.1.4322)"
68.13.161.37 - - [11/Oct/2003:02:47:59 -0400] "GET /robert/uno/images/xml.gif HTTP/1.1" 304 - "-" "Mozilla/4.0 (compatible; MSIE 6.0; Windows NT 5.1; .NET CLR 1.1.4322)"
65.214.36.50 - - [11/Oct/2003:02:48:21 -0400] "GET /viewer.php?vol=6&iss=4&disp=37 HTTP/1.0" 200 7020 "-" "Mozilla/2.0 (compatible; Ask Jeeves/Teoma)"
65.214.36.50 - - [11/Oct/2003:02:49:40 -0400] "GET /viewer.php?vol=9&iss=3&disp=379 HTTP/1.0" 200 28265 "-" "Mozilla/2.0 (compatible; Ask Jeeves/Teoma)"
65.214.36.50 - - [11/Oct/2003:02:51:46 -0400] "GET /viewer.php?vol=1&iss=5&disp=286 HTTP/1.0" 200 13330 "-" "Mozilla/2.0 (compatible; Ask Jeeves/Teoma)"
