193.113.48.11 - - [10/Oct/2003:08:21:17 -0400] "GET /images/m4.jpg HTTP/1.0" 200 8853 "http://morpo.com/index.php?vol=2&iss=4" "Mozilla/4.0 (compatible; MSIE 5.5; Windows 98; Config C; Config D)"
64.68.82.143 - - [10/Oct/2003:08:21:19 -0400] "GET /index.php?vol=2&iss=5 HTTP/1.0" 200 6677 "-" "Googlebot/2.1 (+http://www.googlebot.com/bot.html)"
66.196.65.34 - - [10/Oct/2003:08:21:21 -0400] "GET /robots.txt HTTP/1.0" 200 97 "-" "Mozilla/5.0 (Slurp/si; slurp@inktomi.com; http://www.inktomi.com/slurp.html)"
193.113.48.11 - - [10/Oct/2003:08:21:30 -0400] "GET /viewer.php?vol=2&iss=4&disp=216 HTTP/1.0" 200 7224 "http://morpo.com/index.php?vol=2&iss=4" "Mozilla/4.0 (compatible; MSIE 5.5; Windows 98; Config C; Config D)"
193.113.48.11 - - [10/Oct/2003:08:21:31 -0400] "GET /images/mail.gif HTTP/1.0" 200 119 "http://morpo.com/viewer.php?vol=2&iss=4&disp=216" "Mozilla/4.0 (compatible; MSIE 5.5; Windows 98; Config C; Config D)"
66.196.72.66 - - [10/Oct/2003:08:21:38 -0400] "GET /v2i3/limp.html HTTP/1.0" 404 10208 "-" "Mozilla/5.0 (Slurp/cat; slurp@inktomi.com; http://www.inktomi.com/slurp.html)"
216.88.158.142 - - [10/Oct/2003:08:21:52 -0400] "GET /movies/ HTTP/1.1" 200 637 "-" "Mozilla/4.0 compatible ZyBorg/1.0 Dead Link Checker (wn.zyborg@looksmart.net; http://www.WISEnutbot.com)"
64.68.82.38 - - [10/Oct/2003:08:22:06 -0400] "GET /index.php?vol=9&iss=2 HTTP/1.0" 200 5710 "-" "Googlebot/2.1 (+http://www.googlebot.com/bot.html)"
193.113.48.11 - - [10/Oct/2003:08:22:22 -0400] "GET /viewer.php?vol=2&iss=4&disp=216 HTTP/1.0" 200 7224 "http://morpo.com/index.php?vol=2&iss=4" "Mozilla/4.0 (compatible; MSIE 5.5; Windows 98; Config C; Config D)"
193.113.48.11 - - [10/Oct/2003:08:22:36 -0400] "GET /viewer.php?vol=2&iss=4&disp=216 HTTP/1.0" 200 7195 "-" "Mozilla/4.0 (compatible; MSIE 5.5; Windows 98; Config C; Config D)"
66.150.40.79 - - [10/Oct/2003:08:23:37 -0400] "HEAD /submit.php HTTP/1.1" 200 0 "-" "sitecheck.internetseer.com (For more info see: http://sitecheck.internetseer.com)"
66.150.40.79 - - [10/Oct/2003:08:23:48 -0400] "HEAD /mast.php HTTP/1.1" 200 0 "-" "sitecheck.internetseer.com (For more info see: http://sitecheck.internetseer.com)"
64.68.82.168 - - [10/Oct/2003:08:25:58 -0400] "GET /index.php?vol=4&iss=2 HTTP/1.0" 200 6619 "-" "Googlebot/2.1 (+http://www.googlebot.com/bot.html)"
64.68.82.7 - - [10/Oct/2003:08:26:02 -0400] "GET /index.php?vol=1&iss=4 HTTP/1.0" 200 8078 "-" "Googlebot/2.1 (+http://www.googlebot.com/bot.html)"
64.68.82.168 - - [10/Oct/2003:08:26:03 -0400] "GET /index.php?vol=10&iss=1 HTTP/1.0" 200 6460 "-" "Googlebot/2.1 (+http://www.googlebot.com/bot.html)"
193.113.48.11 - - [10/Oct/2003:08:26:33 -0400] "GET /guide.php HTTP/1.0" 200 24187 "http://www.google.co.uk/search?q=beolens&hl=en&lr=&ie=UTF-8&oe=UTF-8&start=40&sa=N" "Mozilla/4.0 (compatible; MSIE 5.5; Windows 98; Config C; Config D)"
66.196.72.34 - - [10/Oct/2003:08:29:10 -0400] "GET /v5i3/travelogue.htm HTTP/1.0" 404 10208 "-" "Mozilla/5.0 (Slurp/cat; slurp@inktomi.com; http://www.inktomi.com/slurp.html)"
193.108.217.131 - - [10/Oct/2003:08:29:14 -0400] "GET /v2i1/vagina.html HTTP/1.0" 404 10208 "http://www.goddesscafe.com/yoni/dentata.html" "Mozilla/4.0 (compatible; MSIE 5.5; Windows NT 5.0)"
193.108.217.131 - - [10/Oct/2003:08:29:15 -0400] "GET /404.php?a=http://www.goddesscafe.com/yoni/dentata.html&b=http://www.morpo.com/v2i1/vagina.html HTTP/1.0" 200 4077 "-" "Mozilla/4.0 (compatible; MSIE 5.5; Windows NT 5.0)"
193.108.217.131 - - [10/Oct/2003:08:29:15 -0400] "GET /common/styles.css HTTP/1.0" 200 1450 "http://www.morpo.com/404.php?a=http://www.goddesscafe.com/yoni/dentata.html&b=http://www.morpo.com/v2i1/vagina.html" "Mozilla/4.0 (compatible; MSIE 5.5; Windows NT 5.0)"
193.108.217.131 - - [10/Oct/2003:08:29:15 -0400] "GET /images/m4.jpg HTTP/1.0" 200 8853 "http://www.morpo.com/404.php?a=http://www.goddesscafe.com/yoni/dentata.html&b=http://www.morpo.com/v2i1/vagina.html" "Mozilla/4.0 (compatible; MSIE 5.5; Windows NT 5.0)"
81.128.164.3 - - [10/Oct/2003:08:34:00 -0400] "GET /viewer.php?vol=2&iss=4&disp=216 HTTP/1.1" 200 7220 "-" "Mozilla/4.0 (compatible; MSIE 6.0; Windows NT 5.1; BTopenworld)"
81.128.164.3 - - [10/Oct/2003:08:34:00 -0400] "GET /common/styles.css HTTP/1.1" 200 1450 "http://morpo.com/viewer.php?vol=2&iss=4&disp=216" "Mozilla/4.0 (compatible; MSIE 6.0; Windows NT 5.1; BTopenworld)"
81.128.164.3 - - [10/Oct/2003:08:34:00 -0400] "GET /images/m4.jpg HTTP/1.1" 200 8853 "http://morpo.com/viewer.php?vol=2&iss=4&disp=216" "Mozilla/4.0 (compatible; MSIE 6.0; Windows NT 5.1; BTopenworld)"
81.128.164.3 - - [10/Oct/2003:08:34:00 -0400] "GET /images/mail.gif HTTP/1.1" 200 119 "http://morpo.com/viewer.php?vol=2&iss=4&disp=216" "Mozilla/4.0 (compatible; MSIE 6.0; Windows NT 5.1; BTopenworld)"
200.162.246.169 - - [10/Oct/2003:08:38:07 -0400] "GET /submit.php HTTP/1.1" 200 8470 "-" "Mozilla/4.0 (compatible; MSIE 6.0; Windows 98; Win 9x 4.90; {C51A9E06-9BEC-4CC4-A154-15E51D3E140B})"
200.162.246.169 - - [10/Oct/2003:08:38:08 -0400] "GET /images/m4.jpg HTTP/1.1" 200 8853 "http://morpo.com/submit.php" "Mozilla/4.0 (compatible; MSIE 6.0; Windows 98; Win 9x 4.90; {C51A9E06-9BEC-4CC4-A154-15E51D3E140B})"
200.162.246.169 - - [10/Oct/2003:08:38:08 -0400] "GET /common/styles.css HTTP/1.1" 200 1450 "http://morpo.com/submit.php" "Mozilla/4.0 (compatible; MSIE 6.0; Windows 98; Win 9x 4.90; {C51A9E06-9BEC-4CC4-A154-15E51D3E140B})"
200.162.246.169 - - [10/Oct/2003:08:38:14 -0400] "GET /index.php HTTP/1.1" 200 6154 "http://morpo.com/submit.php" "Mozilla/4.0 (compatible; MSIE 6.0; Windows 98; Win 9x 4.90; {C51A9E06-9BEC-4CC4-A154-15E51D3E140B})"
200.162.246.169 - - [10/Oct/2003:08:38:14 -0400] "GET /common/styles.css HTTP/1.1" 304 - "http://morpo.com/index.php" "Mozilla/4.0 (compatible; MSIE 6.0; Windows 98; Win 9x 4.90; {C51A9E06-9BEC-4CC4-A154-15E51D3E140B})"
200.162.246.169 - - [10/Oct/2003:08:38:14 -0400] "GET /images/m4.jpg HTTP/1.1" 304 - "http://morpo.com/index.php" "Mozilla/4.0 (compatible; MSIE 6.0; Windows 98; Win 9x 4.90; {C51A9E06-9BEC-4CC4-A154-15E51D3E140B})"
64.68.82.38 - - [10/Oct/2003:08:45:03 -0400] "GET /index.php?vol=2&iss=3 HTTP/1.0" 200 7561 "-" "Googlebot/2.1 (+http://www.googlebot.com/bot.html)"
64.68.82.168 - - [10/Oct/2003:08:47:57 -0400] "GET /index.php?vol=10&iss=2 HTTP/1.0" 200 6129 "-" "Googlebot/2.1 (+http://www.googlebot.com/bot.html)"
64.68.82.7 - - [10/Oct/2003:08:49:14 -0400] "GET /index.php?vol=9&iss=4 HTTP/1.0" 200 5812 "-" "Googlebot/2.1 (+http://www.googlebot.com/bot.html)"
64.68.82.38 - - [10/Oct/2003:08:49:31 -0400] "GET /index.php?vol=6&iss=1 HTTP/1.0" 200 6509 "-" "Googlebot/2.1 (+http://www.googlebot.com/bot.html)"
64.68.82.170 - - [10/Oct/2003:08:53:41 -0400] "GET /index.php?vol=1&iss=3 HTTP/1.0" 200 6865 "-" "Googlebot/2.1 (+http://www.googlebot.com/bot.html)"
64.68.82.7 - - [10/Oct/2003:08:53:59 -0400] "GET /movies/revlist.php?a=3 HTTP/1.0" 200 153758 "-" "Googlebot/2.1 (+http://www.googlebot.com/bot.html)"
64.68.82.143 - - [10/Oct/2003:08:53:59 -0400] "GET /movies/revlist.php?a=2 HTTP/1.0" 200 129859 "-" "Googlebot/2.1 (+http://www.googlebot.com/bot.html)"
64.68.82.18 - - [10/Oct/2003:08:54:16 -0400] "GET /index.php?vol=5&iss=1 HTTP/1.0" 200 6283 "-" "Googlebot/2.1 (+http://www.googlebot.com/bot.html)"
64.68.82.143 - - [10/Oct/2003:08:54:20 -0400] "GET /index.php?vol=4&iss=1 HTTP/1.0" 200 6143 "-" "Googlebot/2.1 (+http://www.googlebot.com/bot.html)"
64.68.82.18 - - [10/Oct/2003:08:54:22 -0400] "GET /index.php?vol=5&iss=2 HTTP/1.0" 200 6591 "-" "Googlebot/2.1 (+http://www.googlebot.com/bot.html)"
64.68.82.38 - - [10/Oct/2003:08:57:12 -0400] "GET /links.php HTTP/1.0" 200 4780 "-" "Googlebot/2.1 (+http://www.googlebot.com/bot.html)"
209.74.44.37 - - [10/Oct/2003:09:06:30 -0400] "GET /movies/?id=113&au=2 HTTP/1.1" 200 644 "http://search.msn.com/results.asp?RS=CHECKED&FORM=MSNH&v=1&q=life+is+beautiful+movie+review" "Mozilla/4.0 (compatible; MSIE 5.5; Windows NT 5.0)"
209.74.44.37 - - [10/Oct/2003:09:06:30 -0400] "GET /movies/toc.php HTTP/1.1" 200 3707 "http://morpo.com/movies/?id=113&au=2" "Mozilla/4.0 (compatible; MSIE 5.5; Windows NT 5.0)"
209.74.44.37 - - [10/Oct/2003:09:06:30 -0400] "GET /movies/review.php?id=113&au=2 HTTP/1.1" 200 5859 "http://morpo.com/movies/?id=113&au=2" "Mozilla/4.0 (compatible; MSIE 5.5; Windows NT 5.0)"
209.74.44.37 - - [10/Oct/2003:09:06:30 -0400] "GET /movies/amazon.php HTTP/1.1" 200 660 "http://morpo.com/movies/toc.php" "Mozilla/4.0 (compatible; MSIE 5.5; Windows NT 5.0)"
209.74.44.37 - - [10/Oct/2003:09:06:30 -0400] "GET /movies/images/zzz.jpg HTTP/1.1" 200 7523 "http://morpo.com/movies/toc.php" "Mozilla/4.0 (compatible; MSIE 5.5; Windows NT 5.0)"
209.74.44.37 - - [10/Oct/2003:09:06:31 -0400] "GET /movies/images/bannerlogo.jpg HTTP/1.1" 200 3524 "http://morpo.com/movies/toc.php" "Mozilla/4.0 (compatible; MSIE 5.5; Windows NT 5.0)"
209.74.44.37 - - [10/Oct/2003:09:06:31 -0400] "GET /movies/images/order_now.gif HTTP/1.1" 200 1612 "http://morpo.com/movies/review.php?id=113&au=2" "Mozilla/4.0 (compatible; MSIE 5.5; Windows NT 5.0)"
209.74.44.37 - - [10/Oct/2003:09:06:31 -0400] "GET /movies/posters/113.jpg HTTP/1.1" 200 14781 "http://morpo.com/movies/review.php?id=113&au=2" "Mozilla/4.0 (compatible; MSIE 5.5; Windows NT 5.0)"
209.74.44.37 - - [10/Oct/2003:09:06:46 -0400] "GET /movies/?id=113&au=2 HTTP/1.1" 200 644 "http://search.msn.com/results.asp?RS=CHECKED&FORM=MSNH&v=1&q=Life+is+Beautiful+movie+review" "Mozilla/4.0 (compatible; MSIE 5.5; Windows NT 5.0)"
209.74.44.37 - - [10/Oct/2003:09:06:46 -0400] "GET /movies/toc.php HTTP/1.1" 200 3707 "http://morpo.com/movies/?id=113&au=2" "Mozilla/4.0 (compatible; MSIE 5.5; Windows NT 5.0)"
209.74.44.37 - - [10/Oct/2003:09:06:46 -0400] "GET /movies/review.php?id=113&au=2 HTTP/1.1" 200 5859 "http://morpo.com/movies/?id=113&au=2" "Mozilla/4.0 (compatible; MSIE 5.5; Windows NT 5.0)"
209.74.44.37 - - [10/Oct/2003:09:06:46 -0400] "GET /movies/images/zzz.jpg HTTP/1.1" 200 7523 "http://morpo.com/movies/toc.php" "Mozilla/4.0 (compatible; MSIE 5.5; Windows NT 5.0)"
209.74.44.37 - - [10/Oct/2003:09:06:46 -0400] "GET /movies/amazon.php HTTP/1.1" 200 660 "http://morpo.com/movies/toc.php" "Mozilla/4.0 (compatible; MSIE 5.5; Windows NT 5.0)"
209.74.44.37 - - [10/Oct/2003:09:06:46 -0400] "GET /movies/images/bannerlogo.jpg HTTP/1.1" 200 3524 "http://morpo.com/movies/toc.php" "Mozilla/4.0 (compatible; MSIE 5.5; Windows NT 5.0)"
209.74.44.37 - - [10/Oct/2003:09:06:46 -0400] "GET /movies/images/order_now.gif HTTP/1.1" 200 1612 "http://morpo.com/movies/review.php?id=113&au=2" "Mozilla/4.0 (compatible; MSIE 5.5; Windows NT 5.0)"
209.74.44.37 - - [10/Oct/2003:09:06:46 -0400] "GET /movies/posters/113.jpg HTTP/1.1" 200 14781 "http://morpo.com/movies/review.php?id=113&au=2" "Mozilla/4.0 (compatible; MSIE 5.5; Windows NT 5.0)"
209.74.44.37 - - [10/Oct/2003:09:07:31 -0400] "GET /movies/amazon.php HTTP/1.1" 200 660 "http://morpo.com/movies/toc.php" "Mozilla/4.0 (compatible; MSIE 5.5; Windows NT 5.0)"
216.88.158.142 - - [10/Oct/2003:09:07:34 -0400] "GET /viewer.php?vol=1&iss=1&disp=359 HTTP/1.1" 200 8759 "-" "Mozilla/4.0 compatible ZyBorg/1.0 Dead Link Checker (wn.zyborg@looksmart.net; http://www.WISEnutbot.com)"
209.74.44.37 - - [10/Oct/2003:09:07:47 -0400] "GET /movies/amazon.php HTTP/1.1" 200 660 "http://morpo.com/movies/toc.php" "Mozilla/4.0 (compatible; MSIE 5.5; Windows NT 5.0)"
64.68.82.143 - - [10/Oct/2003:09:08:25 -0400] "GET /index.php?vol=10&iss=2 HTTP/1.0" 200 6129 "-" "Googlebot/2.1 (+http://www.googlebot.com/bot.html)"
66.37.237.128 - - [10/Oct/2003:09:08:26 -0400] "GET /robert/splashpage.htm HTTP/1.1" 304 - "http://www.morpo.com/robert/" "Mozilla/5.0 (Windows; U; Windows NT 5.1; en-US; rv:1.5a) Gecko/20030728 Mozilla Firebird/0.6.1"
66.37.237.128 - - [10/Oct/2003:09:08:26 -0400] "GET /robert/topnavbar.php HTTP/1.1" 200 1097 "http://www.morpo.com/robert/" "Mozilla/5.0 (Windows; U; Windows NT 5.1; en-US; rv:1.5a) Gecko/20030728 Mozilla Firebird/0.6.1"
66.37.237.128 - - [10/Oct/2003:09:08:28 -0400] "GET /robert/uno/ HTTP/1.1" 200 474 "http://www.morpo.com/robert/topnavbar.php" "Mozilla/5.0 (Windows; U; Windows NT 5.1; en-US; rv:1.5a) Gecko/20030728 Mozilla Firebird/0.6.1"
66.37.237.128 - - [10/Oct/2003:09:08:30 -0400] "GET /robert/uno/1400/ HTTP/1.1" 200 7708 "http://www.morpo.com/robert/uno/unonavbar.htm" "Mozilla/5.0 (Windows; U; Windows NT 5.1; en-US; rv:1.5a) Gecko/20030728 Mozilla Firebird/0.6.1"
209.74.44.37 - - [10/Oct/2003:09:08:47 -0400] "GET /movies/amazon.php HTTP/1.1" 200 660 "http://morpo.com/movies/toc.php" "Mozilla/4.0 (compatible; MSIE 5.5; Windows NT 5.0)"
209.74.44.37 - - [10/Oct/2003:09:09:08 -0400] "GET /movies/?id=113&au=2 HTTP/1.1" 200 644 "http://search.msn.com/results.asp?RS=CHECKED&FORM=MSNH&v=1&q=life+is+beautiful+movie+review" "Mozilla/4.0 (compatible; MSIE 5.5; Windows NT 5.0)"
209.74.44.37 - - [10/Oct/2003:09:09:08 -0400] "GET /movies/toc.php HTTP/1.1" 200 3707 "http://morpo.com/movies/?id=113&au=2" "Mozilla/4.0 (compatible; MSIE 5.5; Windows NT 5.0)"
209.74.44.37 - - [10/Oct/2003:09:09:08 -0400] "GET /movies/review.php?id=113&au=2 HTTP/1.1" 200 5859 "http://morpo.com/movies/?id=113&au=2" "Mozilla/4.0 (compatible; MSIE 5.5; Windows NT 5.0)"
209.74.44.37 - - [10/Oct/2003:09:09:08 -0400] "GET /movies/images/zzz.jpg HTTP/1.1" 304 - "http://morpo.com/movies/toc.php" "Mozilla/4.0 (compatible; MSIE 5.5; Windows NT 5.0)"
209.74.44.37 - - [10/Oct/2003:09:09:08 -0400] "GET /movies/amazon.php HTTP/1.1" 200 660 "http://morpo.com/movies/toc.php" "Mozilla/4.0 (compatible; MSIE 5.5; Windows NT 5.0)"
209.74.44.37 - - [10/Oct/2003:09:09:08 -0400] "GET /movies/images/bannerlogo.jpg HTTP/1.1" 304 - "http://morpo.com/movies/toc.php" "Mozilla/4.0 (compatible; MSIE 5.5; Windows NT 5.0)"
209.74.44.37 - - [10/Oct/2003:09:09:08 -0400] "GET /movies/posters/113.jpg HTTP/1.1" 304 - "http://morpo.com/movies/review.php?id=113&au=2" "Mozilla/4.0 (compatible; MSIE 5.5; Windows NT 5.0)"
209.74.44.37 - - [10/Oct/2003:09:09:08 -0400] "GET /movies/images/order_now.gif HTTP/1.1" 304 - "http://morpo.com/movies/review.php?id=113&au=2" "Mozilla/4.0 (compatible; MSIE 5.5; Windows NT 5.0)"
68.13.148.103 - - [10/Oct/2003:09:09:19 -0400] "GET /robert/uno/2850/ HTTP/1.1" 200 4964 "-" "Mozilla/4.0 (compatible; MSIE 6.0; Windows NT 5.1)"
68.13.148.103 - - [10/Oct/2003:09:09:19 -0400] "GET /robert/uno/style.css HTTP/1.1" 304 - "http://www.morpo.com/robert/uno/2850/" "Mozilla/4.0 (compatible; MSIE 6.0; Windows NT 5.1)"
68.13.148.103 - - [10/Oct/2003:09:09:19 -0400] "GET /robert/uno/images/xml.gif HTTP/1.1" 304 - "http://www.morpo.com/robert/uno/2850/" "Mozilla/4.0 (compatible; MSIE 6.0; Windows NT 5.1)"
209.74.44.37 - - [10/Oct/2003:09:10:09 -0400] "GET /movies/amazon.php HTTP/1.1" 200 660 "http://morpo.com/movies/toc.php" "Mozilla/4.0 (compatible; MSIE 5.5; Windows NT 5.0)"
209.74.44.37 - - [10/Oct/2003:09:11:10 -0400] "GET /movies/amazon.php HTTP/1.1" 200 660 "http://morpo.com/movies/toc.php" "Mozilla/4.0 (compatible; MSIE 5.5; Windows NT 5.0)"
209.74.44.37 - - [10/Oct/2003:09:12:10 -0400] "GET /movies/amazon.php HTTP/1.1" 200 660 "http://morpo.com/movies/toc.php" "Mozilla/4.0 (compatible; MSIE 5.5; Windows NT 5.0)"
209.74.44.37 - - [10/Oct/2003:09:13:11 -0400] "GET /movies/amazon.php HTTP/1.1" 200 660 "http://morpo.com/movies/toc.php" "Mozilla/4.0 (compatible; MSIE 5.5; Windows NT 5.0)"
209.74.44.37 - - [10/Oct/2003:09:14:11 -0400] "GET /movies/amazon.php HTTP/1.1" 200 660 "http://morpo.com/movies/toc.php" "Mozilla/4.0 (compatible; MSIE 5.5; Windows NT 5.0)"
209.74.44.37 - - [10/Oct/2003:09:15:12 -0400] "GET /movies/amazon.php HTTP/1.1" 200 660 "http://morpo.com/movies/toc.php" "Mozilla/4.0 (compatible; MSIE 5.5; Windows NT 5.0)"
64.68.82.170 - - [10/Oct/2003:09:15:30 -0400] "GET /index.php?vol=6&iss=1 HTTP/1.0" 200 6509 "-" "Googlebot/2.1 (+http://www.googlebot.com/bot.html)"
209.74.44.37 - - [10/Oct/2003:09:16:12 -0400] "GET /movies/amazon.php HTTP/1.1" 200 660 "http://morpo.com/movies/toc.php" "Mozilla/4.0 (compatible; MSIE 5.5; Windows NT 5.0)"
64.68.82.204 - - [10/Oct/2003:09:16:35 -0400] "GET /movies/revlist.php?a=2 HTTP/1.0" 200 129859 "-" "Googlebot/2.1 (+http://www.googlebot.com/bot.html)"
209.74.44.37 - - [10/Oct/2003:09:17:13 -0400] "GET /movies/amazon.php HTTP/1.1" 200 660 "http://morpo.com/movies/toc.php" "Mozilla/4.0 (compatible; MSIE 5.5; Windows NT 5.0)"
199.43.32.22 - - [10/Oct/2003:09:17:52 -0400] "GET /movies/?id=113&au=2 HTTP/1.0" 200 632 "http://search.msn.com/spresults.aspx?q=movie+reviews+for+men&FORM=IE4" "Mozilla/4.0 (compatible; MSIE 5.5; Windows NT 4.0; T312461)"
199.43.32.22 - - [10/Oct/2003:09:17:53 -0400] "GET /movies/toc.php HTTP/1.0" 200 3695 "http://morpo.com/movies/?id=113&au=2" "Mozilla/4.0 (compatible; MSIE 5.5; Windows NT 4.0; T312461)"
199.43.32.22 - - [10/Oct/2003:09:17:53 -0400] "GET /movies/review.php?id=113&au=2 HTTP/1.0" 200 5834 "http://morpo.com/movies/?id=113&au=2" "Mozilla/4.0 (compatible; MSIE 5.5; Windows NT 4.0; T312461)"
199.43.32.22 - - [10/Oct/2003:09:17:53 -0400] "GET /movies/images/bannerlogo.jpg HTTP/1.0" 200 3524 "http://morpo.com/movies/toc.php" "Mozilla/4.0 (compatible; MSIE 5.5; Windows NT 4.0; T312461)"
199.43.32.22 - - [10/Oct/2003:09:17:53 -0400] "GET /movies/images/zzz.jpg HTTP/1.0" 200 7523 "http://morpo.com/movies/toc.php" "Mozilla/4.0 (compatible; MSIE 5.5; Windows NT 4.0; T312461)"
199.43.32.22 - - [10/Oct/2003:09:17:53 -0400] "GET /movies/amazon.php HTTP/1.0" 200 648 "http://morpo.com/movies/toc.php" "Mozilla/4.0 (compatible; MSIE 5.5; Windows NT 4.0; T312461)"
199.43.32.22 - - [10/Oct/2003:09:17:53 -0400] "GET /movies/posters/113.jpg HTTP/1.0" 200 14781 "http://morpo.com/movies/review.php?id=113&au=2" "Mozilla/4.0 (compatible; MSIE 5.5; Windows NT 4.0; T312461)"
199.43.32.22 - - [10/Oct/2003:09:17:53 -0400] "GET /movies/images/order_now.gif HTTP/1.0" 200 1612 "http://morpo.com/movies/review.php?id=113&au=2" "Mozilla/4.0 (compatible; MSIE 5.5; Windows NT 4.0; T312461)"
64.113.203.131 - - [10/Oct/2003:09:18:04 -0400] "GET /robert/uno/2850/rss.php HTTP/1.0" 200 14420 "http://morpo.com/robert/uno/2850/rss.php" "-"
64.113.203.131 - - [10/Oct/2003:09:18:05 -0400] "GET /robert/uno/1400/rss.php HTTP/1.0" 200 22208 "http://morpo.com/robert/uno/1400/rss.php" "-"
209.74.44.37 - - [10/Oct/2003:09:18:13 -0400] "GET /movies/amazon.php HTTP/1.1" 200 660 "http://morpo.com/movies/toc.php" "Mozilla/4.0 (compatible; MSIE 5.5; Windows NT 5.0)"
199.43.32.22 - - [10/Oct/2003:09:18:18 -0400] "GET /movies/search.php?d=ASC&w=mn&m=unfaithful HTTP/1.0" 200 3318 "http://morpo.com/movies/toc.php" "Mozilla/4.0 (compatible; MSIE 5.5; Windows NT 4.0; T312461)"
199.43.32.22 - - [10/Oct/2003:09:18:18 -0400] "GET /movies/images/reels.jpg HTTP/1.0" 200 3864 "http://morpo.com/movies/search.php?d=ASC&w=mn&m=unfaithful" "Mozilla/4.0 (compatible; MSIE 5.5; Windows NT 4.0; T312461)"
199.43.32.22 - - [10/Oct/2003:09:18:18 -0400] "GET /movies/images/pixel.gif HTTP/1.0" 200 807 "http://morpo.com/movies/search.php?d=ASC&w=mn&m=unfaithful" "Mozilla/4.0 (compatible; MSIE 5.5; Windows NT 4.0; T312461)"
199.43.32.22 - - [10/Oct/2003:09:18:29 -0400] "GET /movies/search.php?m=unfaithful&d=desc&l=&w=jm HTTP/1.0" 200 3317 "http://morpo.com/movies/search.php?d=ASC&w=mn&m=unfaithful" "Mozilla/4.0 (compatible; MSIE 5.5; Windows NT 4.0; T312461)"
209.74.44.37 - - [10/Oct/2003:09:21:24 -0400] "GET /movies/?id=113&au=2 HTTP/1.1" 200 644 "http://search.msn.com/results.asp?RS=CHECKED&FORM=MSNH&v=1&q=life+is+beautiful+movie+review" "Mozilla/4.0 (compatible; MSIE 5.5; Windows NT 5.0)"
209.74.44.37 - - [10/Oct/2003:09:21:24 -0400] "GET /movies/toc.php HTTP/1.1" 200 3707 "http://morpo.com/movies/?id=113&au=2" "Mozilla/4.0 (compatible; MSIE 5.5; Windows NT 5.0)"
209.74.44.37 - - [10/Oct/2003:09:21:24 -0400] "GET /movies/review.php?id=113&au=2 HTTP/1.1" 200 5859 "http://morpo.com/movies/?id=113&au=2" "Mozilla/4.0 (compatible; MSIE 5.5; Windows NT 5.0)"
209.74.44.37 - - [10/Oct/2003:09:21:24 -0400] "GET /movies/amazon.php HTTP/1.1" 200 660 "http://morpo.com/movies/toc.php" "Mozilla/4.0 (compatible; MSIE 5.5; Windows NT 5.0)"
209.74.44.37 - - [10/Oct/2003:09:21:24 -0400] "GET /movies/posters/113.jpg HTTP/1.1" 200 14781 "http://morpo.com/movies/review.php?id=113&au=2" "Mozilla/4.0 (compatible; MSIE 5.5; Windows NT 5.0)"
209.74.44.37 - - [10/Oct/2003:09:21:24 -0400] "GET /movies/images/order_now.gif HTTP/1.1" 200 1612 "http://morpo.com/movies/review.php?id=113&au=2" "Mozilla/4.0 (compatible; MSIE 5.5; Windows NT 5.0)"
209.74.44.37 - - [10/Oct/2003:09:21:24 -0400] "GET /movies/images/zzz.jpg HTTP/1.1" 200 7523 "http://morpo.com/movies/toc.php" "Mozilla/4.0 (compatible; MSIE 5.5; Windows NT 5.0)"
209.74.44.37 - - [10/Oct/2003:09:21:24 -0400] "GET /movies/images/bannerlogo.jpg HTTP/1.1" 200 3524 "http://morpo.com/movies/toc.php" "Mozilla/4.0 (compatible; MSIE 5.5; Windows NT 5.0)"
64.68.82.28 - - [10/Oct/2003:09:21:57 -0400] "GET /movies/revlist.php?a=3 HTTP/1.0" 200 153758 "-" "Googlebot/2.1 (+http://www.googlebot.com/bot.html)"
64.68.82.38 - - [10/Oct/2003:09:22:09 -0400] "GET /index.php?vol=1&iss=3 HTTP/1.0" 200 6865 "-" "Googlebot/2.1 (+http://www.googlebot.com/bot.html)"
209.74.44.37 - - [10/Oct/2003:09:22:24 -0400] "GET /movies/amazon.php HTTP/1.1" 200 660 "http://morpo.com/movies/toc.php" "Mozilla/4.0 (compatible; MSIE 5.5; Windows NT 5.0)"
209.74.44.37 - - [10/Oct/2003:09:23:25 -0400] "GET /movies/amazon.php HTTP/1.1" 200 660 "http://morpo.com/movies/toc.php" "Mozilla/4.0 (compatible; MSIE 5.5; Windows NT 5.0)"
64.68.82.7 - - [10/Oct/2003:09:26:08 -0400] "GET /index.php?vol=9&iss=4 HTTP/1.0" 200 5812 "-" "Googlebot/2.1 (+http://www.googlebot.com/bot.html)"
137.48.69.32 - - [10/Oct/2003:09:26:35 -0400] "GET /putty.exd HTTP/1.1" 404 10236 "-" "Mozilla/4.0 (compatible; MSIE 6.0; Windows NT 5.1; .NET CLR 1.1.4322)"
137.48.69.32 - - [10/Oct/2003:09:26:35 -0400] "GET /404.php?a=&b=http://www.morpo.com/putty.exd HTTP/1.1" 200 5780 "-" "Mozilla/4.0 (compatible; MSIE 6.0; Windows NT 5.1; .NET CLR 1.1.4322)"
137.48.69.32 - - [10/Oct/2003:09:26:36 -0400] "GET /images/m4.jpg HTTP/1.1" 200 8853 "http://www.morpo.com/404.php?a=&b=http://www.morpo.com/putty.exd" "Mozilla/4.0 (compatible; MSIE 6.0; Windows NT 5.1; .NET CLR 1.1.4322)"
137.48.69.32 - - [10/Oct/2003:09:26:36 -0400] "GET /common/styles.css HTTP/1.1" 200 1450 "http://www.morpo.com/404.php?a=&b=http://www.morpo.com/putty.exd" "Mozilla/4.0 (compatible; MSIE 6.0; Windows NT 5.1; .NET CLR 1.1.4322)"
137.48.69.32 - - [10/Oct/2003:09:26:56 -0400] "GET /putty.exe HTTP/1.1" 200 356352 "-" "Mozilla/4.0 (compatible; MSIE 6.0; Windows NT 5.1; .NET CLR 1.1.4322)"
209.74.44.37 - - [10/Oct/2003:09:30:30 -0400] "GET /movies/?id=113&au=2 HTTP/1.1" 200 644 "http://search.msn.com/results.asp?RS=CHECKED&FORM=MSNH&v=1&q=life+is+beautiful+movie+review" "Mozilla/4.0 (compatible; MSIE 5.5; Windows NT 5.0)"
209.74.44.37 - - [10/Oct/2003:09:30:30 -0400] "GET /movies/toc.php HTTP/1.1" 200 3707 "http://morpo.com/movies/?id=113&au=2" "Mozilla/4.0 (compatible; MSIE 5.5; Windows NT 5.0)"
209.74.44.37 - - [10/Oct/2003:09:30:30 -0400] "GET /movies/review.php?id=113&au=2 HTTP/1.1" 200 5859 "http://morpo.com/movies/?id=113&au=2" "Mozilla/4.0 (compatible; MSIE 5.5; Windows NT 5.0)"
209.74.44.37 - - [10/Oct/2003:09:30:30 -0400] "GET /movies/amazon.php HTTP/1.1" 200 660 "http://morpo.com/movies/toc.php" "Mozilla/4.0 (compatible; MSIE 5.5; Windows NT 5.0)"
209.74.44.37 - - [10/Oct/2003:09:30:30 -0400] "GET /movies/images/zzz.jpg HTTP/1.1" 200 7523 "http://morpo.com/movies/toc.php" "Mozilla/4.0 (compatible; MSIE 5.5; Windows NT 5.0)"
209.74.44.37 - - [10/Oct/2003:09:30:30 -0400] "GET /movies/images/bannerlogo.jpg HTTP/1.1" 200 3524 "http://morpo.com/movies/toc.php" "Mozilla/4.0 (compatible; MSIE 5.5; Windows NT 5.0)"
209.74.44.37 - - [10/Oct/2003:09:30:30 -0400] "GET /movies/images/order_now.gif HTTP/1.1" 200 1612 "http://morpo.com/movies/review.php?id=113&au=2" "Mozilla/4.0 (compatible; MSIE 5.5; Windows NT 5.0)"
209.74.44.37 - - [10/Oct/2003:09:30:30 -0400] "GET /movies/posters/113.jpg HTTP/1.1" 200 14781 "http://morpo.com/movies/review.php?id=113&au=2" "Mozilla/4.0 (compatible; MSIE 5.5; Windows NT 5.0)"
137.48.77.3 - - [10/Oct/2003:09:31:24 -0400] "GET /robert HTTP/1.1" 301 314 "-" "Mozilla/4.0 (compatible; MSIE 6.0; Windows NT 5.0; .NET CLR 1.0.3705)"
137.48.77.3 - - [10/Oct/2003:09:31:24 -0400] "GET /robert/ HTTP/1.1" 200 440 "-" "Mozilla/4.0 (compatible; MSIE 6.0; Windows NT 5.0; .NET CLR 1.0.3705)"
137.48.77.3 - - [10/Oct/2003:09:31:24 -0400] "GET /robert/topnavbar.php HTTP/1.1" 200 1097 "http://www.morpo.com/robert/" "Mozilla/4.0 (compatible; MSIE 6.0; Windows NT 5.0; .NET CLR 1.0.3705)"
137.48.77.3 - - [10/Oct/2003:09:31:24 -0400] "GET /robert/splashpage.htm HTTP/1.1" 304 - "http://www.morpo.com/robert/" "Mozilla/4.0 (compatible; MSIE 6.0; Windows NT 5.0; .NET CLR 1.0.3705)"
137.48.77.3 - - [10/Oct/2003:09:31:24 -0400] "GET /robert/images/sun2.jpg HTTP/1.1" 304 - "http://www.morpo.com/robert/splashpage.htm" "Mozilla/4.0 (compatible; MSIE 6.0; Windows NT 5.0; .NET CLR 1.0.3705)"
137.48.77.3 - - [10/Oct/2003:09:31:24 -0400] "GET /robert/images/bobself.jpg HTTP/1.1" 304 - "http://www.morpo.com/robert/splashpage.htm" "Mozilla/4.0 (compatible; MSIE 6.0; Windows NT 5.0; .NET CLR 1.0.3705)"
137.48.77.3 - - [10/Oct/2003:09:31:26 -0400] "GET /robert/uno/ HTTP/1.1" 200 474 "http://www.morpo.com/robert/topnavbar.php" "Mozilla/4.0 (compatible; MSIE 6.0; Windows NT 5.0; .NET CLR 1.0.3705)"
137.48.77.3 - - [10/Oct/2003:09:31:26 -0400] "GET /robert/uno/unosplash.htm HTTP/1.1" 304 - "http://www.morpo.com/robert/uno/" "Mozilla/4.0 (compatible; MSIE 6.0; Windows NT 5.0; .NET CLR 1.0.3705)"
137.48.77.3 - - [10/Oct/2003:09:31:26 -0400] "GET /robert/uno/unonavbar.htm HTTP/1.1" 304 - "http://www.morpo.com/robert/uno/" "Mozilla/4.0 (compatible; MSIE 6.0; Windows NT 5.0; .NET CLR 1.0.3705)"
137.48.77.3 - - [10/Oct/2003:09:31:27 -0400] "GET /robert/uno/1400/ HTTP/1.1" 200 7708 "http://www.morpo.com/robert/uno/unonavbar.htm" "Mozilla/4.0 (compatible; MSIE 6.0; Windows NT 5.0; .NET CLR 1.0.3705)"
137.48.77.3 - - [10/Oct/2003:09:31:27 -0400] "GET /robert/uno/style.css HTTP/1.1" 200 5266 "http://www.morpo.com/robert/uno/1400/" "Mozilla/4.0 (compatible; MSIE 6.0; Windows NT 5.0; .NET CLR 1.0.3705)"
137.48.77.3 - - [10/Oct/2003:09:31:28 -0400] "GET /robert/uno/style.css HTTP/1.1" 200 5266 "http://www.morpo.com/robert/uno/1400/" "Mozilla/4.0 (compatible; MSIE 6.0; Windows NT 5.0; .NET CLR 1.0.3705)"
137.48.77.3 - - [10/Oct/2003:09:31:28 -0400] "GET /robert/uno/images/xml.gif HTTP/1.1" 200 116 "http://www.morpo.com/robert/uno/1400/" "Mozilla/4.0 (compatible; MSIE 6.0; Windows NT 5.0; .NET CLR 1.0.3705)"
137.48.77.3 - - [10/Oct/2003:09:31:32 -0400] "GET /robert/uno/grades/03031400001.htm HTTP/1.1" 200 489865 "http://www.morpo.com/robert/uno/1400/" "Mozilla/4.0 (compatible; MSIE 6.0; Windows NT 5.0; .NET CLR 1.0.3705)"
137.48.28.26 - - [10/Oct/2003:09:34:05 -0400] "GET /wedding HTTP/1.1" 301 315 "-" "Mozilla/4.0 (compatible; MSIE 6.0; Windows NT 5.1)"
137.48.28.26 - - [10/Oct/2003:09:34:05 -0400] "GET /wedding/ HTTP/1.1" 200 2467 "-" "Mozilla/4.0 (compatible; MSIE 6.0; Windows NT 5.1)"
137.48.28.26 - - [10/Oct/2003:09:34:05 -0400] "GET /robert/uno/style.css HTTP/1.1" 304 - "http://www.morpo.com/wedding/" "Mozilla/4.0 (compatible; MSIE 6.0; Windows NT 5.1)"
137.48.28.26 - - [10/Oct/2003:09:34:11 -0400] "GET /wedding/index.php HTTP/1.1" 200 2467 "http://www.morpo.com/wedding/" "Mozilla/4.0 (compatible; MSIE 6.0; Windows NT 5.1)"
137.48.28.26 - - [10/Oct/2003:09:34:17 -0400] "GET /wedding/index.php HTTP/1.1" 200 2467 "http://www.morpo.com/wedding/index.php" "Mozilla/4.0 (compatible; MSIE 6.0; Windows NT 5.1)"
137.48.28.26 - - [10/Oct/2003:09:34:19 -0400] "GET /wedding/login.php HTTP/1.1" 200 2547 "http://www.morpo.com/wedding/index.php" "Mozilla/4.0 (compatible; MSIE 6.0; Windows NT 5.1)"
137.48.28.26 - - [10/Oct/2003:09:34:27 -0400] "POST /wedding/verify.php HTTP/1.1" 200 1749 "http://www.morpo.com/wedding/login.php" "Mozilla/4.0 (compatible; MSIE 6.0; Windows NT 5.1)"
137.48.28.26 - - [10/Oct/2003:09:34:30 -0400] "GET /wedding/listing.php HTTP/1.1" 200 33429 "http://www.morpo.com/wedding/verify.php" "Mozilla/4.0 (compatible; MSIE 6.0; Windows NT 5.1)"
64.68.82.170 - - [10/Oct/2003:09:43:10 -0400] "GET /links.php HTTP/1.0" 200 4780 "-" "Googlebot/2.1 (+http://www.googlebot.com/bot.html)"
64.68.82.38 - - [10/Oct/2003:09:44:35 -0400] "GET /robert/uno/ HTTP/1.0" 200 462 "-" "Googlebot/2.1 (+http://www.googlebot.com/bot.html)"
64.113.203.131 - - [10/Oct/2003:09:48:10 -0400] "GET /robert/uno/2850/rss.php HTTP/1.0" 200 14420 "http://morpo.com/robert/uno/2850/rss.php" "-"
64.113.203.131 - - [10/Oct/2003:09:48:11 -0400] "GET /robert/uno/1400/rss.php HTTP/1.0" 200 22208 "http://morpo.com/robert/uno/1400/rss.php" "-"
64.68.82.38 - - [10/Oct/2003:09:50:05 -0400] "GET /robert/personal/ HTTP/1.0" 304 - "-" "Googlebot/2.1 (+http://www.googlebot.com/bot.html)"
64.241.242.18 - - [10/Oct/2003:09:52:45 -0400] "GET / HTTP/1.1" 200 6148 "-" "Mozilla/4.0 compatible ZyBorg/1.0 Beta (wn.zyborg@looksmart.net; http://www.WISEnutbot.com)"
131.107.137.165 - - [10/Oct/2003:09:58:33 -0400] "GET /robots.txt HTTP/1.1" 200 97 "-" "msnbot/0.11 (+http://search.msn.com/msnbot.htm)"
131.107.137.165 - - [10/Oct/2003:09:58:34 -0400] "GET / HTTP/1.1" 200 6148 "-" "msnbot/0.11 (+http://search.msn.com/msnbot.htm)"
66.77.73.89 - - [10/Oct/2003:10:03:13 -0400] "GET /movies/ HTTP/1.0" 200 625 "-" "FAST-WebCrawler/3.7/FirstPage (atw-crawler at fast dot no;http://fast.no/support/crawler.asp)"
66.77.73.89 - - [10/Oct/2003:10:03:13 -0400] "GET /movies/content.php HTTP/1.0" 200 4055 "-" "FAST-WebCrawler/3.7/FirstPage (atw-crawler at fast dot no;http://fast.no/support/crawler.asp)"
66.77.73.89 - - [10/Oct/2003:10:03:14 -0400] "GET /movies/toc.php HTTP/1.0" 200 3695 "-" "FAST-WebCrawler/3.7/FirstPage (atw-crawler at fast dot no;http://fast.no/support/crawler.asp)"
207.223.244.33 - - [10/Oct/2003:10:05:58 -0400] "GET /robert/uno/1400/ HTTP/1.1" 200 7708 "-" "Mozilla/4.0 (compatible; MSIE 6.0; Windows NT 5.1; MSN 6.1; MSNbMSFT; MSNmen-us; MSNc21; v5m)"
207.223.244.33 - - [10/Oct/2003:10:06:00 -0400] "GET /robert/uno/style.css HTTP/1.1" 304 - "http://www.morpo.com/robert/uno/1400/" "Mozilla/4.0 (compatible; MSIE 6.0; Windows NT 5.1; MSN 6.1; MSNbMSFT; MSNmen-us; MSNc21; v5m)"
207.223.244.33 - - [10/Oct/2003:10:06:00 -0400] "GET /robert/uno/images/xml.gif HTTP/1.1" 304 - "http://www.morpo.com/robert/uno/1400/" "Mozilla/4.0 (compatible; MSIE 6.0; Windows NT 5.1; MSN 6.1; MSNbMSFT; MSNmen-us; MSNc21; v5m)"
66.196.65.34 - - [10/Oct/2003:10:08:11 -0400] "GET /robots.txt HTTP/1.0" 200 97 "-" "Mozilla/5.0 (Slurp/si; slurp@inktomi.com; http://www.inktomi.com/slurp.html)"
66.196.90.32 - - [10/Oct/2003:10:09:21 -0400] "GET /archives/tmrv2i2.txt HTTP/1.0" 200 43617 "-" "Mozilla/5.0 (Slurp/cat; slurp@inktomi.com; http://www.inktomi.com/slurp.html)"
66.156.147.168 - - [10/Oct/2003:10:12:28 -0400] "GET / HTTP/1.1" 200 6154 "-" "Mozilla/4.0 (compatible; MSIE 6.0; Windows NT 5.1; DigExt)"
66.156.147.168 - - [10/Oct/2003:10:12:29 -0400] "GET /images/m4.jpg HTTP/1.1" 200 8853 "http://www.morpo.com" "Mozilla/4.0 (compatible; MSIE 6.0; Windows NT 5.1; DigExt)"
66.156.147.168 - - [10/Oct/2003:10:12:29 -0400] "GET /common/styles.css HTTP/1.1" 200 1450 "http://www.morpo.com" "Mozilla/4.0 (compatible; MSIE 6.0; Windows NT 5.1; DigExt)"
66.156.147.168 - - [10/Oct/2003:10:12:35 -0400] "GET /guide.php HTTP/1.1" 200 24259 "http://www.morpo.com" "Mozilla/4.0 (compatible; MSIE 6.0; Windows NT 5.1; DigExt)"
66.156.147.168 - - [10/Oct/2003:10:12:37 -0400] "GET /subscribe.php HTTP/1.1" 200 5818 "http://www.morpo.com/guide.php" "Mozilla/4.0 (compatible; MSIE 6.0; Windows NT 5.1; DigExt)"
66.156.147.168 - - [10/Oct/2003:10:12:38 -0400] "GET /submit.php HTTP/1.1" 200 8470 "http://www.morpo.com/subscribe.php" "Mozilla/4.0 (compatible; MSIE 6.0; Windows NT 5.1; DigExt)"
66.156.147.168 - - [10/Oct/2003:10:12:39 -0400] "GET /subscribe.php HTTP/1.1" 200 5818 "http://www.morpo.com/submit.php" "Mozilla/4.0 (compatible; MSIE 6.0; Windows NT 5.1; DigExt)"
208.45.145.70 - - [10/Oct/2003:10:13:27 -0400] "GET /robert/ HTTP/1.1" 200 440 "-" "Mozilla/4.0 (compatible; grub-client-1.4.3; Crawl your own stuff with http://grub.org)"
137.48.130.108 - - [10/Oct/2003:10:16:40 -0400] "GET /robert HTTP/1.1" 301 314 "-" "Mozilla/4.0 (compatible; MSIE 6.0; Windows NT 5.1; (R1 1.3); .NET CLR 1.1.4322)"
137.48.130.108 - - [10/Oct/2003:10:16:40 -0400] "GET /robert/ HTTP/1.1" 200 440 "-" "Mozilla/4.0 (compatible; MSIE 6.0; Windows NT 5.1; (R1 1.3); .NET CLR 1.1.4322)"
137.48.130.108 - - [10/Oct/2003:10:16:40 -0400] "GET /robert/topnavbar.php HTTP/1.1" 200 1097 "http://www.morpo.com/robert/" "Mozilla/4.0 (compatible; MSIE 6.0; Windows NT 5.1; (R1 1.3); .NET CLR 1.1.4322)"
137.48.130.108 - - [10/Oct/2003:10:16:41 -0400] "GET /robert/splashpage.htm HTTP/1.1" 200 2783 "http://www.morpo.com/robert/" "Mozilla/4.0 (compatible; MSIE 6.0; Windows NT 5.1; (R1 1.3); .NET CLR 1.1.4322)"
137.48.130.108 - - [10/Oct/2003:10:16:41 -0400] "GET /robert/images/bobself.jpg HTTP/1.1" 200 11362 "http://www.morpo.com/robert/splashpage.htm" "Mozilla/4.0 (compatible; MSIE 6.0; Windows NT 5.1; (R1 1.3); .NET CLR 1.1.4322)"
137.48.130.108 - - [10/Oct/2003:10:16:41 -0400] "GET /robert/images/sun2.jpg HTTP/1.1" 200 9608 "http://www.morpo.com/robert/splashpage.htm" "Mozilla/4.0 (compatible; MSIE 6.0; Windows NT 5.1; (R1 1.3); .NET CLR 1.1.4322)"
137.48.130.108 - - [10/Oct/2003:10:16:43 -0400] "GET /robert/uno/ HTTP/1.1" 200 474 "http://www.morpo.com/robert/topnavbar.php" "Mozilla/4.0 (compatible; MSIE 6.0; Windows NT 5.1; (R1 1.3); .NET CLR 1.1.4322)"
137.48.130.108 - - [10/Oct/2003:10:16:43 -0400] "GET /robert/uno/unosplash.htm HTTP/1.1" 200 547 "http://www.morpo.com/robert/uno/" "Mozilla/4.0 (compatible; MSIE 6.0; Windows NT 5.1; (R1 1.3); .NET CLR 1.1.4322)"
137.48.130.108 - - [10/Oct/2003:10:16:43 -0400] "GET /robert/uno/unonavbar.htm HTTP/1.1" 200 793 "http://www.morpo.com/robert/uno/" "Mozilla/4.0 (compatible; MSIE 6.0; Windows NT 5.1; (R1 1.3); .NET CLR 1.1.4322)"
137.48.130.108 - - [10/Oct/2003:10:16:46 -0400] "GET /robert/uno/2850/ HTTP/1.1" 200 4964 "http://www.morpo.com/robert/uno/unonavbar.htm" "Mozilla/4.0 (compatible; MSIE 6.0; Windows NT 5.1; (R1 1.3); .NET CLR 1.1.4322)"
137.48.130.108 - - [10/Oct/2003:10:16:46 -0400] "GET /robert/uno/style.css HTTP/1.1" 200 5266 "http://www.morpo.com/robert/uno/2850/" "Mozilla/4.0 (compatible; MSIE 6.0; Windows NT 5.1; (R1 1.3); .NET CLR 1.1.4322)"
137.48.130.108 - - [10/Oct/2003:10:16:46 -0400] "GET /robert/uno/images/xml.gif HTTP/1.1" 200 116 "http://www.morpo.com/robert/uno/2850/" "Mozilla/4.0 (compatible; MSIE 6.0; Windows NT 5.1; (R1 1.3); .NET CLR 1.1.4322)"
64.113.203.131 - - [10/Oct/2003:10:18:14 -0400] "GET /robert/uno/2850/rss.php HTTP/1.0" 200 14420 "http://morpo.com/robert/uno/2850/rss.php" "-"
64.113.203.131 - - [10/Oct/2003:10:18:15 -0400] "GET /robert/uno/1400/rss.php HTTP/1.0" 200 22208 "http://morpo.com/robert/uno/1400/rss.php" "-"
62.101.104.68 - - [10/Oct/2003:10:21:08 -0400] "GET /v2i1/vagina.html HTTP/1.1" 404 10236 "http://www.goddesscafe.com/yoni/dentata.html" "Mozilla/4.0 (compatible; MSIE 6.0; Windows NT 5.0)"
62.101.104.68 - - [10/Oct/2003:10:21:10 -0400] "GET /404.php?a=http://www.goddesscafe.com/yoni/dentata.html&b=http://www.morpo.com/v2i1/vagina.html HTTP/1.1" 200 4103 "-" "Mozilla/4.0 (compatible; MSIE 6.0; Windows NT 5.0)"
62.101.104.68 - - [10/Oct/2003:10:21:10 -0400] "GET /common/styles.css HTTP/1.1" 200 1450 "http://www.morpo.com/404.php?a=http://www.goddesscafe.com/yoni/dentata.html&b=http://www.morpo.com/v2i1/vagina.html" "Mozilla/4.0 (compatible; MSIE 6.0; Windows NT 5.0)"
62.101.104.68 - - [10/Oct/2003:10:21:10 -0400] "GET /images/m4.jpg HTTP/1.1" 200 8853 "http://www.morpo.com/404.php?a=http://www.goddesscafe.com/yoni/dentata.html&b=http://www.morpo.com/v2i1/vagina.html" "Mozilla/4.0 (compatible; MSIE 6.0; Windows NT 5.0)"
64.68.82.170 - - [10/Oct/2003:10:21:29 -0400] "GET /archives/tmrv9i2.txt HTTP/1.0" 304 - "-" "Googlebot/2.1 (+http://www.googlebot.com/bot.html)"
216.88.158.142 - - [10/Oct/2003:10:23:53 -0400] "GET /viewer.php?vol=9&iss=4&disp=385 HTTP/1.1" 200 11156 "-" "Mozilla/4.0 compatible ZyBorg/1.0 Dead Link Checker (wn.zyborg@looksmart.net; http://www.WISEnutbot.com)"
24.192.219.122 - - [10/Oct/2003:10:24:55 -0400] "GET /movies/from-imdb.asp?id=113&au=2 HTTP/1.1" 200 165 "http://us.imdb.com/title/tt0118799/externalreviews" "Mozilla/4.0 (compatible; MSIE 6.0; Windows NT 5.1)"
137.48.19.56 - - [10/Oct/2003:10:25:35 -0400] "GET /robert/ HTTP/1.1" 200 440 "http://myuno.unomaha.edu/bin/common/announcement.pl?action=LIST&context=course_entry&course_id=_82410_1&render_type=DEFAULT" "Mozilla/4.0 (compatible; MSIE 6.0; Windows NT 5.0; .NET CLR 1.1.4322; .NET CLR 1.0.3705)"
137.48.19.56 - - [10/Oct/2003:10:25:35 -0400] "GET /robert/topnavbar.php HTTP/1.1" 200 1097 "http://morpo.com/robert/" "Mozilla/4.0 (compatible; MSIE 6.0; Windows NT 5.0; .NET CLR 1.1.4322; .NET CLR 1.0.3705)"
137.48.19.56 - - [10/Oct/2003:10:25:35 -0400] "GET /robert/splashpage.htm HTTP/1.1" 200 2783 "http://morpo.com/robert/" "Mozilla/4.0 (compatible; MSIE 6.0; Windows NT 5.0; .NET CLR 1.1.4322; .NET CLR 1.0.3705)"
137.48.19.56 - - [10/Oct/2003:10:25:35 -0400] "GET /robert/images/sun2.jpg HTTP/1.1" 200 9608 "http://morpo.com/robert/splashpage.htm" "Mozilla/4.0 (compatible; MSIE 6.0; Windows NT 5.0; .NET CLR 1.1.4322; .NET CLR 1.0.3705)"
137.48.19.56 - - [10/Oct/2003:10:25:35 -0400] "GET /robert/images/bobself.jpg HTTP/1.1" 200 11362 "http://morpo.com/robert/splashpage.htm" "Mozilla/4.0 (compatible; MSIE 6.0; Windows NT 5.0; .NET CLR 1.1.4322; .NET CLR 1.0.3705)"
137.48.19.56 - - [10/Oct/2003:10:25:37 -0400] "GET /robert/uno/ HTTP/1.1" 200 474 "http://morpo.com/robert/topnavbar.php" "Mozilla/4.0 (compatible; MSIE 6.0; Windows NT 5.0; .NET CLR 1.1.4322; .NET CLR 1.0.3705)"
137.48.19.56 - - [10/Oct/2003:10:25:37 -0400] "GET /robert/uno/unosplash.htm HTTP/1.1" 200 547 "http://morpo.com/robert/uno/" "Mozilla/4.0 (compatible; MSIE 6.0; Windows NT 5.0; .NET CLR 1.1.4322; .NET CLR 1.0.3705)"
137.48.19.56 - - [10/Oct/2003:10:25:37 -0400] "GET /robert/uno/unonavbar.htm HTTP/1.1" 200 793 "http://morpo.com/robert/uno/" "Mozilla/4.0 (compatible; MSIE 6.0; Windows NT 5.0; .NET CLR 1.1.4322; .NET CLR 1.0.3705)"
137.48.19.56 - - [10/Oct/2003:10:25:39 -0400] "GET /robert/uno/1400/ HTTP/1.1" 200 7708 "http://morpo.com/robert/uno/unonavbar.htm" "Mozilla/4.0 (compatible; MSIE 6.0; Windows NT 5.0; .NET CLR 1.1.4322; .NET CLR 1.0.3705)"
137.48.19.56 - - [10/Oct/2003:10:25:39 -0400] "GET /robert/uno/style.css HTTP/1.1" 200 5266 "http://morpo.com/robert/uno/1400/" "Mozilla/4.0 (compatible; MSIE 6.0; Windows NT 5.0; .NET CLR 1.1.4322; .NET CLR 1.0.3705)"
137.48.19.56 - - [10/Oct/2003:10:25:39 -0400] "GET /robert/uno/images/xml.gif HTTP/1.1" 200 116 "http://morpo.com/robert/uno/1400/" "Mozilla/4.0 (compatible; MSIE 6.0; Windows NT 5.0; .NET CLR 1.1.4322; .NET CLR 1.0.3705)"
207.59.80.130 - - [10/Oct/2003:10:25:49 -0400] "GET /robert/ HTTP/1.0" 200 440 "http://web.ask.com/redir?bpg=http%3a%2f%2fweb.ask.com%2fweb%3fq%3dROBERT%2bFULKERSON%26o%3d0%26page%3d1&q=ROBERT+FULKERSON&u=http%3a%2f%2ftm.wc.ask.com%2fr%3ft%3dan%26s%3da%26uid%3d2cf3b5082cf3b5082%26sid%3d3cf3b5082cf3b5082%26qid%3dE4F8FED6082F294EA35D05EBE974AF8C%26io%3d0%26sv%3dza5cb0dba%26ask%3dROBERT%2bFULKERSON%26uip%3dcf3b5082%26en%3dte%26eo%3d-100%26pt%3drobert%2ba%2bfulkerson%2b.%2bvirtual%2bhomestead%26ac%3d24%26qs%3d0%26pg%3d1%26u%3dhttp%3a%2f%2frobert.fulkerson.com%2f&s=a&bu=http%3a%2f%2frobert.fulkerson.com%2f" "Mozilla/4.0 (compatible; MSIE 5.01; Windows NT 5.0)"
207.59.80.130 - - [10/Oct/2003:10:25:49 -0400] "GET /robert/topnavbar.php HTTP/1.0" 200 1085 "http://morpo.com/robert/" "Mozilla/4.0 (compatible; MSIE 5.01; Windows NT 5.0)"
207.59.80.130 - - [10/Oct/2003:10:25:49 -0400] "GET /robert/splashpage.htm HTTP/1.0" 200 2783 "http://morpo.com/robert/" "Mozilla/4.0 (compatible; MSIE 5.01; Windows NT 5.0)"
207.59.80.130 - - [10/Oct/2003:10:25:49 -0400] "GET /robert/images/sun2.jpg HTTP/1.0" 200 9608 "http://morpo.com/robert/splashpage.htm" "Mozilla/4.0 (compatible; MSIE 5.01; Windows NT 5.0)"
207.59.80.130 - - [10/Oct/2003:10:25:49 -0400] "GET /robert/images/bobself.jpg HTTP/1.0" 200 11362 "http://morpo.com/robert/splashpage.htm" "Mozilla/4.0 (compatible; MSIE 5.01; Windows NT 5.0)"
137.48.19.56 - - [10/Oct/2003:10:25:50 -0400] "GET /robert/uno/grades/03031400001.htm HTTP/1.1" 200 489865 "http://morpo.com/robert/uno/1400/" "Mozilla/4.0 (compatible; MSIE 6.0; Windows NT 5.0; .NET CLR 1.1.4322; .NET CLR 1.0.3705)"
207.59.80.130 - - [10/Oct/2003:10:26:17 -0400] "GET /nebraska/search.htm HTTP/1.0" 200 25952 "http://web.ask.com/redir?bpg=http%3a%2f%2fweb.ask.com%2fweb%3fq%3dROBERT%2bFULKERSON%26o%3d0%26page%3d1&q=ROBERT+FULKERSON&u=http%3a%2f%2ftm.wc.ask.com%2fr%3ft%3dan%26s%3da%26uid%3d2cf3b5082cf3b5082%26sid%3d3cf3b5082cf3b5082%26qid%3dE4F8FED6082F294EA35D05EBE974AF8C%26io%3d1%26sv%3dza5cb0dba%26ask%3dROBERT%2bFULKERSON%26uip%3dcf3b5082%26en%3dte%26eo%3d-100%26pt%3dNebraska%2bWWW%2bRegistry%2bSearch%2bPage%26ac%3d24%26qs%3d0%26pg%3d1%26u%3dhttp%3a%2f%2fwww.morpo.com%2fnebraska%2fsearch.htm&s=a&bu=http%3a%2f%2fwww.morpo.com%2fnebraska%2fsearch.htm" "Mozilla/4.0 (compatible; MSIE 5.01; Windows NT 5.0)"
207.59.80.130 - - [10/Oct/2003:10:26:17 -0400] "GET /nebraska/images/fd_bg3.jpg HTTP/1.0" 200 953 "http://www.morpo.com/nebraska/search.htm" "Mozilla/4.0 (compatible; MSIE 5.01; Windows NT 5.0)"
207.59.80.130 - - [10/Oct/2003:10:26:17 -0400] "GET /nebraska/images/webregtitle.jpg HTTP/1.0" 200 5781 "http://www.morpo.com/nebraska/search.htm" "Mozilla/4.0 (compatible; MSIE 5.01; Windows NT 5.0)"
207.59.80.130 - - [10/Oct/2003:10:26:17 -0400] "GET /nebraska/other/pixel.gif HTTP/1.0" 200 807 "http://www.morpo.com/nebraska/search.htm" "Mozilla/4.0 (compatible; MSIE 5.01; Windows NT 5.0)"
137.48.69.49 - - [10/Oct/2003:10:27:38 -0400] "GET /robert/ HTTP/1.1" 200 440 "http://myuno.unomaha.edu/bin/common/announcement.pl?action=LIST&context=course_entry&course_id=_82415_1&render_type=DEFAULT" "Mozilla/4.0 (compatible; MSIE 6.0; Windows NT 5.1; .NET CLR 1.1.4322)"
137.48.69.49 - - [10/Oct/2003:10:27:38 -0400] "GET /robert/topnavbar.php HTTP/1.1" 200 1097 "http://morpo.com/robert/" "Mozilla/4.0 (compatible; MSIE 6.0; Windows NT 5.1; .NET CLR 1.1.4322)"
137.48.69.49 - - [10/Oct/2003:10:27:38 -0400] "GET /robert/splashpage.htm HTTP/1.1" 200 2783 "http://morpo.com/robert/" "Mozilla/4.0 (compatible; MSIE 6.0; Windows NT 5.1; .NET CLR 1.1.4322)"
137.48.69.49 - - [10/Oct/2003:10:27:38 -0400] "GET /robert/images/sun2.jpg HTTP/1.1" 200 9608 "http://morpo.com/robert/splashpage.htm" "Mozilla/4.0 (compatible; MSIE 6.0; Windows NT 5.1; .NET CLR 1.1.4322)"
137.48.69.49 - - [10/Oct/2003:10:27:38 -0400] "GET /robert/images/bobself.jpg HTTP/1.1" 200 11362 "http://morpo.com/robert/splashpage.htm" "Mozilla/4.0 (compatible; MSIE 6.0; Windows NT 5.1; .NET CLR 1.1.4322)"
137.48.69.49 - - [10/Oct/2003:10:27:40 -0400] "GET /robert/uno/ HTTP/1.1" 200 474 "http://morpo.com/robert/topnavbar.php" "Mozilla/4.0 (compatible; MSIE 6.0; Windows NT 5.1; .NET CLR 1.1.4322)"
137.48.69.49 - - [10/Oct/2003:10:27:40 -0400] "GET /robert/uno/unosplash.htm HTTP/1.1" 200 547 "http://morpo.com/robert/uno/" "Mozilla/4.0 (compatible; MSIE 6.0; Windows NT 5.1; .NET CLR 1.1.4322)"
137.48.69.49 - - [10/Oct/2003:10:27:40 -0400] "GET /robert/uno/unonavbar.htm HTTP/1.1" 200 793 "http://morpo.com/robert/uno/" "Mozilla/4.0 (compatible; MSIE 6.0; Windows NT 5.1; .NET CLR 1.1.4322)"
137.48.69.49 - - [10/Oct/2003:10:27:41 -0400] "GET /robert/uno/1400/ HTTP/1.1" 200 7708 "http://morpo.com/robert/uno/unonavbar.htm" "Mozilla/4.0 (compatible; MSIE 6.0; Windows NT 5.1; .NET CLR 1.1.4322)"
137.48.69.49 - - [10/Oct/2003:10:27:41 -0400] "GET /robert/uno/style.css HTTP/1.1" 200 5266 "http://morpo.com/robert/uno/1400/" "Mozilla/4.0 (compatible; MSIE 6.0; Windows NT 5.1; .NET CLR 1.1.4322)"
137.48.69.49 - - [10/Oct/2003:10:27:42 -0400] "GET /robert/uno/images/xml.gif HTTP/1.1" 200 116 "http://morpo.com/robert/uno/1400/" "Mozilla/4.0 (compatible; MSIE 6.0; Windows NT 5.1; .NET CLR 1.1.4322)"
137.48.69.49 - - [10/Oct/2003:10:29:32 -0400] "GET /robert/uno/1400/getother.php HTTP/1.1" 200 5660 "http://morpo.com/robert/uno/1400/" "Mozilla/4.0 (compatible; MSIE 6.0; Windows NT 5.1; .NET CLR 1.1.4322)"
137.48.69.49 - - [10/Oct/2003:10:30:44 -0400] "GET /robert/uno/1400/getslides.php HTTP/1.1" 200 13226 "http://morpo.com/robert/uno/1400/getother.php" "Mozilla/4.0 (compatible; MSIE 6.0; Windows NT 5.1; .NET CLR 1.1.4322)"
137.48.69.49 - - [10/Oct/2003:10:30:44 -0400] "GET /robert/uno/style.css HTTP/1.1" 304 - "http://morpo.com/robert/uno/1400/getslides.php" "Mozilla/4.0 (compatible; MSIE 6.0; Windows NT 5.1; .NET CLR 1.1.4322)"
161.243.64.195 - - [10/Oct/2003:10:35:33 -0400] "GET / HTTP/1.1" 200 6154 "http://search.msn.com/dnserror.aspx?FORM=DNSAS&q=mporpg.com" "Mozilla/4.0 (compatible; MSIE 6.0; Windows NT 5.0)"
161.243.64.195 - - [10/Oct/2003:10:35:34 -0400] "GET /images/m4.jpg HTTP/1.1" 200 8853 "http://www.morpo.com/" "Mozilla/4.0 (compatible; MSIE 6.0; Windows NT 5.0)"
161.243.64.195 - - [10/Oct/2003:10:35:34 -0400] "GET /common/styles.css HTTP/1.1" 200 1450 "http://www.morpo.com/" "Mozilla/4.0 (compatible; MSIE 6.0; Windows NT 5.0)"
68.13.152.14 - - [10/Oct/2003:10:35:55 -0400] "GET /robert/uno/grades/03031400006.htm HTTP/1.1" 200 201032 "http://www.morpo.com/robert/uno/1400/" "Mozilla/4.0 (compatible; MSIE 6.0; Windows NT 5.1)"
161.243.64.195 - - [10/Oct/2003:10:35:57 -0400] "GET / HTTP/1.1" 200 6154 "http://search.msn.com/dnserror.aspx?FORM=DNSAS&q=mporpg.com" "Mozilla/4.0 (compatible; MSIE 6.0; Windows NT 5.0)"
68.13.152.14 - - [10/Oct/2003:10:36:02 -0400] "GET /robert/uno/ HTTP/1.1" 200 474 "-" "Mozilla/4.0 (compatible; MSIE 6.0; Windows NT 5.1)"
68.13.152.14 - - [10/Oct/2003:10:36:02 -0400] "GET /robert/uno/unosplash.htm HTTP/1.1" 304 - "http://www.morpo.com/robert/uno/" "Mozilla/4.0 (compatible; MSIE 6.0; Windows NT 5.1)"
68.13.152.14 - - [10/Oct/2003:10:36:02 -0400] "GET /robert/uno/unonavbar.htm HTTP/1.1" 304 - "http://www.morpo.com/robert/uno/" "Mozilla/4.0 (compatible; MSIE 6.0; Windows NT 5.1)"
66.196.72.47 - - [10/Oct/2003:10:37:06 -0400] "GET /archives/tmrv5i2.txt HTTP/1.0" 200 59283 "-" "Mozilla/5.0 (Slurp/cat; slurp@inktomi.com; http://www.inktomi.com/slurp.html)"
161.243.64.195 - - [10/Oct/2003:10:38:33 -0400] "GET / HTTP/1.1" 200 6154 "http://search.msn.com/dnserror.aspx?FORM=DNSAS&q=mporpg.com" "Mozilla/4.0 (compatible; MSIE 6.0; Windows NT 5.0)"
137.48.135.94 - - [10/Oct/2003:10:40:31 -0400] "GET /robert HTTP/1.1" 301 314 "-" "Mozilla/4.0 (compatible; MSIE 6.0; Windows NT 5.1; .NET CLR 1.1.4322)"
137.48.135.94 - - [10/Oct/2003:10:40:31 -0400] "GET /robert/ HTTP/1.1" 200 440 "-" "Mozilla/4.0 (compatible; MSIE 6.0; Windows NT 5.1; .NET CLR 1.1.4322)"
137.48.135.94 - - [10/Oct/2003:10:40:31 -0400] "GET /robert/topnavbar.php HTTP/1.1" 200 1097 "http://www.morpo.com/robert/" "Mozilla/4.0 (compatible; MSIE 6.0; Windows NT 5.1; .NET CLR 1.1.4322)"
137.48.135.94 - - [10/Oct/2003:10:40:31 -0400] "GET /robert/splashpage.htm HTTP/1.1" 200 2783 "http://www.morpo.com/robert/" "Mozilla/4.0 (compatible; MSIE 6.0; Windows NT 5.1; .NET CLR 1.1.4322)"
137.48.135.94 - - [10/Oct/2003:10:40:31 -0400] "GET /robert/images/sun2.jpg HTTP/1.1" 200 9608 "http://www.morpo.com/robert/splashpage.htm" "Mozilla/4.0 (compatible; MSIE 6.0; Windows NT 5.1; .NET CLR 1.1.4322)"
137.48.135.94 - - [10/Oct/2003:10:40:31 -0400] "GET /robert/images/bobself.jpg HTTP/1.1" 200 11362 "http://www.morpo.com/robert/splashpage.htm" "Mozilla/4.0 (compatible; MSIE 6.0; Windows NT 5.1; .NET CLR 1.1.4322)"
137.48.135.94 - - [10/Oct/2003:10:40:33 -0400] "GET /robert/uno/ HTTP/1.1" 200 474 "http://www.morpo.com/robert/topnavbar.php" "Mozilla/4.0 (compatible; MSIE 6.0; Windows NT 5.1; .NET CLR 1.1.4322)"
137.48.135.94 - - [10/Oct/2003:10:40:33 -0400] "GET /robert/uno/unosplash.htm HTTP/1.1" 200 547 "http://www.morpo.com/robert/uno/" "Mozilla/4.0 (compatible; MSIE 6.0; Windows NT 5.1; .NET CLR 1.1.4322)"
137.48.135.94 - - [10/Oct/2003:10:40:33 -0400] "GET /robert/uno/unonavbar.htm HTTP/1.1" 200 793 "http://www.morpo.com/robert/uno/" "Mozilla/4.0 (compatible; MSIE 6.0; Windows NT 5.1; .NET CLR 1.1.4322)"
137.48.135.94 - - [10/Oct/2003:10:40:35 -0400] "GET /robert/uno/1400/ HTTP/1.1" 200 7708 "http://www.morpo.com/robert/uno/unonavbar.htm" "Mozilla/4.0 (compatible; MSIE 6.0; Windows NT 5.1; .NET CLR 1.1.4322)"
137.48.135.94 - - [10/Oct/2003:10:40:35 -0400] "GET /robert/uno/style.css HTTP/1.1" 200 5266 "http://www.morpo.com/robert/uno/1400/" "Mozilla/4.0 (compatible; MSIE 6.0; Windows NT 5.1; .NET CLR 1.1.4322)"
137.48.135.94 - - [10/Oct/2003:10:40:35 -0400] "GET /robert/uno/images/xml.gif HTTP/1.1" 200 116 "http://www.morpo.com/robert/uno/1400/" "Mozilla/4.0 (compatible; MSIE 6.0; Windows NT 5.1; .NET CLR 1.1.4322)"
137.48.135.94 - - [10/Oct/2003:10:40:39 -0400] "GET /robert/uno/grades/03031400001.htm HTTP/1.1" 200 489865 "http://www.morpo.com/robert/uno/1400/" "Mozilla/4.0 (compatible; MSIE 6.0; Windows NT 5.1; .NET CLR 1.1.4322)"
213.181.81.180 - - [10/Oct/2003:10:43:34 -0400] "GET / HTTP/1.1" 200 6154 "http://search.msn.com/dnserror.aspx?FORM=DNSAS&q=www.moopo.net" "Mozilla/4.0 (compatible; MSIE 6.0; Windows 98)"
213.181.81.180 - - [10/Oct/2003:10:43:35 -0400] "GET /common/styles.css HTTP/1.1" 200 1450 "http://www.morpo.com/" "Mozilla/4.0 (compatible; MSIE 6.0; Windows 98)"
213.181.81.180 - - [10/Oct/2003:10:43:35 -0400] "GET /images/m4.jpg HTTP/1.1" 200 8853 "http://www.morpo.com/" "Mozilla/4.0 (compatible; MSIE 6.0; Windows 98)"
213.181.81.180 - - [10/Oct/2003:10:44:07 -0400] "GET /links.php HTTP/1.1" 200 4806 "http://www.morpo.com/" "Mozilla/4.0 (compatible; MSIE 6.0; Windows 98)"
