67.28.58.3 - - [13/Oct/2003:19:59:11 -0400] "GET /robert/uno/1400/getslides.php HTTP/1.1" 200 14447 "http://www.morpo.com/robert/uno/1400/" "Mozilla/4.0 (compatible; MSIE 5.5; Windows 98; sureseeker.com; YComp 5.0.2.4)"
68.106.212.208 - - [13/Oct/2003:19:59:12 -0400] "GET /robert/uno/2850/rss.php HTTP/1.1" 200 15756 "-" "Feedreader"
68.106.212.208 - - [13/Oct/2003:19:59:13 -0400] "GET /robert/uno/1400/rss.php HTTP/1.1" 200 22815 "-" "Feedreader"
67.28.58.3 - - [13/Oct/2003:19:59:23 -0400] "GET /robert/uno/1400/docs/0150303.pdf HTTP/1.1" 200 18625 "http://www.morpo.com/robert/uno/1400/getslides.php" "Mozilla/4.0 (compatible; MSIE 5.5; Windows 98; sureseeker.com; YComp 5.0.2.4)"
67.28.58.3 - - [13/Oct/2003:19:59:26 -0400] "GET /robert/uno/1400/docs/0150303.pdf HTTP/1.1" 206 13189 "-" "contype"
67.28.58.3 - - [13/Oct/2003:19:59:29 -0400] "GET /robert/uno/1400/docs/0150303.pdf HTTP/1.1" 206 21322 "-" "Mozilla/4.0 (compatible; MSIE 5.5; Windows 98; sureseeker.com; YComp 5.0.2.4)"
67.0.5.34 - - [13/Oct/2003:20:00:17 -0400] "GET /robert/uno/grades/03031400001.htm HTTP/1.1" 200 489865 "http://www.morpo.com/robert/uno/1400/" "Mozilla/4.0 (compatible; MSIE 6.0; Windows NT 5.1; .NET CLR 1.0.3705; MSN 8.0; MSN 8.5; MSNbBBYZ; MSNmen-us; MSNcIA)"
67.28.58.3 - - [13/Oct/2003:20:01:06 -0400] "GET /robert/uno/1400/docs/0170303.pdf HTTP/1.1" 200 30864 "http://www.morpo.com/robert/uno/1400/getslides.php" "Mozilla/4.0 (compatible; MSIE 5.5; Windows 98; sureseeker.com; YComp 5.0.2.4)"
67.28.58.3 - - [13/Oct/2003:20:01:09 -0400] "GET /robert/uno/1400/docs/0170303.pdf HTTP/1.1" 206 13189 "-" "contype"
67.28.58.3 - - [13/Oct/2003:20:01:13 -0400] "GET /robert/uno/1400/docs/0170303.pdf HTTP/1.1" 206 18572 "-" "Mozilla/4.0 (compatible; MSIE 5.5; Windows 98; sureseeker.com; YComp 5.0.2.4)"
67.28.58.3 - - [13/Oct/2003:20:01:18 -0400] "GET /robert/uno/1400/docs/0170303.pdf HTTP/1.1" 206 37104 "-" "Mozilla/4.0 (compatible; MSIE 5.5; Windows 98; sureseeker.com; YComp 5.0.2.4)"
192.187.143.2 - - [13/Oct/2003:20:01:59 -0400] "GET /robots.txt HTTP/1.0" 200 97 "-" "vspider"
192.187.143.2 - - [13/Oct/2003:20:02:00 -0400] "HEAD /guide.php HTTP/1.0" 200 0 "-" "vspider"
192.187.143.2 - - [13/Oct/2003:20:02:00 -0400] "GET /guide.php HTTP/1.0" 200 24187 "-" "vspider"
67.28.58.3 - - [13/Oct/2003:20:02:27 -0400] "GET /robert/uno/1400/docs/0200303.pdf HTTP/1.1" 200 18624 "http://www.morpo.com/robert/uno/1400/getslides.php" "Mozilla/4.0 (compatible; MSIE 5.5; Windows 98; sureseeker.com; YComp 5.0.2.4)"
67.28.58.3 - - [13/Oct/2003:20:02:30 -0400] "GET /robert/uno/1400/docs/0200303.pdf HTTP/1.1" 206 18629 "-" "contype"
67.28.58.3 - - [13/Oct/2003:20:02:33 -0400] "GET /robert/uno/1400/docs/0200303.pdf HTTP/1.1" 206 18572 "-" "Mozilla/4.0 (compatible; MSIE 5.5; Windows 98; sureseeker.com; YComp 5.0.2.4)"
67.28.58.3 - - [13/Oct/2003:20:02:37 -0400] "GET /robert/uno/1400/docs/0200303.pdf HTTP/1.1" 206 24923 "-" "Mozilla/4.0 (compatible; MSIE 5.5; Windows 98; sureseeker.com; YComp 5.0.2.4)"
12.83.158.198 - - [13/Oct/2003:20:03:17 -0400] "GET /robert/ HTTP/1.1" 304 - "-" "Mozilla/4.0 (compatible; MSIE 6.0; Windows NT 5.1; AT&T CSM6.0; AT&T CSM 6; YComp 5.0.0.0)"
12.83.158.198 - - [13/Oct/2003:20:03:18 -0400] "GET /robert/topnavbar.php HTTP/1.1" 200 1097 "http://morpo.com/robert/" "Mozilla/4.0 (compatible; MSIE 6.0; Windows NT 5.1; AT&T CSM6.0; AT&T CSM 6; YComp 5.0.0.0)"
12.83.158.198 - - [13/Oct/2003:20:03:18 -0400] "GET /robert/splashpage.htm HTTP/1.1" 304 - "http://morpo.com/robert/" "Mozilla/4.0 (compatible; MSIE 6.0; Windows NT 5.1; AT&T CSM6.0; AT&T CSM 6; YComp 5.0.0.0)"
12.83.158.198 - - [13/Oct/2003:20:03:20 -0400] "GET /robert/uno/ HTTP/1.1" 200 474 "http://morpo.com/robert/topnavbar.php" "Mozilla/4.0 (compatible; MSIE 6.0; Windows NT 5.1; AT&T CSM6.0; AT&T CSM 6; YComp 5.0.0.0)"
12.83.158.198 - - [13/Oct/2003:20:03:21 -0400] "GET /robert/uno/unosplash.htm HTTP/1.1" 304 - "http://morpo.com/robert/uno/" "Mozilla/4.0 (compatible; MSIE 6.0; Windows NT 5.1; AT&T CSM6.0; AT&T CSM 6; YComp 5.0.0.0)"
12.83.158.198 - - [13/Oct/2003:20:03:21 -0400] "GET /robert/uno/unonavbar.htm HTTP/1.1" 304 - "http://morpo.com/robert/uno/" "Mozilla/4.0 (compatible; MSIE 6.0; Windows NT 5.1; AT&T CSM6.0; AT&T CSM 6; YComp 5.0.0.0)"
12.83.158.198 - - [13/Oct/2003:20:03:23 -0400] "GET /robert/uno/1400/ HTTP/1.1" 200 7338 "http://morpo.com/robert/uno/unonavbar.htm" "Mozilla/4.0 (compatible; MSIE 6.0; Windows NT 5.1; AT&T CSM6.0; AT&T CSM 6; YComp 5.0.0.0)"
12.83.158.198 - - [13/Oct/2003:20:03:24 -0400] "GET /robert/uno/style.css HTTP/1.1" 304 - "http://morpo.com/robert/uno/1400/" "Mozilla/4.0 (compatible; MSIE 6.0; Windows NT 5.1; AT&T CSM6.0; AT&T CSM 6; YComp 5.0.0.0)"
12.83.158.198 - - [13/Oct/2003:20:03:24 -0400] "GET /robert/uno/images/xml.gif HTTP/1.1" 304 - "http://morpo.com/robert/uno/1400/" "Mozilla/4.0 (compatible; MSIE 6.0; Windows NT 5.1; AT&T CSM6.0; AT&T CSM 6; YComp 5.0.0.0)"
12.83.158.198 - - [13/Oct/2003:20:03:30 -0400] "GET /robert/uno/1400/getslides.php HTTP/1.1" 200 14447 "http://morpo.com/robert/uno/1400/" "Mozilla/4.0 (compatible; MSIE 6.0; Windows NT 5.1; AT&T CSM6.0; AT&T CSM 6; YComp 5.0.0.0)"
12.83.158.198 - - [13/Oct/2003:20:03:54 -0400] "GET /robert/uno/1400/docs/0150306.pdf HTTP/1.1" 200 27828 "-" "Mozilla/4.0 (compatible; MSIE 6.0; Windows NT 5.1; AT&T CSM6.0; AT&T CSM 6; YComp 5.0.0.0)"
12.83.158.198 - - [13/Oct/2003:20:04:01 -0400] "GET /robert/uno/1400/docs/0160306.pdf HTTP/1.1" 200 35746 "-" "Mozilla/4.0 (compatible; MSIE 6.0; Windows NT 5.1; AT&T CSM6.0; AT&T CSM 6; YComp 5.0.0.0)"
193.50.139.30 - - [13/Oct/2003:20:04:11 -0400] "GET /viewer.php?vol=2&iss=2&disp=253 HTTP/1.1" 200 7264 "-" "Mozilla/4.0 (compatible; grub-client-1.3.7; Crawl your own stuff with http://grub.org)"
12.83.158.198 - - [13/Oct/2003:20:04:51 -0400] "GET /robert/uno/1400/docs/0180306.pdf HTTP/1.1" 200 32907 "-" "Mozilla/4.0 (compatible; MSIE 6.0; Windows NT 5.1; AT&T CSM6.0; AT&T CSM 6; YComp 5.0.0.0)"
12.83.158.198 - - [13/Oct/2003:20:04:54 -0400] "GET /robert/uno/1400/docs/0170306.pdf HTTP/1.1" 200 46154 "-" "Mozilla/4.0 (compatible; MSIE 6.0; Windows NT 5.1; AT&T CSM6.0; AT&T CSM 6; YComp 5.0.0.0)"
12.83.158.198 - - [13/Oct/2003:20:05:05 -0400] "GET /robert/uno/1400/docs/0200306.pdf HTTP/1.1" 200 33975 "-" "Mozilla/4.0 (compatible; MSIE 6.0; Windows NT 5.1; AT&T CSM6.0; AT&T CSM 6; YComp 5.0.0.0)"
12.83.158.198 - - [13/Oct/2003:20:05:07 -0400] "GET /robert/uno/1400/docs/0190306.pdf HTTP/1.1" 200 35612 "-" "Mozilla/4.0 (compatible; MSIE 6.0; Windows NT 5.1; AT&T CSM6.0; AT&T CSM 6; YComp 5.0.0.0)"
66.196.72.22 - - [13/Oct/2003:20:05:17 -0400] "GET /v1i5/still.html HTTP/1.0" 404 10208 "-" "Mozilla/5.0 (Slurp/cat; slurp@inktomi.com; http://www.inktomi.com/slurp.html)"
12.83.158.198 - - [13/Oct/2003:20:05:20 -0400] "GET /robert/uno/1400/docs/0220306.pdf HTTP/1.1" 200 39402 "-" "Mozilla/4.0 (compatible; MSIE 6.0; Windows NT 5.1; AT&T CSM6.0; AT&T CSM 6; YComp 5.0.0.0)"
12.83.158.198 - - [13/Oct/2003:20:05:23 -0400] "GET /robert/uno/1400/docs/0210306.pdf HTTP/1.1" 200 43729 "-" "Mozilla/4.0 (compatible; MSIE 6.0; Windows NT 5.1; AT&T CSM6.0; AT&T CSM 6; YComp 5.0.0.0)"
205.188.208.75 - - [13/Oct/2003:20:06:59 -0400] "GET /putty.exe HTTP/1.0" 200 356352 "-" "Mozilla/4.0 (compatible; MSIE 6.0; AOL 9.0; Windows NT 5.1)"
170.186.97.241 - - [13/Oct/2003:20:08:45 -0400] "GET /robert/topnavbar.php HTTP/1.1" 200 1097 "-" "Mozilla/4.0 (compatible;)"
66.196.65.34 - - [13/Oct/2003:20:09:53 -0400] "GET /robots.txt HTTP/1.0" 200 97 "-" "Mozilla/5.0 (Slurp/si; slurp@inktomi.com; http://www.inktomi.com/slurp.html)"
68.96.135.135 - - [13/Oct/2003:20:11:21 -0400] "GET /robert/ HTTP/1.1" 200 440 "-" "Mozilla/4.0 (compatible; MSIE 6.0; Windows NT 5.0)"
68.96.135.135 - - [13/Oct/2003:20:11:21 -0400] "GET /robert/splashpage.htm HTTP/1.1" 200 2783 "http://www.morpo.com/robert/" "Mozilla/4.0 (compatible; MSIE 6.0; Windows NT 5.0)"
68.96.135.135 - - [13/Oct/2003:20:11:21 -0400] "GET /robert/topnavbar.php HTTP/1.1" 200 1097 "http://www.morpo.com/robert/" "Mozilla/4.0 (compatible; MSIE 6.0; Windows NT 5.0)"
68.96.135.135 - - [13/Oct/2003:20:11:21 -0400] "GET /robert/images/sun2.jpg HTTP/1.1" 200 9608 "http://www.morpo.com/robert/splashpage.htm" "Mozilla/4.0 (compatible; MSIE 6.0; Windows NT 5.0)"
68.96.135.135 - - [13/Oct/2003:20:11:21 -0400] "GET /robert/images/bobself.jpg HTTP/1.1" 200 11362 "http://www.morpo.com/robert/splashpage.htm" "Mozilla/4.0 (compatible; MSIE 6.0; Windows NT 5.0)"
68.96.135.135 - - [13/Oct/2003:20:11:23 -0400] "GET /robert/uno/ HTTP/1.1" 200 474 "http://www.morpo.com/robert/topnavbar.php" "Mozilla/4.0 (compatible; MSIE 6.0; Windows NT 5.0)"
68.96.135.135 - - [13/Oct/2003:20:11:23 -0400] "GET /robert/uno/unosplash.htm HTTP/1.1" 200 547 "http://www.morpo.com/robert/uno/" "Mozilla/4.0 (compatible; MSIE 6.0; Windows NT 5.0)"
68.96.135.135 - - [13/Oct/2003:20:11:23 -0400] "GET /robert/uno/unonavbar.htm HTTP/1.1" 200 793 "http://www.morpo.com/robert/uno/" "Mozilla/4.0 (compatible; MSIE 6.0; Windows NT 5.0)"
68.96.135.135 - - [13/Oct/2003:20:11:30 -0400] "GET /robert/uno/2850/ HTTP/1.1" 200 5153 "http://www.morpo.com/robert/uno/unonavbar.htm" "Mozilla/4.0 (compatible; MSIE 6.0; Windows NT 5.0)"
68.96.135.135 - - [13/Oct/2003:20:11:30 -0400] "GET /robert/uno/style.css HTTP/1.1" 200 5266 "http://www.morpo.com/robert/uno/2850/" "Mozilla/4.0 (compatible; MSIE 6.0; Windows NT 5.0)"
68.96.135.135 - - [13/Oct/2003:20:11:33 -0400] "GET /robert/uno/images/xml.gif HTTP/1.1" 200 116 "http://www.morpo.com/robert/uno/2850/" "Mozilla/4.0 (compatible; MSIE 6.0; Windows NT 5.0)"
68.96.135.135 - - [13/Oct/2003:20:11:34 -0400] "GET /robert/uno/grades/03032850001.htm HTTP/1.1" 200 125317 "http://www.morpo.com/robert/uno/2850/" "Mozilla/4.0 (compatible; MSIE 6.0; Windows NT 5.0)"
68.96.135.135 - - [13/Oct/2003:20:12:33 -0400] "GET /robert/uno/2850/ HTTP/1.1" 200 5153 "http://www.morpo.com/robert/uno/unonavbar.htm" "Mozilla/4.0 (compatible; MSIE 6.0; Windows NT 5.0)"
66.196.72.14 - - [13/Oct/2003:20:13:14 -0400] "GET /v4i1/nobody.html HTTP/1.0" 404 10208 "-" "Mozilla/5.0 (Slurp/cat; slurp@inktomi.com; http://www.inktomi.com/slurp.html)"
68.106.212.208 - - [13/Oct/2003:20:14:25 -0400] "GET /robert/uno/2850/rss.php HTTP/1.1" 200 15756 "-" "Feedreader"
68.106.212.208 - - [13/Oct/2003:20:14:25 -0400] "GET /robert/uno/1400/rss.php HTTP/1.1" 200 22815 "-" "Feedreader"
66.196.72.26 - - [13/Oct/2003:20:19:09 -0400] "GET /v7i2/weusedtolivetogether.htm HTTP/1.0" 404 10208 "-" "Mozilla/5.0 (Slurp/cat; slurp@inktomi.com; http://www.inktomi.com/slurp.html)"
68.13.87.140 - - [13/Oct/2003:20:20:08 -0400] "GET /robert/uno/grades/03031400001.htm HTTP/1.1" 304 - "-" "Mozilla/4.0 (compatible; MSIE 6.0; Windows NT 5.1; .NET CLR 1.0.3705; .NET CLR 1.1.4322)"
66.196.72.77 - - [13/Oct/2003:20:24:24 -0400] "GET /v6i1/yestherestillaresomegoodones.htm HTTP/1.0" 404 10208 "-" "Mozilla/5.0 (Slurp/cat; slurp@inktomi.com; http://www.inktomi.com/slurp.html)"
68.13.152.14 - - [13/Oct/2003:20:26:50 -0400] "GET /robert/uno/1400 HTTP/1.1" 301 323 "-" "Mozilla/4.0 (compatible; MSIE 6.0; Windows NT 5.1)"
68.13.152.14 - - [13/Oct/2003:20:26:50 -0400] "GET /robert/uno/1400/ HTTP/1.1" 200 7338 "-" "Mozilla/4.0 (compatible; MSIE 6.0; Windows NT 5.1)"
68.13.152.14 - - [13/Oct/2003:20:26:50 -0400] "GET /robert/uno/style.css HTTP/1.1" 304 - "http://www.morpo.com/robert/uno/1400/" "Mozilla/4.0 (compatible; MSIE 6.0; Windows NT 5.1)"
68.13.152.14 - - [13/Oct/2003:20:26:51 -0400] "GET /robert/uno/images/xml.gif HTTP/1.1" 304 - "http://www.morpo.com/robert/uno/1400/" "Mozilla/4.0 (compatible; MSIE 6.0; Windows NT 5.1)"
192.187.143.2 - - [13/Oct/2003:20:28:27 -0400] "GET /robots.txt HTTP/1.0" 200 97 "-" "vspider"
192.187.143.2 - - [13/Oct/2003:20:28:27 -0400] "HEAD /past.php HTTP/1.0" 200 0 "-" "vspider"
192.187.143.2 - - [13/Oct/2003:20:28:28 -0400] "GET /past.php HTTP/1.0" 200 9225 "-" "vspider"
68.13.22.113 - - [13/Oct/2003:20:28:57 -0400] "GET /robert/uno HTTP/1.1" 301 318 "-" "Mozilla/4.0 (compatible; MSIE 6.0; Windows NT 5.1)"
68.13.22.113 - - [13/Oct/2003:20:28:58 -0400] "GET /robert/uno/ HTTP/1.1" 200 474 "-" "Mozilla/4.0 (compatible; MSIE 6.0; Windows NT 5.1)"
68.13.22.113 - - [13/Oct/2003:20:28:58 -0400] "GET /robert/uno/unosplash.htm HTTP/1.1" 304 - "http://www.morpo.com/robert/uno/" "Mozilla/4.0 (compatible; MSIE 6.0; Windows NT 5.1)"
68.13.22.113 - - [13/Oct/2003:20:28:58 -0400] "GET /robert/uno/unonavbar.htm HTTP/1.1" 304 - "http://www.morpo.com/robert/uno/" "Mozilla/4.0 (compatible; MSIE 6.0; Windows NT 5.1)"
68.13.22.113 - - [13/Oct/2003:20:29:06 -0400] "GET /robert/uno/1400/ HTTP/1.1" 200 7338 "http://www.morpo.com/robert/uno/unonavbar.htm" "Mozilla/4.0 (compatible; MSIE 6.0; Windows NT 5.1)"
68.13.22.113 - - [13/Oct/2003:20:29:06 -0400] "GET /robert/uno/style.css HTTP/1.1" 304 - "http://www.morpo.com/robert/uno/1400/" "Mozilla/4.0 (compatible; MSIE 6.0; Windows NT 5.1)"
68.13.22.113 - - [13/Oct/2003:20:29:08 -0400] "GET /robert/uno/1400/getslides.php HTTP/1.1" 200 14447 "http://www.morpo.com/robert/uno/1400/" "Mozilla/4.0 (compatible; MSIE 6.0; Windows NT 5.1)"
68.13.22.113 - - [13/Oct/2003:20:29:13 -0400] "GET /robert/uno/1400/docs/0090206.pdf HTTP/1.1" 304 - "http://www.morpo.com/robert/uno/1400/getslides.php" "Mozilla/4.0 (compatible; MSIE 6.0; Windows NT 5.1)"
68.13.22.113 - - [13/Oct/2003:20:29:19 -0400] "GET /robert/uno/1400/docs/0100206.pdf HTTP/1.1" 304 - "http://www.morpo.com/robert/uno/1400/getslides.php" "Mozilla/4.0 (compatible; MSIE 6.0; Windows NT 5.1)"
68.13.22.113 - - [13/Oct/2003:20:29:24 -0400] "GET /robert/uno/1400/docs/0110306.pdf HTTP/1.1" 304 - "http://www.morpo.com/robert/uno/1400/getslides.php" "Mozilla/4.0 (compatible; MSIE 6.0; Windows NT 5.1)"
68.13.22.113 - - [13/Oct/2003:20:29:31 -0400] "GET /robert/uno/1400/docs/0120206.pdf HTTP/1.1" 304 - "http://www.morpo.com/robert/uno/1400/getslides.php" "Mozilla/4.0 (compatible; MSIE 6.0; Windows NT 5.1)"
68.106.212.208 - - [13/Oct/2003:20:29:33 -0400] "GET /robert/uno/2850/rss.php HTTP/1.1" 200 15756 "-" "Feedreader"
68.106.212.208 - - [13/Oct/2003:20:29:33 -0400] "GET /robert/uno/1400/rss.php HTTP/1.1" 200 22815 "-" "Feedreader"
66.50.83.241 - - [13/Oct/2003:20:30:36 -0400] "GET /movies/?id=113&au=2 HTTP/1.1" 200 644 "http://search.msn.com/results.asp?RS=CHECKED&FORM=MSNH&v=1&q=life+is+beautiful+movie" "Mozilla/4.0 (compatible; MSIE 6.0; Windows NT 5.1; FunWebProducts)"
66.50.83.241 - - [13/Oct/2003:20:30:37 -0400] "GET /movies/toc.php HTTP/1.1" 200 3707 "http://morpo.com/movies/?id=113&au=2" "Mozilla/4.0 (compatible; MSIE 6.0; Windows NT 5.1; FunWebProducts)"
66.50.83.241 - - [13/Oct/2003:20:30:38 -0400] "GET /movies/review.php?id=113&au=2 HTTP/1.1" 200 5859 "http://morpo.com/movies/?id=113&au=2" "Mozilla/4.0 (compatible; MSIE 6.0; Windows NT 5.1; FunWebProducts)"
66.50.83.241 - - [13/Oct/2003:20:30:38 -0400] "GET /movies/amazon.php HTTP/1.1" 200 660 "http://morpo.com/movies/toc.php" "Mozilla/4.0 (compatible; MSIE 6.0; Windows NT 5.1; FunWebProducts)"
66.50.83.241 - - [13/Oct/2003:20:30:39 -0400] "GET /movies/images/zzz.jpg HTTP/1.1" 200 7523 "http://morpo.com/movies/toc.php" "Mozilla/4.0 (compatible; MSIE 6.0; Windows NT 5.1; FunWebProducts)"
66.50.83.241 - - [13/Oct/2003:20:30:39 -0400] "GET /movies/images/bannerlogo.jpg HTTP/1.1" 200 3524 "http://morpo.com/movies/toc.php" "Mozilla/4.0 (compatible; MSIE 6.0; Windows NT 5.1; FunWebProducts)"
66.50.83.241 - - [13/Oct/2003:20:30:41 -0400] "GET /movies/images/order_now.gif HTTP/1.1" 200 1612 "http://morpo.com/movies/review.php?id=113&au=2" "Mozilla/4.0 (compatible; MSIE 6.0; Windows NT 5.1; FunWebProducts)"
66.50.83.241 - - [13/Oct/2003:20:30:42 -0400] "GET /movies/posters/113.jpg HTTP/1.1" 200 14781 "http://morpo.com/movies/review.php?id=113&au=2" "Mozilla/4.0 (compatible; MSIE 6.0; Windows NT 5.1; FunWebProducts)"
66.196.72.23 - - [13/Oct/2003:20:31:22 -0400] "GET /v1i3 HTTP/1.0" 404 10208 "-" "Mozilla/5.0 (Slurp/cat; slurp@inktomi.com; http://www.inktomi.com/slurp.html)"
204.26.108.119 - - [13/Oct/2003:20:31:45 -0400] "GET /putty HTTP/1.1" 404 10236 "-" "Mozilla/4.0 (compatible; MSIE 6.0; Windows NT 5.1)"
66.50.83.241 - - [13/Oct/2003:20:31:47 -0400] "GET /movies/amazon.php HTTP/1.1" 200 660 "-" "Mozilla/4.0 (compatible; MSIE 6.0; Windows NT 5.1; FunWebProducts)"
204.26.108.119 - - [13/Oct/2003:20:31:56 -0400] "GET /putty.exe HTTP/1.1" 200 356352 "-" "Mozilla/4.0 (compatible; MSIE 6.0; Windows NT 5.1)"
204.26.108.119 - - [13/Oct/2003:20:32:21 -0400] "GET /putty.exe HTTP/1.1" 304 - "-" "Mozilla/4.0 (compatible; MSIE 6.0; Windows NT 5.1)"
66.50.83.241 - - [13/Oct/2003:20:32:50 -0400] "GET /movies/amazon.php HTTP/1.1" 200 660 "-" "Mozilla/4.0 (compatible; MSIE 6.0; Windows NT 5.1; FunWebProducts)"
203.46.70.170 - - [13/Oct/2003:20:33:53 -0400] "GET /movies/?id=113&au=2 HTTP/1.0" 200 632 "http://search.ninemsn.com.au/results.aspx?srch=105&FORM=AS5&q=BEAUTIFUL+LIFE+MOVIE" "Mozilla/4.0 (compatible; MSIE 6.0; Windows NT 5.0; .NET CLR 1.0.3705)"
66.50.83.241 - - [13/Oct/2003:20:33:54 -0400] "GET /movies/amazon.php HTTP/1.1" 200 660 "-" "Mozilla/4.0 (compatible; MSIE 6.0; Windows NT 5.1; FunWebProducts)"
203.46.70.170 - - [13/Oct/2003:20:33:57 -0400] "GET /movies/toc.php HTTP/1.0" 200 3695 "http://morpo.com/movies/?id=113&au=2" "Mozilla/4.0 (compatible; MSIE 6.0; Windows NT 5.0; .NET CLR 1.0.3705)"
203.46.70.170 - - [13/Oct/2003:20:33:57 -0400] "GET /movies/review.php?id=113&au=2 HTTP/1.0" 200 5834 "http://morpo.com/movies/?id=113&au=2" "Mozilla/4.0 (compatible; MSIE 6.0; Windows NT 5.0; .NET CLR 1.0.3705)"
203.46.70.170 - - [13/Oct/2003:20:33:57 -0400] "GET /movies/images/zzz.jpg HTTP/1.0" 200 7523 "http://morpo.com/movies/toc.php" "Mozilla/4.0 (compatible; MSIE 6.0; Windows NT 5.0; .NET CLR 1.0.3705)"
203.46.70.170 - - [13/Oct/2003:20:33:57 -0400] "GET /movies/amazon.php HTTP/1.0" 200 648 "http://morpo.com/movies/toc.php" "Mozilla/4.0 (compatible; MSIE 6.0; Windows NT 5.0; .NET CLR 1.0.3705)"
203.46.70.170 - - [13/Oct/2003:20:33:57 -0400] "GET /movies/images/bannerlogo.jpg HTTP/1.0" 200 3524 "http://morpo.com/movies/toc.php" "Mozilla/4.0 (compatible; MSIE 6.0; Windows NT 5.0; .NET CLR 1.0.3705)"
203.46.70.170 - - [13/Oct/2003:20:33:58 -0400] "GET /movies/images/order_now.gif HTTP/1.0" 200 1612 "http://morpo.com/movies/review.php?id=113&au=2" "Mozilla/4.0 (compatible; MSIE 6.0; Windows NT 5.0; .NET CLR 1.0.3705)"
203.46.70.170 - - [13/Oct/2003:20:33:59 -0400] "GET /movies/posters/113.jpg HTTP/1.0" 200 14781 "http://morpo.com/movies/review.php?id=113&au=2" "Mozilla/4.0 (compatible; MSIE 6.0; Windows NT 5.0; .NET CLR 1.0.3705)"
155.31.31.102 - - [13/Oct/2003:20:34:23 -0400] "GET /movies/?id=113&au=2 HTTP/1.1" 200 644 "-" "Mozilla/5.0 (Windows; U; Windows NT 5.1; en-US; rv:1.5a) Gecko/20030728 Mozilla Firebird/0.6.1"
155.31.31.102 - - [13/Oct/2003:20:34:23 -0400] "GET /movies/toc.php HTTP/1.1" 200 3707 "-" "Mozilla/5.0 (Windows; U; Windows NT 5.1; en-US; rv:1.5a) Gecko/20030728 Mozilla Firebird/0.6.1"
155.31.31.102 - - [13/Oct/2003:20:34:23 -0400] "GET /movies/review.php?id=113&au=2 HTTP/1.1" 200 5859 "-" "Mozilla/5.0 (Windows; U; Windows NT 5.1; en-US; rv:1.5a) Gecko/20030728 Mozilla Firebird/0.6.1"
155.31.31.102 - - [13/Oct/2003:20:34:24 -0400] "GET /favicon.ico HTTP/1.1" 404 10236 "-" "Mozilla/5.0 (Windows; U; Windows NT 5.1; en-US; rv:1.5a) Gecko/20030728 Mozilla Firebird/0.6.1"
155.31.31.102 - - [13/Oct/2003:20:34:24 -0400] "GET /movies/images/order_now.gif HTTP/1.1" 200 1612 "-" "Mozilla/5.0 (Windows; U; Windows NT 5.1; en-US; rv:1.5a) Gecko/20030728 Mozilla Firebird/0.6.1"
155.31.31.102 - - [13/Oct/2003:20:34:24 -0400] "GET /movies/posters/113.jpg HTTP/1.1" 200 14781 "-" "Mozilla/5.0 (Windows; U; Windows NT 5.1; en-US; rv:1.5a) Gecko/20030728 Mozilla Firebird/0.6.1"
155.31.31.102 - - [13/Oct/2003:20:34:24 -0400] "GET /movies/images/zzz.jpg HTTP/1.1" 200 7523 "-" "Mozilla/5.0 (Windows; U; Windows NT 5.1; en-US; rv:1.5a) Gecko/20030728 Mozilla Firebird/0.6.1"
155.31.31.102 - - [13/Oct/2003:20:34:24 -0400] "GET /movies/amazon.php HTTP/1.1" 200 660 "-" "Mozilla/5.0 (Windows; U; Windows NT 5.1; en-US; rv:1.5a) Gecko/20030728 Mozilla Firebird/0.6.1"
155.31.31.102 - - [13/Oct/2003:20:34:24 -0400] "GET /movies/images/bannerlogo.jpg HTTP/1.1" 200 3524 "-" "Mozilla/5.0 (Windows; U; Windows NT 5.1; en-US; rv:1.5a) Gecko/20030728 Mozilla Firebird/0.6.1"
66.50.83.241 - - [13/Oct/2003:20:35:01 -0400] "GET /movies/amazon.php HTTP/1.1" 200 660 "-" "Mozilla/4.0 (compatible; MSIE 6.0; Windows NT 5.1; FunWebProducts)"
66.50.83.241 - - [13/Oct/2003:20:36:05 -0400] "GET /movies/amazon.php HTTP/1.1" 200 660 "-" "Mozilla/4.0 (compatible; MSIE 6.0; Windows NT 5.1; FunWebProducts)"
66.50.83.241 - - [13/Oct/2003:20:37:09 -0400] "GET /movies/amazon.php HTTP/1.1" 200 660 "-" "Mozilla/4.0 (compatible; MSIE 6.0; Windows NT 5.1; FunWebProducts)"
67.28.58.3 - - [13/Oct/2003:20:37:41 -0400] "GET /robert/ HTTP/1.1" 304 - "-" "Mozilla/4.0 (compatible; MSIE 5.5; Windows 98; sureseeker.com; YComp 5.0.2.4)"
67.28.58.3 - - [13/Oct/2003:20:37:42 -0400] "GET /robert/topnavbar.php HTTP/1.1" 200 1097 "http://www.morpo.com/robert/" "Mozilla/4.0 (compatible; MSIE 5.5; Windows 98; sureseeker.com; YComp 5.0.2.4)"
67.28.58.3 - - [13/Oct/2003:20:37:42 -0400] "GET /robert/splashpage.htm HTTP/1.1" 304 - "http://www.morpo.com/robert/" "Mozilla/4.0 (compatible; MSIE 5.5; Windows 98; sureseeker.com; YComp 5.0.2.4)"
67.28.58.3 - - [13/Oct/2003:20:37:42 -0400] "GET /robert/images/sun2.jpg HTTP/1.1" 304 - "http://www.morpo.com/robert/splashpage.htm" "Mozilla/4.0 (compatible; MSIE 5.5; Windows 98; sureseeker.com; YComp 5.0.2.4)"
67.28.58.3 - - [13/Oct/2003:20:37:42 -0400] "GET /robert/images/bobself.jpg HTTP/1.1" 304 - "http://www.morpo.com/robert/splashpage.htm" "Mozilla/4.0 (compatible; MSIE 5.5; Windows 98; sureseeker.com; YComp 5.0.2.4)"
67.28.58.3 - - [13/Oct/2003:20:37:44 -0400] "GET /robert/uno/ HTTP/1.1" 200 474 "http://www.morpo.com/robert/topnavbar.php" "Mozilla/4.0 (compatible; MSIE 5.5; Windows 98; sureseeker.com; YComp 5.0.2.4)"
67.28.58.3 - - [13/Oct/2003:20:37:44 -0400] "GET /robert/uno/unosplash.htm HTTP/1.1" 304 - "http://www.morpo.com/robert/uno/" "Mozilla/4.0 (compatible; MSIE 5.5; Windows 98; sureseeker.com; YComp 5.0.2.4)"
67.28.58.3 - - [13/Oct/2003:20:37:44 -0400] "GET /robert/uno/unonavbar.htm HTTP/1.1" 304 - "http://www.morpo.com/robert/uno/" "Mozilla/4.0 (compatible; MSIE 5.5; Windows 98; sureseeker.com; YComp 5.0.2.4)"
67.28.58.3 - - [13/Oct/2003:20:37:46 -0400] "GET /robert/uno/1400/ HTTP/1.1" 200 7338 "http://www.morpo.com/robert/uno/unonavbar.htm" "Mozilla/4.0 (compatible; MSIE 5.5; Windows 98; sureseeker.com; YComp 5.0.2.4)"
67.28.58.3 - - [13/Oct/2003:20:37:47 -0400] "GET /robert/uno/style.css HTTP/1.1" 304 - "http://www.morpo.com/robert/uno/1400/" "Mozilla/4.0 (compatible; MSIE 5.5; Windows 98; sureseeker.com; YComp 5.0.2.4)"
67.28.58.3 - - [13/Oct/2003:20:37:47 -0400] "GET /robert/uno/images/xml.gif HTTP/1.1" 304 - "http://www.morpo.com/robert/uno/1400/" "Mozilla/4.0 (compatible; MSIE 5.5; Windows 98; sureseeker.com; YComp 5.0.2.4)"
66.50.83.241 - - [13/Oct/2003:20:38:14 -0400] "GET /movies/amazon.php HTTP/1.1" 200 660 "-" "Mozilla/4.0 (compatible; MSIE 6.0; Windows NT 5.1; FunWebProducts)"
66.50.83.241 - - [13/Oct/2003:20:39:21 -0400] "GET /movies/amazon.php HTTP/1.1" 200 660 "-" "Mozilla/4.0 (compatible; MSIE 6.0; Windows NT 5.1; FunWebProducts)"
66.50.83.241 - - [13/Oct/2003:20:40:25 -0400] "GET /movies/amazon.php HTTP/1.1" 200 660 "-" "Mozilla/4.0 (compatible; MSIE 6.0; Windows NT 5.1; FunWebProducts)"
66.50.83.241 - - [13/Oct/2003:20:41:29 -0400] "GET /movies/amazon.php HTTP/1.1" 200 660 "-" "Mozilla/4.0 (compatible; MSIE 6.0; Windows NT 5.1; FunWebProducts)"
66.50.83.241 - - [13/Oct/2003:20:42:35 -0400] "GET /movies/amazon.php HTTP/1.1" 200 660 "-" "Mozilla/4.0 (compatible; MSIE 6.0; Windows NT 5.1; FunWebProducts)"
68.13.22.113 - - [13/Oct/2003:20:43:34 -0400] "GET /robert/uno/1400/ HTTP/1.1" 200 7338 "http://www.morpo.com/robert/uno/unonavbar.htm" "Mozilla/4.0 (compatible; MSIE 6.0; Windows NT 5.1)"
68.13.22.113 - - [13/Oct/2003:20:43:34 -0400] "GET /robert/uno/style.css HTTP/1.1" 304 - "http://www.morpo.com/robert/uno/1400/" "Mozilla/4.0 (compatible; MSIE 6.0; Windows NT 5.1)"
66.50.83.241 - - [13/Oct/2003:20:43:39 -0400] "GET /movies/amazon.php HTTP/1.1" 200 660 "-" "Mozilla/4.0 (compatible; MSIE 6.0; Windows NT 5.1; FunWebProducts)"
68.13.22.113 - - [13/Oct/2003:20:43:49 -0400] "GET /robert/uno/1400/getslides.php HTTP/1.1" 200 14447 "http://www.morpo.com/robert/uno/1400/" "Mozilla/4.0 (compatible; MSIE 6.0; Windows NT 5.1)"
68.13.22.113 - - [13/Oct/2003:20:43:49 -0400] "GET /robert/uno/style.css HTTP/1.1" 304 - "http://www.morpo.com/robert/uno/1400/getslides.php" "Mozilla/4.0 (compatible; MSIE 6.0; Windows NT 5.1)"
66.196.72.26 - - [13/Oct/2003:20:44:25 -0400] "GET /v2i2/rains.html HTTP/1.0" 404 10208 "-" "Mozilla/5.0 (Slurp/cat; slurp@inktomi.com; http://www.inktomi.com/slurp.html)"
66.50.83.241 - - [13/Oct/2003:20:44:43 -0400] "GET /movies/amazon.php HTTP/1.1" 200 660 "-" "Mozilla/4.0 (compatible; MSIE 6.0; Windows NT 5.1; FunWebProducts)"
68.106.212.208 - - [13/Oct/2003:20:44:46 -0400] "GET /robert/uno/2850/rss.php HTTP/1.1" 200 15756 "-" "Feedreader"
68.106.212.208 - - [13/Oct/2003:20:44:47 -0400] "GET /robert/uno/1400/rss.php HTTP/1.1" 200 22815 "-" "Feedreader"
66.50.83.241 - - [13/Oct/2003:20:45:47 -0400] "GET /movies/amazon.php HTTP/1.1" 200 660 "-" "Mozilla/4.0 (compatible; MSIE 6.0; Windows NT 5.1; FunWebProducts)"
66.50.83.241 - - [13/Oct/2003:20:46:51 -0400] "GET /movies/amazon.php HTTP/1.1" 200 660 "-" "Mozilla/4.0 (compatible; MSIE 6.0; Windows NT 5.1; FunWebProducts)"
204.26.108.119 - - [13/Oct/2003:20:47:31 -0400] "GET /robert HTTP/1.1" 301 314 "-" "Mozilla/4.0 (compatible; MSIE 6.0; Windows NT 5.1)"
204.26.108.119 - - [13/Oct/2003:20:47:31 -0400] "GET /robert/ HTTP/1.1" 200 440 "-" "Mozilla/4.0 (compatible; MSIE 6.0; Windows NT 5.1)"
204.26.108.119 - - [13/Oct/2003:20:47:31 -0400] "GET /robert/topnavbar.php HTTP/1.1" 200 1097 "http://www.morpo.com/robert/" "Mozilla/4.0 (compatible; MSIE 6.0; Windows NT 5.1)"
204.26.108.119 - - [13/Oct/2003:20:47:31 -0400] "GET /robert/splashpage.htm HTTP/1.1" 200 2783 "http://www.morpo.com/robert/" "Mozilla/4.0 (compatible; MSIE 6.0; Windows NT 5.1)"
204.26.108.119 - - [13/Oct/2003:20:47:32 -0400] "GET /robert/images/sun2.jpg HTTP/1.1" 200 9608 "http://www.morpo.com/robert/splashpage.htm" "Mozilla/4.0 (compatible; MSIE 6.0; Windows NT 5.1)"
204.26.108.119 - - [13/Oct/2003:20:47:32 -0400] "GET /robert/images/bobself.jpg HTTP/1.1" 200 11362 "http://www.morpo.com/robert/splashpage.htm" "Mozilla/4.0 (compatible; MSIE 6.0; Windows NT 5.1)"
204.26.108.119 - - [13/Oct/2003:20:47:34 -0400] "GET /robert/uno/ HTTP/1.1" 200 474 "http://www.morpo.com/robert/topnavbar.php" "Mozilla/4.0 (compatible; MSIE 6.0; Windows NT 5.1)"
204.26.108.119 - - [13/Oct/2003:20:47:34 -0400] "GET /robert/uno/unosplash.htm HTTP/1.1" 200 547 "http://www.morpo.com/robert/uno/" "Mozilla/4.0 (compatible; MSIE 6.0; Windows NT 5.1)"
204.26.108.119 - - [13/Oct/2003:20:47:34 -0400] "GET /robert/uno/unonavbar.htm HTTP/1.1" 200 793 "http://www.morpo.com/robert/uno/" "Mozilla/4.0 (compatible; MSIE 6.0; Windows NT 5.1)"
204.26.108.119 - - [13/Oct/2003:20:47:36 -0400] "GET /robert/uno/1400/ HTTP/1.1" 200 7338 "http://www.morpo.com/robert/uno/unonavbar.htm" "Mozilla/4.0 (compatible; MSIE 6.0; Windows NT 5.1)"
204.26.108.119 - - [13/Oct/2003:20:47:36 -0400] "GET /robert/uno/style.css HTTP/1.1" 200 5266 "http://www.morpo.com/robert/uno/1400/" "Mozilla/4.0 (compatible; MSIE 6.0; Windows NT 5.1)"
204.26.108.119 - - [13/Oct/2003:20:47:36 -0400] "GET /robert/uno/images/xml.gif HTTP/1.1" 200 116 "http://www.morpo.com/robert/uno/1400/" "Mozilla/4.0 (compatible; MSIE 6.0; Windows NT 5.1)"
204.26.108.119 - - [13/Oct/2003:20:47:47 -0400] "GET /robert/uno/grades/03031400001.htm HTTP/1.1" 200 489865 "http://www.morpo.com/robert/uno/1400/" "Mozilla/4.0 (compatible; MSIE 6.0; Windows NT 5.1)"
66.50.83.241 - - [13/Oct/2003:20:47:54 -0400] "GET /movies/amazon.php HTTP/1.1" 200 660 "-" "Mozilla/4.0 (compatible; MSIE 6.0; Windows NT 5.1; FunWebProducts)"
66.50.83.241 - - [13/Oct/2003:20:48:58 -0400] "GET /movies/amazon.php HTTP/1.1" 200 660 "-" "Mozilla/4.0 (compatible; MSIE 6.0; Windows NT 5.1; FunWebProducts)"
66.50.83.241 - - [13/Oct/2003:20:50:04 -0400] "GET /movies/amazon.php HTTP/1.1" 200 660 "-" "Mozilla/4.0 (compatible; MSIE 6.0; Windows NT 5.1; FunWebProducts)"
66.50.83.241 - - [13/Oct/2003:20:51:10 -0400] "GET /movies/amazon.php HTTP/1.1" 200 660 "-" "Mozilla/4.0 (compatible; MSIE 6.0; Windows NT 5.1; FunWebProducts)"
66.50.83.241 - - [13/Oct/2003:20:52:14 -0400] "GET /movies/amazon.php HTTP/1.1" 200 660 "-" "Mozilla/4.0 (compatible; MSIE 6.0; Windows NT 5.1; FunWebProducts)"
66.50.83.241 - - [13/Oct/2003:20:53:17 -0400] "GET /movies/amazon.php HTTP/1.1" 200 660 "-" "Mozilla/4.0 (compatible; MSIE 6.0; Windows NT 5.1; FunWebProducts)"
66.50.83.241 - - [13/Oct/2003:20:54:21 -0400] "GET /movies/amazon.php HTTP/1.1" 200 660 "-" "Mozilla/4.0 (compatible; MSIE 6.0; Windows NT 5.1; FunWebProducts)"
66.50.83.241 - - [13/Oct/2003:20:55:26 -0400] "GET /movies/amazon.php HTTP/1.1" 200 660 "-" "Mozilla/4.0 (compatible; MSIE 6.0; Windows NT 5.1; FunWebProducts)"
68.13.27.234 - - [13/Oct/2003:20:56:22 -0400] "GET /robert/ HTTP/1.1" 304 - "-" "Mozilla/4.0 (compatible; MSIE 6.0; Windows NT 5.1; .NET CLR 1.0.3705)"
68.13.27.234 - - [13/Oct/2003:20:56:22 -0400] "GET /robert/topnavbar.php HTTP/1.1" 200 1097 "http://morpo.com/robert/" "Mozilla/4.0 (compatible; MSIE 6.0; Windows NT 5.1; .NET CLR 1.0.3705)"
68.13.27.234 - - [13/Oct/2003:20:56:22 -0400] "GET /robert/splashpage.htm HTTP/1.1" 304 - "http://morpo.com/robert/" "Mozilla/4.0 (compatible; MSIE 6.0; Windows NT 5.1; .NET CLR 1.0.3705)"
68.13.27.234 - - [13/Oct/2003:20:56:22 -0400] "GET /robert/images/sun2.jpg HTTP/1.1" 304 - "http://morpo.com/robert/splashpage.htm" "Mozilla/4.0 (compatible; MSIE 6.0; Windows NT 5.1; .NET CLR 1.0.3705)"
68.13.27.234 - - [13/Oct/2003:20:56:22 -0400] "GET /robert/images/bobself.jpg HTTP/1.1" 304 - "http://morpo.com/robert/splashpage.htm" "Mozilla/4.0 (compatible; MSIE 6.0; Windows NT 5.1; .NET CLR 1.0.3705)"
68.13.27.234 - - [13/Oct/2003:20:56:25 -0400] "GET /robert/uno/ HTTP/1.1" 200 474 "http://morpo.com/robert/topnavbar.php" "Mozilla/4.0 (compatible; MSIE 6.0; Windows NT 5.1; .NET CLR 1.0.3705)"
68.13.27.234 - - [13/Oct/2003:20:56:25 -0400] "GET /robert/uno/unosplash.htm HTTP/1.1" 304 - "http://morpo.com/robert/uno/" "Mozilla/4.0 (compatible; MSIE 6.0; Windows NT 5.1; .NET CLR 1.0.3705)"
68.13.27.234 - - [13/Oct/2003:20:56:25 -0400] "GET /robert/uno/unonavbar.htm HTTP/1.1" 304 - "http://morpo.com/robert/uno/" "Mozilla/4.0 (compatible; MSIE 6.0; Windows NT 5.1; .NET CLR 1.0.3705)"
68.13.27.234 - - [13/Oct/2003:20:56:26 -0400] "GET /robert/uno/1400/ HTTP/1.1" 200 7338 "http://morpo.com/robert/uno/unonavbar.htm" "Mozilla/4.0 (compatible; MSIE 6.0; Windows NT 5.1; .NET CLR 1.0.3705)"
68.13.27.234 - - [13/Oct/2003:20:56:27 -0400] "GET /robert/uno/style.css HTTP/1.1" 304 - "http://morpo.com/robert/uno/1400/" "Mozilla/4.0 (compatible; MSIE 6.0; Windows NT 5.1; .NET CLR 1.0.3705)"
68.13.27.234 - - [13/Oct/2003:20:56:27 -0400] "GET /robert/uno/images/xml.gif HTTP/1.1" 304 - "http://morpo.com/robert/uno/1400/" "Mozilla/4.0 (compatible; MSIE 6.0; Windows NT 5.1; .NET CLR 1.0.3705)"
68.13.27.234 - - [13/Oct/2003:20:56:29 -0400] "GET /robert/uno/grades/03031400001.htm HTTP/1.1" 304 - "http://morpo.com/robert/uno/1400/" "Mozilla/4.0 (compatible; MSIE 6.0; Windows NT 5.1; .NET CLR 1.0.3705)"
66.50.83.241 - - [13/Oct/2003:20:56:30 -0400] "GET /movies/amazon.php HTTP/1.1" 200 660 "-" "Mozilla/4.0 (compatible; MSIE 6.0; Windows NT 5.1; FunWebProducts)"
68.13.27.234 - - [13/Oct/2003:20:56:48 -0400] "GET /robert/uno/1400/ HTTP/1.1" 200 7338 "http://morpo.com/robert/uno/unonavbar.htm" "Mozilla/4.0 (compatible; MSIE 6.0; Windows NT 5.1; .NET CLR 1.0.3705)"
66.50.83.241 - - [13/Oct/2003:20:57:38 -0400] "GET /movies/amazon.php HTTP/1.1" 200 660 "-" "Mozilla/4.0 (compatible; MSIE 6.0; Windows NT 5.1; FunWebProducts)"
66.50.83.241 - - [13/Oct/2003:20:58:42 -0400] "GET /movies/amazon.php HTTP/1.1" 200 660 "-" "Mozilla/4.0 (compatible; MSIE 6.0; Windows NT 5.1; FunWebProducts)"
66.50.83.241 - - [13/Oct/2003:20:59:48 -0400] "GET /movies/amazon.php HTTP/1.1" 200 660 "-" "Mozilla/4.0 (compatible; MSIE 6.0; Windows NT 5.1; FunWebProducts)"
68.106.212.208 - - [13/Oct/2003:20:59:55 -0400] "GET /robert/uno/2850/rss.php HTTP/1.1" 200 15756 "-" "Feedreader"
68.106.212.208 - - [13/Oct/2003:20:59:55 -0400] "GET /robert/uno/1400/rss.php HTTP/1.1" 200 22815 "-" "Feedreader"
66.50.83.241 - - [13/Oct/2003:21:00:52 -0400] "GET /movies/amazon.php HTTP/1.1" 200 660 "-" "Mozilla/4.0 (compatible; MSIE 6.0; Windows NT 5.1; FunWebProducts)"
66.50.83.241 - - [13/Oct/2003:21:01:58 -0400] "GET /movies/amazon.php HTTP/1.1" 200 660 "-" "Mozilla/4.0 (compatible; MSIE 6.0; Windows NT 5.1; FunWebProducts)"
66.50.83.241 - - [13/Oct/2003:21:03:01 -0400] "GET /movies/amazon.php HTTP/1.1" 200 660 "-" "Mozilla/4.0 (compatible; MSIE 6.0; Windows NT 5.1; FunWebProducts)"
68.13.22.113 - - [13/Oct/2003:21:04:29 -0400] "GET /robert/uno/1400/docs/0110306.pdf HTTP/1.1" 304 - "http://www.morpo.com/robert/uno/1400/getslides.php" "Mozilla/4.0 (compatible; MSIE 6.0; Windows NT 5.1)"
68.13.22.113 - - [13/Oct/2003:21:04:38 -0400] "GET /robert/uno/1400/docs/0100206.pdf HTTP/1.1" 304 - "http://www.morpo.com/robert/uno/1400/getslides.php" "Mozilla/4.0 (compatible; MSIE 6.0; Windows NT 5.1)"
192.187.143.2 - - [13/Oct/2003:21:08:05 -0400] "HEAD /subscribe.php HTTP/1.0" 200 0 "-" "vspider"
192.187.143.2 - - [13/Oct/2003:21:08:05 -0400] "GET /subscribe.php HTTP/1.0" 200 5792 "-" "vspider"
68.13.7.218 - - [13/Oct/2003:21:08:38 -0400] "GET /robert HTTP/1.1" 301 314 "-" "Mozilla/4.0 (compatible; MSIE 6.0; Windows NT 5.1)"
68.13.7.218 - - [13/Oct/2003:21:08:38 -0400] "GET /robert/ HTTP/1.1" 304 - "-" "Mozilla/4.0 (compatible; MSIE 6.0; Windows NT 5.1)"
68.13.7.218 - - [13/Oct/2003:21:08:38 -0400] "GET /robert/topnavbar.php HTTP/1.1" 200 1097 "-" "Mozilla/4.0 (compatible; MSIE 6.0; Windows NT 5.1)"
68.13.7.218 - - [13/Oct/2003:21:08:38 -0400] "GET /robert/splashpage.htm HTTP/1.1" 304 - "-" "Mozilla/4.0 (compatible; MSIE 6.0; Windows NT 5.1)"
68.13.7.218 - - [13/Oct/2003:21:08:38 -0400] "GET /robert/images/sun2.jpg HTTP/1.1" 304 - "-" "Mozilla/4.0 (compatible; MSIE 6.0; Windows NT 5.1)"
68.13.7.218 - - [13/Oct/2003:21:08:38 -0400] "GET /robert/images/bobself.jpg HTTP/1.1" 304 - "-" "Mozilla/4.0 (compatible; MSIE 6.0; Windows NT 5.1)"
68.13.27.234 - - [13/Oct/2003:21:10:54 -0400] "GET /robert/ HTTP/1.1" 304 - "-" "Mozilla/4.0 (compatible; MSIE 6.0; Windows NT 5.1; .NET CLR 1.0.3705)"
68.13.27.234 - - [13/Oct/2003:21:10:54 -0400] "GET /robert/topnavbar.php HTTP/1.1" 200 1097 "http://morpo.com/robert/" "Mozilla/4.0 (compatible; MSIE 6.0; Windows NT 5.1; .NET CLR 1.0.3705)"
68.13.27.234 - - [13/Oct/2003:21:10:54 -0400] "GET /robert/splashpage.htm HTTP/1.1" 304 - "http://morpo.com/robert/" "Mozilla/4.0 (compatible; MSIE 6.0; Windows NT 5.1; .NET CLR 1.0.3705)"
68.13.27.234 - - [13/Oct/2003:21:10:54 -0400] "GET /robert/images/sun2.jpg HTTP/1.1" 304 - "http://morpo.com/robert/splashpage.htm" "Mozilla/4.0 (compatible; MSIE 6.0; Windows NT 5.1; .NET CLR 1.0.3705)"
68.13.27.234 - - [13/Oct/2003:21:10:54 -0400] "GET /robert/images/bobself.jpg HTTP/1.1" 304 - "http://morpo.com/robert/splashpage.htm" "Mozilla/4.0 (compatible; MSIE 6.0; Windows NT 5.1; .NET CLR 1.0.3705)"
68.13.27.234 - - [13/Oct/2003:21:10:56 -0400] "GET /robert/uno/ HTTP/1.1" 200 474 "http://morpo.com/robert/topnavbar.php" "Mozilla/4.0 (compatible; MSIE 6.0; Windows NT 5.1; .NET CLR 1.0.3705)"
68.13.27.234 - - [13/Oct/2003:21:10:56 -0400] "GET /robert/uno/unosplash.htm HTTP/1.1" 304 - "http://morpo.com/robert/uno/" "Mozilla/4.0 (compatible; MSIE 6.0; Windows NT 5.1; .NET CLR 1.0.3705)"
68.13.27.234 - - [13/Oct/2003:21:10:56 -0400] "GET /robert/uno/unonavbar.htm HTTP/1.1" 304 - "http://morpo.com/robert/uno/" "Mozilla/4.0 (compatible; MSIE 6.0; Windows NT 5.1; .NET CLR 1.0.3705)"
68.13.7.218 - - [13/Oct/2003:21:10:57 -0400] "GET /robert/uno/ HTTP/1.1" 200 474 "-" "Mozilla/4.0 (compatible; MSIE 6.0; Windows NT 5.1)"
68.13.7.218 - - [13/Oct/2003:21:10:58 -0400] "GET /robert/uno/unosplash.htm HTTP/1.1" 304 - "-" "Mozilla/4.0 (compatible; MSIE 6.0; Windows NT 5.1)"
68.13.7.218 - - [13/Oct/2003:21:10:58 -0400] "GET /robert/uno/unonavbar.htm HTTP/1.1" 304 - "-" "Mozilla/4.0 (compatible; MSIE 6.0; Windows NT 5.1)"
68.13.27.234 - - [13/Oct/2003:21:10:58 -0400] "GET /robert/uno/1400/ HTTP/1.1" 200 7338 "http://morpo.com/robert/uno/unonavbar.htm" "Mozilla/4.0 (compatible; MSIE 6.0; Windows NT 5.1; .NET CLR 1.0.3705)"
68.13.27.234 - - [13/Oct/2003:21:10:58 -0400] "GET /robert/uno/images/xml.gif HTTP/1.1" 304 - "http://morpo.com/robert/uno/1400/" "Mozilla/4.0 (compatible; MSIE 6.0; Windows NT 5.1; .NET CLR 1.0.3705)"
68.13.27.234 - - [13/Oct/2003:21:10:58 -0400] "GET /robert/uno/style.css HTTP/1.1" 304 - "http://morpo.com/robert/uno/1400/" "Mozilla/4.0 (compatible; MSIE 6.0; Windows NT 5.1; .NET CLR 1.0.3705)"
68.13.7.218 - - [13/Oct/2003:21:11:00 -0400] "GET /robert/uno/1400/ HTTP/1.1" 200 7338 "-" "Mozilla/4.0 (compatible; MSIE 6.0; Windows NT 5.1)"
68.13.7.218 - - [13/Oct/2003:21:11:00 -0400] "GET /robert/uno/style.css HTTP/1.1" 304 - "-" "Mozilla/4.0 (compatible; MSIE 6.0; Windows NT 5.1)"
68.13.7.218 - - [13/Oct/2003:21:11:00 -0400] "GET /robert/uno/images/xml.gif HTTP/1.1" 304 - "-" "Mozilla/4.0 (compatible; MSIE 6.0; Windows NT 5.1)"
68.13.27.234 - - [13/Oct/2003:21:11:01 -0400] "GET /robert/uno/1400/getslides.php HTTP/1.1" 200 14447 "http://morpo.com/robert/uno/1400/" "Mozilla/4.0 (compatible; MSIE 6.0; Windows NT 5.1; .NET CLR 1.0.3705)"
68.13.27.234 - - [13/Oct/2003:21:11:04 -0400] "GET /robert/uno/1400/docs/0190303.pdf HTTP/1.1" 200 36716 "http://morpo.com/robert/uno/1400/getslides.php" "Mozilla/4.0 (compatible; MSIE 6.0; Windows NT 5.1; .NET CLR 1.0.3705)"
68.13.7.218 - - [13/Oct/2003:21:11:04 -0400] "GET /robert/uno/1400/getslides.php HTTP/1.1" 200 14447 "-" "Mozilla/4.0 (compatible; MSIE 6.0; Windows NT 5.1)"
68.13.27.234 - - [13/Oct/2003:21:11:05 -0400] "GET /robert/uno/1400/docs/0190303.pdf HTTP/1.1" 206 32751 "-" "Mozilla/4.0 (compatible; MSIE 6.0; Windows NT 5.1; .NET CLR 1.0.3705)"
68.13.7.218 - - [13/Oct/2003:21:11:13 -0400] "GET /robert/uno/1400/docs/0080206.pdf HTTP/1.1" 304 - "-" "Mozilla/4.0 (compatible; MSIE 6.0; Windows NT 5.1)"
68.13.27.234 - - [13/Oct/2003:21:11:19 -0400] "GET /robert/uno/1400/docs/0170303.pdf HTTP/1.1" 206 31653 "http://morpo.com/robert/uno/1400/getslides.php" "Mozilla/4.0 (compatible; MSIE 6.0; Windows NT 5.1; .NET CLR 1.0.3705)"
68.13.27.234 - - [13/Oct/2003:21:11:19 -0400] "GET /robert/uno/1400/docs/0170303.pdf HTTP/1.1" 206 21432 "-" "Mozilla/4.0 (compatible; MSIE 6.0; Windows NT 5.1; .NET CLR 1.0.3705)"
68.13.27.234 - - [13/Oct/2003:21:11:19 -0400] "GET /robert/uno/1400/docs/0170303.pdf HTTP/1.1" 206 34997 "-" "Mozilla/4.0 (compatible; MSIE 6.0; Windows NT 5.1; .NET CLR 1.0.3705)"
68.13.27.234 - - [13/Oct/2003:21:11:30 -0400] "GET /robert/uno/1400/docs/0160303.pdf HTTP/1.1" 206 27277 "http://morpo.com/robert/uno/1400/getslides.php" "Mozilla/4.0 (compatible; MSIE 6.0; Windows NT 5.1; .NET CLR 1.0.3705)"
68.13.27.234 - - [13/Oct/2003:21:11:30 -0400] "GET /robert/uno/1400/docs/0160303.pdf HTTP/1.1" 206 21432 "-" "Mozilla/4.0 (compatible; MSIE 6.0; Windows NT 5.1; .NET CLR 1.0.3705)"
68.13.27.234 - - [13/Oct/2003:21:11:31 -0400] "GET /robert/uno/1400/docs/0160303.pdf HTTP/1.1" 206 23342 "-" "Mozilla/4.0 (compatible; MSIE 6.0; Windows NT 5.1; .NET CLR 1.0.3705)"
68.13.7.218 - - [13/Oct/2003:21:11:40 -0400] "GET /robert/uno/1400/docs/0130306.pdf HTTP/1.1" 304 - "-" "Mozilla/4.0 (compatible; MSIE 6.0; Windows NT 5.1)"
68.13.27.234 - - [13/Oct/2003:21:12:13 -0400] "GET /robert/uno/1400/docs/0150303.pdf HTTP/1.1" 304 - "http://morpo.com/robert/uno/1400/getslides.php" "Mozilla/4.0 (compatible; MSIE 6.0; Windows NT 5.1; .NET CLR 1.0.3705)"
68.13.27.234 - - [13/Oct/2003:21:12:29 -0400] "GET /robert/uno/1400/docs/0140303.pdf HTTP/1.1" 200 37545 "http://morpo.com/robert/uno/1400/getslides.php" "Mozilla/4.0 (compatible; MSIE 6.0; Windows NT 5.1; .NET CLR 1.0.3705)"
68.13.27.234 - - [13/Oct/2003:21:12:29 -0400] "GET /robert/uno/1400/docs/0140303.pdf HTTP/1.1" 206 21432 "-" "Mozilla/4.0 (compatible; MSIE 6.0; Windows NT 5.1; .NET CLR 1.0.3705)"
68.13.27.234 - - [13/Oct/2003:21:12:30 -0400] "GET /robert/uno/1400/docs/0140303.pdf HTTP/1.1" 206 42566 "-" "Mozilla/4.0 (compatible; MSIE 6.0; Windows NT 5.1; .NET CLR 1.0.3705)"
68.13.7.218 - - [13/Oct/2003:21:14:24 -0400] "GET /robert/uno/1400/docs/0190306.pdf HTTP/1.1" 200 35612 "-" "Mozilla/4.0 (compatible; MSIE 6.0; Windows NT 5.1)"
68.13.7.218 - - [13/Oct/2003:21:14:25 -0400] "GET /robert/uno/1400/docs/0190306.pdf HTTP/1.1" 206 27420 "-" "Mozilla/4.0 (compatible; MSIE 6.0; Windows NT 5.1)"
68.106.212.208 - - [13/Oct/2003:21:15:11 -0400] "GET /robert/uno/2850/rss.php HTTP/1.1" 200 15756 "-" "Feedreader"
68.106.212.208 - - [13/Oct/2003:21:15:11 -0400] "GET /robert/uno/1400/rss.php HTTP/1.1" 200 22815 "-" "Feedreader"
66.196.65.34 - - [13/Oct/2003:21:15:48 -0400] "GET /robots.txt HTTP/1.0" 200 97 "-" "Mozilla/5.0 (Slurp/si; slurp@inktomi.com; http://www.inktomi.com/slurp.html)"
137.48.130.14 - - [13/Oct/2003:21:18:03 -0400] "GET / HTTP/1.1" 200 6154 "-" "Mozilla/4.0 (compatible; MSIE 6.0; Windows NT 5.1; .NET CLR 1.1.4322)"
137.48.130.14 - - [13/Oct/2003:21:18:03 -0400] "GET /common/styles.css HTTP/1.1" 200 1450 "http://www.morpo.com" "Mozilla/4.0 (compatible; MSIE 6.0; Windows NT 5.1; .NET CLR 1.1.4322)"
137.48.130.14 - - [13/Oct/2003:21:18:03 -0400] "GET /images/m4.jpg HTTP/1.1" 200 8853 "http://www.morpo.com" "Mozilla/4.0 (compatible; MSIE 6.0; Windows NT 5.1; .NET CLR 1.1.4322)"
137.48.130.14 - - [13/Oct/2003:21:18:07 -0400] "GET /robert/ HTTP/1.1" 200 440 "http://www.morpo.com" "Mozilla/4.0 (compatible; MSIE 6.0; Windows NT 5.1; .NET CLR 1.1.4322)"
137.48.130.14 - - [13/Oct/2003:21:18:07 -0400] "GET /robert/topnavbar.php HTTP/1.1" 200 1097 "http://morpo.com/robert/" "Mozilla/4.0 (compatible; MSIE 6.0; Windows NT 5.1; .NET CLR 1.1.4322)"
137.48.130.14 - - [13/Oct/2003:21:18:07 -0400] "GET /robert/splashpage.htm HTTP/1.1" 200 2783 "http://morpo.com/robert/" "Mozilla/4.0 (compatible; MSIE 6.0; Windows NT 5.1; .NET CLR 1.1.4322)"
137.48.130.14 - - [13/Oct/2003:21:18:07 -0400] "GET /robert/images/sun2.jpg HTTP/1.1" 200 9608 "http://morpo.com/robert/splashpage.htm" "Mozilla/4.0 (compatible; MSIE 6.0; Windows NT 5.1; .NET CLR 1.1.4322)"
137.48.130.14 - - [13/Oct/2003:21:18:07 -0400] "GET /robert/images/bobself.jpg HTTP/1.1" 200 11362 "http://morpo.com/robert/splashpage.htm" "Mozilla/4.0 (compatible; MSIE 6.0; Windows NT 5.1; .NET CLR 1.1.4322)"
137.48.130.14 - - [13/Oct/2003:21:18:09 -0400] "GET /robert/uno/ HTTP/1.1" 200 474 "http://morpo.com/robert/topnavbar.php" "Mozilla/4.0 (compatible; MSIE 6.0; Windows NT 5.1; .NET CLR 1.1.4322)"
137.48.130.14 - - [13/Oct/2003:21:18:09 -0400] "GET /robert/uno/unonavbar.htm HTTP/1.1" 200 793 "http://morpo.com/robert/uno/" "Mozilla/4.0 (compatible; MSIE 6.0; Windows NT 5.1; .NET CLR 1.1.4322)"
137.48.130.14 - - [13/Oct/2003:21:18:09 -0400] "GET /robert/uno/unosplash.htm HTTP/1.1" 200 547 "http://morpo.com/robert/uno/" "Mozilla/4.0 (compatible; MSIE 6.0; Windows NT 5.1; .NET CLR 1.1.4322)"
137.48.130.14 - - [13/Oct/2003:21:18:11 -0400] "GET /robert/uno/1400/ HTTP/1.1" 200 7338 "http://morpo.com/robert/uno/unonavbar.htm" "Mozilla/4.0 (compatible; MSIE 6.0; Windows NT 5.1; .NET CLR 1.1.4322)"
137.48.130.14 - - [13/Oct/2003:21:18:11 -0400] "GET /robert/uno/style.css HTTP/1.1" 200 5266 "http://morpo.com/robert/uno/1400/" "Mozilla/4.0 (compatible; MSIE 6.0; Windows NT 5.1; .NET CLR 1.1.4322)"
137.48.130.14 - - [13/Oct/2003:21:18:12 -0400] "GET /robert/uno/images/xml.gif HTTP/1.1" 200 116 "http://morpo.com/robert/uno/1400/" "Mozilla/4.0 (compatible; MSIE 6.0; Windows NT 5.1; .NET CLR 1.1.4322)"
68.13.157.173 - - [13/Oct/2003:21:18:40 -0400] "GET /robert/ HTTP/1.1" 304 - "http://myuno.unomaha.edu/bin/common/announcement.pl?action=LIST&context=course_entry&course_id=_82410_1&render_type=DEFAULT" "Mozilla/4.0 (compatible; MSIE 6.0; Windows 98; Win 9x 4.90; Cox High Speed Internet Customer)"
68.13.157.173 - - [13/Oct/2003:21:18:40 -0400] "GET /robert/topnavbar.php HTTP/1.1" 200 1097 "http://morpo.com/robert/" "Mozilla/4.0 (compatible; MSIE 6.0; Windows 98; Win 9x 4.90; Cox High Speed Internet Customer)"
68.13.157.173 - - [13/Oct/2003:21:18:40 -0400] "GET /robert/splashpage.htm HTTP/1.1" 304 - "http://morpo.com/robert/" "Mozilla/4.0 (compatible; MSIE 6.0; Windows 98; Win 9x 4.90; Cox High Speed Internet Customer)"
68.13.157.173 - - [13/Oct/2003:21:18:41 -0400] "GET /robert/images/sun2.jpg HTTP/1.1" 304 - "http://morpo.com/robert/splashpage.htm" "Mozilla/4.0 (compatible; MSIE 6.0; Windows 98; Win 9x 4.90; Cox High Speed Internet Customer)"
68.13.157.173 - - [13/Oct/2003:21:18:41 -0400] "GET /robert/images/bobself.jpg HTTP/1.1" 304 - "http://morpo.com/robert/splashpage.htm" "Mozilla/4.0 (compatible; MSIE 6.0; Windows 98; Win 9x 4.90; Cox High Speed Internet Customer)"
68.13.157.173 - - [13/Oct/2003:21:18:43 -0400] "GET /robert/uno/ HTTP/1.1" 200 474 "http://morpo.com/robert/topnavbar.php" "Mozilla/4.0 (compatible; MSIE 6.0; Windows 98; Win 9x 4.90; Cox High Speed Internet Customer)"
68.13.157.173 - - [13/Oct/2003:21:18:43 -0400] "GET /robert/uno/unosplash.htm HTTP/1.1" 304 - "http://morpo.com/robert/uno/" "Mozilla/4.0 (compatible; MSIE 6.0; Windows 98; Win 9x 4.90; Cox High Speed Internet Customer)"
68.13.157.173 - - [13/Oct/2003:21:18:43 -0400] "GET /robert/uno/unonavbar.htm HTTP/1.1" 304 - "http://morpo.com/robert/uno/" "Mozilla/4.0 (compatible; MSIE 6.0; Windows 98; Win 9x 4.90; Cox High Speed Internet Customer)"
137.48.130.14 - - [13/Oct/2003:21:18:44 -0400] "GET /robert/uno/1400/getslides.php HTTP/1.1" 200 14447 "http://morpo.com/robert/uno/1400/" "Mozilla/4.0 (compatible; MSIE 6.0; Windows NT 5.1; .NET CLR 1.1.4322)"
68.13.157.173 - - [13/Oct/2003:21:18:44 -0400] "GET /robert/uno/1400/ HTTP/1.1" 200 7338 "http://morpo.com/robert/uno/unonavbar.htm" "Mozilla/4.0 (compatible; MSIE 6.0; Windows 98; Win 9x 4.90; Cox High Speed Internet Customer)"
68.13.157.173 - - [13/Oct/2003:21:18:45 -0400] "GET /robert/uno/style.css HTTP/1.1" 304 - "http://morpo.com/robert/uno/1400/" "Mozilla/4.0 (compatible; MSIE 6.0; Windows 98; Win 9x 4.90; Cox High Speed Internet Customer)"
68.13.157.173 - - [13/Oct/2003:21:18:45 -0400] "GET /robert/uno/images/xml.gif HTTP/1.1" 304 - "http://morpo.com/robert/uno/1400/" "Mozilla/4.0 (compatible; MSIE 6.0; Windows 98; Win 9x 4.90; Cox High Speed Internet Customer)"
137.48.130.14 - - [13/Oct/2003:21:19:00 -0400] "GET /robert/uno/1400/docs/0190306.pdf HTTP/1.1" 200 28785 "http://morpo.com/robert/uno/1400/getslides.php" "Mozilla/4.0 (compatible; MSIE 6.0; Windows NT 5.1; .NET CLR 1.1.4322)"
137.48.130.14 - - [13/Oct/2003:21:19:00 -0400] "GET /robert/uno/1400/docs/0190306.pdf HTTP/1.1" 206 33107 "-" "Mozilla/4.0 (compatible; MSIE 6.0; Windows NT 5.1; .NET CLR 1.1.4322)"
68.13.157.173 - - [13/Oct/2003:21:19:03 -0400] "GET /robert/uno/1400/getslides.php HTTP/1.1" 200 14447 "http://morpo.com/robert/uno/1400/" "Mozilla/4.0 (compatible; MSIE 6.0; Windows 98; Win 9x 4.90; Cox High Speed Internet Customer)"
68.13.157.173 - - [13/Oct/2003:21:19:32 -0400] "GET /robert/uno/1400/getother.php HTTP/1.1" 200 5660 "http://morpo.com/robert/uno/1400/getslides.php" "Mozilla/4.0 (compatible; MSIE 6.0; Windows 98; Win 9x 4.90; Cox High Speed Internet Customer)"
68.13.157.173 - - [13/Oct/2003:21:19:42 -0400] "GET /robert/uno/1400/getnews.php HTTP/1.1" 200 19267 "http://morpo.com/robert/uno/1400/getother.php" "Mozilla/4.0 (compatible; MSIE 6.0; Windows 98; Win 9x 4.90; Cox High Speed Internet Customer)"
137.48.130.14 - - [13/Oct/2003:21:19:47 -0400] "GET /robert/uno/1400/docs/0200306.pdf HTTP/1.1" 200 12724 "http://morpo.com/robert/uno/1400/getslides.php" "Mozilla/4.0 (compatible; MSIE 6.0; Windows NT 5.1; .NET CLR 1.1.4322)"
137.48.130.14 - - [13/Oct/2003:21:19:47 -0400] "GET /robert/uno/1400/docs/0200306.pdf HTTP/1.1" 206 31471 "-" "Mozilla/4.0 (compatible; MSIE 6.0; Windows NT 5.1; .NET CLR 1.1.4322)"
68.13.157.173 - - [13/Oct/2003:21:19:49 -0400] "GET /robert/uno/1400/rss.php HTTP/1.1" 200 22815 "http://morpo.com/robert/uno/1400/getnews.php" "Mozilla/4.0 (compatible; MSIE 6.0; Windows 98; Win 9x 4.90; Cox High Speed Internet Customer)"
137.48.130.14 - - [13/Oct/2003:21:20:14 -0400] "GET /robert/uno/1400/docs/0190306.pdf HTTP/1.1" 304 - "http://morpo.com/robert/uno/1400/getslides.php" "Mozilla/4.0 (compatible; MSIE 6.0; Windows NT 5.1; .NET CLR 1.1.4322)"
137.48.130.14 - - [13/Oct/2003:21:20:30 -0400] "GET /robert/uno/1400/docs/0180306.pdf HTTP/1.1" 200 12725 "http://morpo.com/robert/uno/1400/getslides.php" "Mozilla/4.0 (compatible; MSIE 6.0; Windows NT 5.1; .NET CLR 1.1.4322)"
137.48.130.14 - - [13/Oct/2003:21:20:31 -0400] "GET /robert/uno/1400/docs/0180306.pdf HTTP/1.1" 206 30402 "-" "Mozilla/4.0 (compatible; MSIE 6.0; Windows NT 5.1; .NET CLR 1.1.4322)"
68.13.7.218 - - [13/Oct/2003:21:20:59 -0400] "GET /robert/uno/1400/docs/0190306.pdf HTTP/1.1" 304 - "-" "Mozilla/4.0 (compatible; MSIE 6.0; Windows NT 5.1)"
137.48.130.14 - - [13/Oct/2003:21:21:00 -0400] "GET /robert/uno/1400/docs/0170306.pdf HTTP/1.1" 200 12724 "http://morpo.com/robert/uno/1400/getslides.php" "Mozilla/4.0 (compatible; MSIE 6.0; Windows NT 5.1; .NET CLR 1.1.4322)"
137.48.130.14 - - [13/Oct/2003:21:21:00 -0400] "GET /robert/uno/1400/docs/0170306.pdf HTTP/1.1" 206 43650 "-" "Mozilla/4.0 (compatible; MSIE 6.0; Windows NT 5.1; .NET CLR 1.1.4322)"
